Archive member included to satisfy reference by file (symbol)

c:/progra~2/gnuarm~1/102021~1.10/bin/../lib/gcc/arm-none-eabi/10.3.1/../../../../arm-none-eabi/lib/thumb/v8-m.main+fp/softfp\libm.a(lib_a-wf_sqrt.o)
                              CMakeFiles/ping_client.dir/__/__/libraries/pico-sdk/src/rp2_common/pico_float/float_math.c.obj (sqrtf)
c:/progra~2/gnuarm~1/102021~1.10/bin/../lib/gcc/arm-none-eabi/10.3.1/../../../../arm-none-eabi/lib/thumb/v8-m.main+fp/softfp\libm.a(lib_a-ef_sqrt.o)
                              c:/progra~2/gnuarm~1/102021~1.10/bin/../lib/gcc/arm-none-eabi/10.3.1/../../../../arm-none-eabi/lib/thumb/v8-m.main+fp/softfp\libm.a(lib_a-wf_sqrt.o) (__ieee754_sqrtf)
c:/progra~2/gnuarm~1/102021~1.10/bin/../lib/gcc/arm-none-eabi/10.3.1/thumb/v8-m.main+fp/softfp\libgcc.a(_arm_addsubdf3.o)
                              CMakeFiles/ping_client.dir/__/__/libraries/pico-sdk/src/rp2_common/pico_float/float_math.c.obj (__aeabi_f2d)
c:/progra~2/gnuarm~1/102021~1.10/bin/../lib/gcc/arm-none-eabi/10.3.1/thumb/v8-m.main+fp/softfp\libgcc.a(_aeabi_ldivmod.o)
                              CMakeFiles/ping_client.dir/__/__/libraries/pico-sdk/src/common/pico_time/time.c.obj (__aeabi_ldivmod)
c:/progra~2/gnuarm~1/102021~1.10/bin/../lib/gcc/arm-none-eabi/10.3.1/thumb/v8-m.main+fp/softfp\libgcc.a(_aeabi_uldivmod.o)
                              CMakeFiles/ping_client.dir/__/__/libraries/pico-sdk/src/rp2_common/hardware_clocks/clocks.c.obj (__aeabi_uldivmod)
c:/progra~2/gnuarm~1/102021~1.10/bin/../lib/gcc/arm-none-eabi/10.3.1/thumb/v8-m.main+fp/softfp\libgcc.a(_udivmoddi4.o)
                              c:/progra~2/gnuarm~1/102021~1.10/bin/../lib/gcc/arm-none-eabi/10.3.1/thumb/v8-m.main+fp/softfp\libgcc.a(_aeabi_ldivmod.o) (__udivmoddi4)
c:/progra~2/gnuarm~1/102021~1.10/bin/../lib/gcc/arm-none-eabi/10.3.1/thumb/v8-m.main+fp/softfp\libgcc.a(_dvmd_tls.o)
                              c:/progra~2/gnuarm~1/102021~1.10/bin/../lib/gcc/arm-none-eabi/10.3.1/thumb/v8-m.main+fp/softfp\libgcc.a(_aeabi_ldivmod.o) (__aeabi_ldiv0)
c:/progra~2/gnuarm~1/102021~1.10/bin/../lib/gcc/arm-none-eabi/10.3.1/../../../../arm-none-eabi/lib/thumb/v8-m.main+fp/softfp\libg.a(lib_a-calloc.o)
                              CMakeFiles/ping_client.dir/__/__/libraries/pico-sdk/src/rp2_common/pico_malloc/malloc.c.obj (calloc)
c:/progra~2/gnuarm~1/102021~1.10/bin/../lib/gcc/arm-none-eabi/10.3.1/../../../../arm-none-eabi/lib/thumb/v8-m.main+fp/softfp\libg.a(lib_a-callocr.o)
                              c:/progra~2/gnuarm~1/102021~1.10/bin/../lib/gcc/arm-none-eabi/10.3.1/../../../../arm-none-eabi/lib/thumb/v8-m.main+fp/softfp\libg.a(lib_a-calloc.o) (_calloc_r)
c:/progra~2/gnuarm~1/102021~1.10/bin/../lib/gcc/arm-none-eabi/10.3.1/../../../../arm-none-eabi/lib/thumb/v8-m.main+fp/softfp\libg.a(lib_a-errno.o)
                              c:/progra~2/gnuarm~1/102021~1.10/bin/../lib/gcc/arm-none-eabi/10.3.1/../../../../arm-none-eabi/lib/thumb/v8-m.main+fp/softfp\libm.a(lib_a-wf_sqrt.o) (__errno)
c:/progra~2/gnuarm~1/102021~1.10/bin/../lib/gcc/arm-none-eabi/10.3.1/../../../../arm-none-eabi/lib/thumb/v8-m.main+fp/softfp\libg.a(lib_a-impure.o)
                              c:/progra~2/gnuarm~1/102021~1.10/bin/../lib/gcc/arm-none-eabi/10.3.1/../../../../arm-none-eabi/lib/thumb/v8-m.main+fp/softfp\libg.a(lib_a-calloc.o) (_impure_ptr)
c:/progra~2/gnuarm~1/102021~1.10/bin/../lib/gcc/arm-none-eabi/10.3.1/../../../../arm-none-eabi/lib/thumb/v8-m.main+fp/softfp\libg.a(lib_a-init.o)
                              c:/progra~2/gnuarm~1/102021~1.10/bin/../lib/gcc/arm-none-eabi/10.3.1/../../../../arm-none-eabi/lib/thumb/v8-m.main+fp/softfp/crt0.o (__libc_init_array)
c:/progra~2/gnuarm~1/102021~1.10/bin/../lib/gcc/arm-none-eabi/10.3.1/../../../../arm-none-eabi/lib/thumb/v8-m.main+fp/softfp\libg.a(lib_a-malloc.o)
                              CMakeFiles/ping_client.dir/__/__/libraries/pico-sdk/src/rp2_common/pico_malloc/malloc.c.obj (malloc)
c:/progra~2/gnuarm~1/102021~1.10/bin/../lib/gcc/arm-none-eabi/10.3.1/../../../../arm-none-eabi/lib/thumb/v8-m.main+fp/softfp\libg.a(lib_a-mallocr.o)
                              c:/progra~2/gnuarm~1/102021~1.10/bin/../lib/gcc/arm-none-eabi/10.3.1/../../../../arm-none-eabi/lib/thumb/v8-m.main+fp/softfp\libg.a(lib_a-callocr.o) (_malloc_r)
c:/progra~2/gnuarm~1/102021~1.10/bin/../lib/gcc/arm-none-eabi/10.3.1/../../../../arm-none-eabi/lib/thumb/v8-m.main+fp/softfp\libg.a(lib_a-memcmp.o)
                              CMakeFiles/ping_client.dir/__/__/libraries/pico-sdk/src/rp2_common/pico_atomic/atomic.c.obj (memcmp)
c:/progra~2/gnuarm~1/102021~1.10/bin/../lib/gcc/arm-none-eabi/10.3.1/../../../../arm-none-eabi/lib/thumb/v8-m.main+fp/softfp\libg.a(lib_a-memcpy.o)
                              CMakeFiles/ping_client.dir/ping_client.c.obj (memcpy)
c:/progra~2/gnuarm~1/102021~1.10/bin/../lib/gcc/arm-none-eabi/10.3.1/../../../../arm-none-eabi/lib/thumb/v8-m.main+fp/softfp\libg.a(lib_a-memset.o)
[...]
Memory Configuration

Name             Origin             Length             Attributes
FLASH            0x10000000         0x00400000         xr
RAM              0x20000000         0x00080000         xrw
SCRATCH_X        0x20080000         0x00001000         xrw
SCRATCH_Y        0x20081000         0x00001000         xrw
*default*        0x00000000         0xffffffff

Linker script and memory map

LOAD c:/progra~2/gnuarm~1/102021~1.10/bin/../lib/gcc/arm-none-eabi/10.3.1/thumb/v8-m.main+fp/softfp/crti.o
LOAD c:/progra~2/gnuarm~1/102021~1.10/bin/../lib/gcc/arm-none-eabi/10.3.1/thumb/v8-m.main+fp/softfp/crtbegin.o
LOAD c:/progra~2/gnuarm~1/102021~1.10/bin/../lib/gcc/arm-none-eabi/10.3.1/../../../../arm-none-eabi/lib/thumb/v8-m.main+fp/softfp/crt0.o

.flash_begin    0x10000000        0x0
                0x10000000                __flash_binary_start = .

.text           0x10000000     0x8fb8
                0x10000000                __logical_binary_start = .
 *(.vectors)
 .vectors       0x10000000      0x124 CMakeFiles/ping_client.dir/__/__/libraries/pico-sdk/src/rp2_common/pico_crt0/crt0.S.obj
                0x10000000                __VECTOR_TABLE
                0x10000000                __vectors
                0x10000110                __default_isrs_start
                0x10000110                isr_invalid
                0x10000112                isr_nmi
                0x10000114                isr_hardfault
                0x10000116                isr_svcall
                0x10000118                isr_pendsv
                0x1000011a                isr_systick
                0x1000011c                isr_irq31
                0x1000011c                isr_irq5
                0x1000011c                isr_irq11
                0x1000011c                isr_irq32
                0x1000011c                isr_irq23
                0x1000011c                isr_irq48
                0x1000011c                isr_irq35
                0x1000011c                isr_irq18
                0x1000011c                isr_irq50
                0x1000011c                isr_irq27
                0x1000011c                isr_irq40
                0x1000011c                isr_irq28
                0x1000011c                isr_irq19
                0x1000011c                isr_irq36
                0x1000011c                isr_irq41
                0x1000011c                isr_irq0
                0x1000011c                isr_irq6
                0x1000011c                isr_irq45
                0x1000011c                isr_irq12
                0x1000011c                isr_irq37
                0x1000011c                isr_irq42
                0x1000011c                isr_irq22
                0x1000011c                isr_irq43
                0x1000011c                isr_irq17
                0x1000011c                isr_irq38
                0x1000011c                isr_irq14
                0x1000011c                isr_irq13
                0x1000011c                isr_irq2
                0x1000011c                isr_irq10
                0x1000011c                isr_irq8
                0x1000011c                isr_irq24
                0x1000011c                isr_irq46
                0x1000011c                isr_irq1
                0x1000011c                isr_irq47
                0x1000011c                isr_irq51
                0x1000011c                isr_irq7
                0x1000011c                isr_irq21
                0x1000011c                isr_irq39
                0x1000011c                isr_irq20
                0x1000011c                isr_irq15
                0x1000011c                isr_irq25
                0x1000011c                isr_irq34
                0x1000011c                isr_irq49
                0x1000011c                __unhandled_user_irq
                0x1000011c                isr_irq4
                0x1000011c                isr_irq16
                0x1000011c                isr_irq44
                0x1000011c                isr_irq29
                0x1000011c                isr_irq26
                0x1000011c                __default_isrs_end
                0x1000011c                isr_irq33
                0x1000011c                isr_irq3
                0x1000011c                isr_irq30
                0x1000011c                isr_irq9
                0x10000122                unhandled_user_irq_num_in_r0
 *(.binary_info_header)
 .binary_info_header
                0x10000124       0x14 CMakeFiles/ping_client.dir/__/__/libraries/pico-sdk/src/rp2_common/pico_crt0/crt0.S.obj
                0x10000138                __binary_info_header_end = .
 *(.embedded_block)
 .embedded_block
                0x10000138       0x14 CMakeFiles/ping_client.dir/__/__/libraries/pico-sdk/src/rp2_common/pico_crt0/crt0.S.obj
                0x1000014c                __embedded_block_end = .
 *(.reset)
 .reset         0x1000014c       0xa0 CMakeFiles/ping_client.dir/__/__/libraries/pico-sdk/src/rp2_common/pico_crt0/crt0.S.obj
                0x1000014c                _entry_point
 *(.init)
 .init          0x100001ec        0x4 c:/progra~2/gnuarm~1/102021~1.10/bin/../lib/gcc/arm-none-eabi/10.3.1/thumb/v8-m.main+fp/softfp/crti.o
                0x100001ec                _init
 *libgcc.a:cmse_nonsecure_call.o()
 *(EXCLUDE_FILE(*libm.a: *libc.a:*lib_a-mem*.o *libgcc.a:) .text*)
 .text          0x100001f0       0x40 c:/progra~2/gnuarm~1/102021~1.10/bin/../lib/gcc/arm-none-eabi/10.3.1/thumb/v8-m.main+fp/softfp/crtbegin.o
 .text.startup.main
                0x10000230       0xc0 CMakeFiles/ping_client.dir/ping_client.c.obj
                0x10000230                main
 .text.gpio_set_function
                0x100002f0       0x3c CMakeFiles/ping_client.dir/__/__/libraries/pico-sdk/src/rp2_common/hardware_gpio/gpio.c.obj
                0x100002f0                gpio_set_function
 .text.gpio_set_pulls
                0x1000032c       0x34 CMakeFiles/ping_client.dir/__/__/libraries/pico-sdk/src/rp2_common/hardware_gpio/gpio.c.obj
                0x1000032c                gpio_set_pulls
 .text.gpio_set_input_hysteresis_enabled
                0x10000360       0x20 CMakeFiles/ping_client.dir/__/__/libraries/pico-sdk/src/rp2_common/hardware_gpio/gpio.c.obj
                0x10000360                gpio_set_input_hysteresis_enabled
 .text.gpio_init
                0x10000380       0x44 CMakeFiles/ping_client.dir/__/__/libraries/pico-sdk/src/rp2_common/hardware_gpio/gpio.c.obj
                0x10000380                gpio_init
 .text.panic    0x100003c4       0x30 CMakeFiles/ping_client.dir/__/__/libraries/pico-sdk/src/rp2_common/pico_platform_panic/panic.c.obj
                0x100003c4                panic
 .text.hw_claim_lock
                0x100003f4       0x24 CMakeFiles/ping_client.dir/__/__/libraries/pico-sdk/src/common/hardware_claim/claim.c.obj
                0x100003f4                hw_claim_lock
 .text.hw_claim_unlock
                0x10000418       0x14 CMakeFiles/ping_client.dir/__/__/libraries/pico-sdk/src/common/hardware_claim/claim.c.obj
                0x10000418                hw_claim_unlock
 .text.hw_claim_or_assert
                0x1000042c       0x5c CMakeFiles/ping_client.dir/__/__/libraries/pico-sdk/src/common/hardware_claim/claim.c.obj
                0x1000042c                hw_claim_or_assert
 .text.hw_claim_unused_from_range
                0x10000488       0x9c CMakeFiles/ping_client.dir/__/__/libraries/pico-sdk/src/common/hardware_claim/claim.c.obj
                0x10000488                hw_claim_unused_from_range
 .text.hw_claim_clear
                0x10000524       0x50 CMakeFiles/ping_client.dir/__/__/libraries/pico-sdk/src/common/hardware_claim/claim.c.obj
                0x10000524                hw_claim_clear
 .text.next_striped_spin_lock_num
                0x10000574       0x18 CMakeFiles/ping_client.dir/__/__/libraries/pico-sdk/src/rp2_common/hardware_sync/sync.c.obj
                0x10000574                next_striped_spin_lock_num
 .text.spin_lock_claim_unused
                0x1000058c       0x20 CMakeFiles/ping_client.dir/__/__/libraries/pico-sdk/src/rp2_common/hardware_sync/sync.c.obj
                0x1000058c                spin_lock_claim_unused
 .text.spinlock_set_extexclall
                0x100005ac       0x10 CMakeFiles/ping_client.dir/__/__/libraries/pico-sdk/src/rp2_common/hardware_sync_spin_lock/sync_spin_lock.c.obj
 .text.spin_locks_reset
                0x100005bc       0x18 CMakeFiles/ping_client.dir/__/__/libraries/pico-sdk/src/rp2_common/hardware_sync_spin_lock/sync_spin_lock.c.obj
                0x100005bc                spin_locks_reset
 .text.runtime_init_per_core_irq_priorities
                0x100005d4       0x40 CMakeFiles/ping_client.dir/__/__/libraries/pico-sdk/src/rp2_common/hardware_irq/irq.c.obj
                0x100005d4                runtime_init_per_core_irq_priorities
 .text.irq_set_enabled
                0x10000614       0x2c CMakeFiles/ping_client.dir/__/__/libraries/pico-sdk/src/rp2_common/hardware_irq/irq.c.obj
                0x10000614                irq_set_enabled
 .text.irq_is_enabled
                0x10000640       0x20 CMakeFiles/ping_client.dir/__/__/libraries/pico-sdk/src/rp2_common/hardware_irq/irq.c.obj
                0x10000640                irq_is_enabled
 .text.irq_set_pending
                0x10000660       0x1c CMakeFiles/ping_client.dir/__/__/libraries/pico-sdk/src/rp2_common/hardware_irq/irq.c.obj
                0x10000660                irq_set_pending
 .text.irq_has_shared_handler
                0x1000067c       0x24 CMakeFiles/ping_client.dir/__/__/libraries/pico-sdk/src/rp2_common/hardware_irq/irq.c.obj
                0x1000067c                irq_has_shared_handler
 .text.irq_set_exclusive_handler
                0x100006a0       0x60 CMakeFiles/ping_client.dir/__/__/libraries/pico-sdk/src/rp2_common/hardware_irq/irq.c.obj
                0x100006a0                irq_set_exclusive_handler
 .text.irq_add_shared_handler
                0x10000700      0x1e8 CMakeFiles/ping_client.dir/__/__/libraries/pico-sdk/src/rp2_common/hardware_irq/irq.c.obj
                0x10000700                irq_add_shared_handler
 .text.irq_add_tail_to_free_list
                0x100008e8       0xbc CMakeFiles/ping_client.dir/__/__/libraries/pico-sdk/src/rp2_common/hardware_irq/irq.c.obj
                0x100008e8                irq_add_tail_to_free_list
 .text.user_irq_claim_unused
                0x100009a4       0x28 CMakeFiles/ping_client.dir/__/__/libraries/pico-sdk/src/rp2_common/hardware_irq/irq.c.obj
                0x100009a4                user_irq_claim_unused
 .text.lock_init
                0x100009cc        0xc CMakeFiles/ping_client.dir/__/__/libraries/pico-sdk/src/common/pico_sync/lock_core.c.obj
                0x100009cc                lock_init
 .text.runtime_init_mutex
                0x100009d8       0x54 CMakeFiles/ping_client.dir/__/__/libraries/pico-sdk/src/common/pico_sync/mutex.c.obj
                0x100009d8                runtime_init_mutex
 .text.mutex_init
                0x10000a2c       0x1c CMakeFiles/ping_client.dir/__/__/libraries/pico-sdk/src/common/pico_sync/mutex.c.obj
                0x10000a2c                mutex_init
 .text.critical_section_init
                0x10000a48       0x1c CMakeFiles/ping_client.dir/__/__/libraries/pico-sdk/src/common/pico_sync/critical_section.c.obj
                0x10000a48                critical_section_init
 .text.critical_section_init_with_lock_num
                0x10000a64       0x10 CMakeFiles/ping_client.dir/__/__/libraries/pico-sdk/src/common/pico_sync/critical_section.c.obj
                0x10000a64                critical_section_init_with_lock_num
 .text.sleep_until_callback
                0x10000a74       0x3c CMakeFiles/ping_client.dir/__/__/libraries/pico-sdk/src/common/pico_time/time.c.obj
 .text.alarm_pool_irq_handler
                0x10000ab0      0x2c8 CMakeFiles/ping_client.dir/__/__/libraries/pico-sdk/src/common/pico_time/time.c.obj
 .text.runtime_init_default_alarm_pool
                0x10000d78      0x100 CMakeFiles/ping_client.dir/__/__/libraries/pico-sdk/src/common/pico_time/time.c.obj
                0x10000d78                runtime_init_default_alarm_pool
 .text.alarm_pool_get_default
                0x10000e78        0x8 CMakeFiles/ping_client.dir/__/__/libraries/pico-sdk/src/common/pico_time/time.c.obj
                0x10000e78                alarm_pool_get_default
 .text.alarm_pool_add_alarm_at
                0x10000e80       0xdc CMakeFiles/ping_client.dir/__/__/libraries/pico-sdk/src/common/pico_time/time.c.obj
                0x10000e80                alarm_pool_add_alarm_at
 .text.alarm_pool_add_alarm_at_force_in_context
                0x10000f5c       0xc4 CMakeFiles/ping_client.dir/__/__/libraries/pico-sdk/src/common/pico_time/time.c.obj
                0x10000f5c                alarm_pool_add_alarm_at_force_in_context
 .text.alarm_pool_cancel_alarm
                0x10001020       0x80 CMakeFiles/ping_client.dir/__/__/libraries/pico-sdk/src/common/pico_time/time.c.obj
                0x10001020                alarm_pool_cancel_alarm
 .text.alarm_pool_core_num
                0x100010a0        0x4 CMakeFiles/ping_client.dir/__/__/libraries/pico-sdk/src/common/pico_time/time.c.obj
                0x100010a0                alarm_pool_core_num
 .text.sleep_until
                0x100010a4       0xbc CMakeFiles/ping_client.dir/__/__/libraries/pico-sdk/src/common/pico_time/time.c.obj
                0x100010a4                sleep_until
 .text.sleep_ms
                0x10001160       0x24 CMakeFiles/ping_client.dir/__/__/libraries/pico-sdk/src/common/pico_time/time.c.obj
                0x10001160                sleep_ms
 .text.best_effort_wfe_or_timeout
                0x10001184      0x124 CMakeFiles/ping_client.dir/__/__/libraries/pico-sdk/src/common/pico_time/time.c.obj
                0x10001184                best_effort_wfe_or_timeout
 .text.timer_hardware_alarm_claim
                0x100012a8       0x24 CMakeFiles/ping_client.dir/__/__/libraries/pico-sdk/src/rp2_common/hardware_timer/timer.c.obj
                0x100012a8                timer_hardware_alarm_claim
 .text.timer_time_us_64
                0x100012cc       0x10 CMakeFiles/ping_client.dir/__/__/libraries/pico-sdk/src/rp2_common/hardware_timer/timer.c.obj
                0x100012cc                timer_time_us_64
 .text.time_us_64
                0x100012dc       0x14 CMakeFiles/ping_client.dir/__/__/libraries/pico-sdk/src/rp2_common/hardware_timer/timer.c.obj
                0x100012dc                time_us_64
 .text.busy_wait_until
                0x100012f0       0x24 CMakeFiles/ping_client.dir/__/__/libraries/pico-sdk/src/rp2_common/hardware_timer/timer.c.obj
                0x100012f0                busy_wait_until
 .text.clock_configure
                0x10001314       0xf0 CMakeFiles/ping_client.dir/__/__/libraries/pico-sdk/src/rp2_common/hardware_clocks/clocks.c.obj
                0x10001314                clock_configure
 .text.clock_configure_undivided
                0x10001404       0xd0 CMakeFiles/ping_client.dir/__/__/libraries/pico-sdk/src/rp2_common/hardware_clocks/clocks.c.obj
                0x10001404                clock_configure_undivided
 .text.clock_get_hz
                0x100014d4        0xc CMakeFiles/ping_client.dir/__/__/libraries/pico-sdk/src/rp2_common/hardware_clocks/clocks.c.obj
                0x100014d4                clock_get_hz
 .text.set_sys_clock_pll
                0x100014e0      0x1a8 CMakeFiles/ping_client.dir/__/__/libraries/pico-sdk/src/rp2_common/hardware_clocks/clocks.c.obj
                0x100014e0                set_sys_clock_pll
 .text.check_sys_clock_khz
                0x10001688      0x17c CMakeFiles/ping_client.dir/__/__/libraries/pico-sdk/src/rp2_common/hardware_clocks/clocks.c.obj
                0x10001688                check_sys_clock_khz
 .text.pll_init
                0x10001804       0x8c CMakeFiles/ping_client.dir/__/__/libraries/pico-sdk/src/rp2_common/hardware_pll/pll.c.obj
                0x10001804                pll_init
 .text.watchdog_reboot
                0x10001890       0x9c CMakeFiles/ping_client.dir/__/__/libraries/pico-sdk/src/rp2_common/hardware_watchdog/watchdog.c.obj
                0x10001890                watchdog_reboot
 .text.tick_start
                0x1000192c       0x18 CMakeFiles/ping_client.dir/__/__/libraries/pico-sdk/src/rp2_common/hardware_ticks/ticks.c.obj
                0x1000192c                tick_start
 .text.xosc_init
                0x10001944       0x2c CMakeFiles/ping_client.dir/__/__/libraries/pico-sdk/src/rp2_common/hardware_xosc/xosc.c.obj
                0x10001944                xosc_init
 .text.first_per_core_initializer
                0x10001970        0x4 CMakeFiles/ping_client.dir/__/__/libraries/pico-sdk/src/rp2_common/pico_runtime/runtime.c.obj
 .text.hard_assertion_failure
                0x10001974        0xc CMakeFiles/ping_client.dir/__/__/libraries/pico-sdk/src/rp2_common/pico_runtime/runtime.c.obj
                0x10001974                hard_assertion_failure
 .text.runtime_run_initializers
                0x10001980       0x20 CMakeFiles/ping_client.dir/__/__/libraries/pico-sdk/src/rp2_common/pico_runtime/runtime.c.obj
                0x10001980                runtime_run_initializers
 .text.runtime_init_early_resets
                0x100019a0       0x34 CMakeFiles/ping_client.dir/__/__/libraries/pico-sdk/src/rp2_common/pico_runtime_init/runtime_init.c.obj
                0x100019a0                runtime_init_early_resets
 .text.runtime_init_usb_power_down
                0x100019d4       0x1c CMakeFiles/ping_client.dir/__/__/libraries/pico-sdk/src/rp2_common/pico_runtime_init/runtime_init.c.obj
                0x100019d4                runtime_init_usb_power_down
 .text.runtime_init_per_core_enable_coprocessors
                0x100019f0       0x1c CMakeFiles/ping_client.dir/__/__/libraries/pico-sdk/src/rp2_common/pico_runtime_init/runtime_init.c.obj
                0x100019f0                runtime_init_per_core_enable_coprocessors
 .text.runtime_init_post_clock_resets
                0x10001a0c       0x20 CMakeFiles/ping_client.dir/__/__/libraries/pico-sdk/src/rp2_common/pico_runtime_init/runtime_init.c.obj
                0x10001a0c                runtime_init_post_clock_resets
 .text.runtime_init_bootrom_reset
                0x10001a2c       0x14 CMakeFiles/ping_client.dir/__/__/libraries/pico-sdk/src/rp2_common/pico_runtime_init/runtime_init.c.obj
                0x10001a2c                runtime_init_bootrom_reset
 .text.runtime_init_per_core_bootrom_reset
                0x10001a40       0x14 CMakeFiles/ping_client.dir/__/__/libraries/pico-sdk/src/rp2_common/pico_runtime_init/runtime_init.c.obj
                0x10001a40                runtime_init_per_core_bootrom_reset
 .text.runtime_init_spin_locks_reset
                0x10001a54        0x4 CMakeFiles/ping_client.dir/__/__/libraries/pico-sdk/src/rp2_common/pico_runtime_init/runtime_init.c.obj
                0x10001a54                runtime_init_spin_locks_reset
 .text.runtime_init_install_ram_vector_table
                0x10001a58       0x20 CMakeFiles/ping_client.dir/__/__/libraries/pico-sdk/src/rp2_common/pico_runtime_init/runtime_init.c.obj
                0x10001a58                runtime_init_install_ram_vector_table
 .text.runtime_init_clocks
                0x10001a78       0xdc CMakeFiles/ping_client.dir/__/__/libraries/pico-sdk/src/rp2_common/pico_runtime_init/runtime_init_clocks.c.obj
                0x10001a78                runtime_init_clocks
 .text.rom_func_lookup
                0x10001b54       0x20 CMakeFiles/ping_client.dir/__/__/libraries/pico-sdk/src/rp2_common/pico_bootrom/bootrom.c.obj
                0x10001b54                rom_func_lookup
 .text.rom_reset_usb_boot
                0x10001b74       0x44 CMakeFiles/ping_client.dir/__/__/libraries/pico-sdk/src/rp2_common/pico_bootrom/bootrom.c.obj
                0x10001b74                rom_reset_usb_boot
 .text.runtime_init_bootrom_locking_enable
                0x10001bb8       0x14 CMakeFiles/ping_client.dir/__/__/libraries/pico-sdk/src/rp2_common/pico_bootrom/bootrom_lock.c.obj
                0x10001bb8                runtime_init_bootrom_locking_enable
 .text.runtime_init_boot_locks_reset
                0x10001bcc       0x1c CMakeFiles/ping_client.dir/__/__/libraries/pico-sdk/src/rp2_common/hardware_boot_lock/boot_lock.c.obj
                0x10001bcc                runtime_init_boot_locks_reset
 .text.__rp2350_dcp_engaged_state_save_restore
                0x10001be8       0x3a CMakeFiles/ping_client.dir/__/__/libraries/pico-sdk/src/rp2_common/pico_double/double_aeabi_dcp.S.obj
 *fill*         0x10001c22        0x2 
 .text.__wrap___aeabi_dadd
                0x10001c24       0x28 CMakeFiles/ping_client.dir/__/__/libraries/pico-sdk/src/rp2_common/pico_double/double_aeabi_dcp.S.obj
                0x10001c2c                __wrap___aeabi_dadd
 .text.__wrap___aeabi_dsub
                0x10001c4c       0x28 CMakeFiles/ping_client.dir/__/__/libraries/pico-sdk/src/rp2_common/pico_double/double_aeabi_dcp.S.obj
                0x10001c54                __wrap___aeabi_dsub
 .text.__wrap___aeabi_dmul
                0x10001c74       0x4c CMakeFiles/ping_client.dir/__/__/libraries/pico-sdk/src/rp2_common/pico_double/double_aeabi_dcp.S.obj
                0x10001c7c                __wrap___aeabi_dmul
 .text.__wrap___aeabi_ddiv
                0x10001cc0       0x9c CMakeFiles/ping_client.dir/__/__/libraries/pico-sdk/src/rp2_common/pico_double/double_aeabi_dcp.S.obj
                0x10001cc8                __wrap___aeabi_ddiv
 .text.__wrap___aeabi_i2d
                0x10001d5c       0x24 CMakeFiles/ping_client.dir/__/__/libraries/pico-sdk/src/rp2_common/pico_double/double_aeabi_dcp.S.obj
                0x10001d64                __wrap___aeabi_i2d
 .text.__wrap___aeabi_ui2d
                0x10001d80       0x24 CMakeFiles/ping_client.dir/__/__/libraries/pico-sdk/src/rp2_common/pico_double/double_aeabi_dcp.S.obj
                0x10001d88                __wrap___aeabi_ui2d
 .text.__wrap___aeabi_d2iz
                0x10001da4       0x24 CMakeFiles/ping_client.dir/__/__/libraries/pico-sdk/src/rp2_common/pico_double/double_aeabi_dcp.S.obj
                0x10001dac                __wrap___aeabi_d2iz
 .text.__wrap___aeabi_d2uiz
                0x10001dc8       0x24 CMakeFiles/ping_client.dir/__/__/libraries/pico-sdk/src/rp2_common/pico_double/double_aeabi_dcp.S.obj
                0x10001dd0                __wrap___aeabi_d2uiz
 .text.__wrap___aeabi_dcmpun
                0x10001dec       0x24 CMakeFiles/ping_client.dir/__/__/libraries/pico-sdk/src/rp2_common/pico_double/double_aeabi_dcp.S.obj
                0x10001df4                __wrap___aeabi_dcmpun
 .text.__wrap___aeabi_dcmplt
                0x10001e10       0x28 CMakeFiles/ping_client.dir/__/__/libraries/pico-sdk/src/rp2_common/pico_double/double_aeabi_dcp.S.obj
                0x10001e18                __wrap___aeabi_dcmplt
 .text.__wrap___aeabi_dcmple
                0x10001e38       0x28 CMakeFiles/ping_client.dir/__/__/libraries/pico-sdk/src/rp2_common/pico_double/double_aeabi_dcp.S.obj
                0x10001e40                __wrap___aeabi_dcmple
 .text.__wrap___aeabi_dcmpge
                0x10001e60       0x28 CMakeFiles/ping_client.dir/__/__/libraries/pico-sdk/src/rp2_common/pico_double/double_aeabi_dcp.S.obj
                0x10001e68                __wrap___aeabi_dcmpge
 .text.__wrap___aeabi_dcmpgt
                0x10001e88       0x28 CMakeFiles/ping_client.dir/__/__/libraries/pico-sdk/src/rp2_common/pico_double/double_aeabi_dcp.S.obj
                0x10001e90                __wrap___aeabi_dcmpgt
 .text._out_null
                0x10001eb0        0x4 CMakeFiles/ping_client.dir/__/__/libraries/pico-sdk/src/rp2_common/pico_printf/printf.c.obj
 .text._out_rev
                0x10001eb4       0x88 CMakeFiles/ping_client.dir/__/__/libraries/pico-sdk/src/rp2_common/pico_printf/printf.c.obj
 .text._ntoa_format
                0x10001f3c      0x1e8 CMakeFiles/ping_client.dir/__/__/libraries/pico-sdk/src/rp2_common/pico_printf/printf.c.obj
 .text._out_char
                0x10002124        0x8 CMakeFiles/ping_client.dir/__/__/libraries/pico-sdk/src/rp2_common/pico_printf/printf.c.obj
 .text._out_fct
                0x1000212c        0xc CMakeFiles/ping_client.dir/__/__/libraries/pico-sdk/src/rp2_common/pico_printf/printf.c.obj
 .text._etoa    0x10002138      0x460 CMakeFiles/ping_client.dir/__/__/libraries/pico-sdk/src/rp2_common/pico_printf/printf.c.obj
 .text._ftoa    0x10002598      0x3d8 CMakeFiles/ping_client.dir/__/__/libraries/pico-sdk/src/rp2_common/pico_printf/printf.c.obj
 .text._vsnprintf
                0x10002970      0x9c8 CMakeFiles/ping_client.dir/__/__/libraries/pico-sdk/src/rp2_common/pico_printf/printf.c.obj
 .text.vfctprintf
                0x10003338       0x28 CMakeFiles/ping_client.dir/__/__/libraries/pico-sdk/src/rp2_common/pico_printf/printf.c.obj
                0x10003338                vfctprintf
 .text.weak_raw_vprintf
                0x10003360       0x30 CMakeFiles/ping_client.dir/__/__/libraries/pico-sdk/src/rp2_common/pico_printf/printf.c.obj
                0x10003360                weak_raw_vprintf
 .text._exit    0x10003390        0x4 CMakeFiles/ping_client.dir/__/__/libraries/pico-sdk/src/rp2_common/pico_clib_interface/newlib_interface.c.obj
                0x10003390                _exit
 .text.exit     0x10003394        0x8 CMakeFiles/ping_client.dir/__/__/libraries/pico-sdk/src/rp2_common/pico_clib_interface/newlib_interface.c.obj
                0x10003394                exit
 .text.runtime_init
                0x1000339c       0x24 CMakeFiles/ping_client.dir/__/__/libraries/pico-sdk/src/rp2_common/pico_clib_interface/newlib_interface.c.obj
                0x1000339c                runtime_init
 .text.stdio_out_chars_no_crlf
                0x100033c0        0x8 CMakeFiles/ping_client.dir/__/__/libraries/pico-sdk/src/rp2_common/pico_stdio/stdio.c.obj
 .text.stdio_out_chars_crlf
                0x100033c8       0xac CMakeFiles/ping_client.dir/__/__/libraries/pico-sdk/src/rp2_common/pico_stdio/stdio.c.obj
 .text.stdio_buffered_printer
                0x10003474       0x60 CMakeFiles/ping_client.dir/__/__/libraries/pico-sdk/src/rp2_common/pico_stdio/stdio.c.obj
 .text.stdio_put_string
                0x100034d4       0xe8 CMakeFiles/ping_client.dir/__/__/libraries/pico-sdk/src/rp2_common/pico_stdio/stdio.c.obj
                0x100034d4                stdio_put_string
 .text.stdio_set_driver_enabled
                0x100035bc       0x28 CMakeFiles/ping_client.dir/__/__/libraries/pico-sdk/src/rp2_common/pico_stdio/stdio.c.obj
                0x100035bc                stdio_set_driver_enabled
 .text.stdio_init_all
                0x100035e4        0x4 CMakeFiles/ping_client.dir/__/__/libraries/pico-sdk/src/rp2_common/pico_stdio/stdio.c.obj
                0x100035e4                stdio_init_all
 .text.__wrap_putchar
                0x100035e8       0x7c CMakeFiles/ping_client.dir/__/__/libraries/pico-sdk/src/rp2_common/pico_stdio/stdio.c.obj
                0x100035e8                __wrap_putchar
                0x100035e8                stdio_putchar
 .text.__wrap_puts
                0x10003664       0x3c CMakeFiles/ping_client.dir/__/__/libraries/pico-sdk/src/rp2_common/pico_stdio/stdio.c.obj
                0x10003664                stdio_puts
                0x10003664                __wrap_puts
 .text.__wrap_vprintf
                0x100036a0       0xc0 CMakeFiles/ping_client.dir/__/__/libraries/pico-sdk/src/rp2_common/pico_stdio/stdio.c.obj
                0x100036a0                stdio_vprintf
                0x100036a0                __wrap_vprintf
 .text.__wrap_printf
                0x10003760       0x1c CMakeFiles/ping_client.dir/__/__/libraries/pico-sdk/src/rp2_common/pico_stdio/stdio.c.obj
                0x10003760                __wrap_printf
                0x10003760                stdio_printf
 .text.resetd_init
                0x1000377c        0x4 CMakeFiles/ping_client.dir/__/__/libraries/pico-sdk/src/rp2_common/pico_stdio_usb/reset_interface.c.obj
 .text.resetd_reset
                0x10003780        0xc CMakeFiles/ping_client.dir/__/__/libraries/pico-sdk/src/rp2_common/pico_stdio_usb/reset_interface.c.obj
 .text.resetd_open
                0x1000378c       0x28 CMakeFiles/ping_client.dir/__/__/libraries/pico-sdk/src/rp2_common/pico_stdio_usb/reset_interface.c.obj
 .text.resetd_xfer_cb
                0x100037b4        0x4 CMakeFiles/ping_client.dir/__/__/libraries/pico-sdk/src/rp2_common/pico_stdio_usb/reset_interface.c.obj
 .text.resetd_control_xfer_cb
                0x100037b8       0x4c CMakeFiles/ping_client.dir/__/__/libraries/pico-sdk/src/rp2_common/pico_stdio_usb/reset_interface.c.obj
 .text.tud_descriptor_bos_cb
                0x10003804        0x8 CMakeFiles/ping_client.dir/__/__/libraries/pico-sdk/src/rp2_common/pico_stdio_usb/reset_interface.c.obj
                0x10003804                tud_descriptor_bos_cb
 .text.tud_vendor_control_xfer_cb
                0x1000380c       0x28 CMakeFiles/ping_client.dir/__/__/libraries/pico-sdk/src/rp2_common/pico_stdio_usb/reset_interface.c.obj
                0x1000380c                tud_vendor_control_xfer_cb
 .text.usbd_app_driver_get_cb
                0x10003834       0x10 CMakeFiles/ping_client.dir/__/__/libraries/pico-sdk/src/rp2_common/pico_stdio_usb/reset_interface.c.obj
                0x10003834                usbd_app_driver_get_cb
 .text.tud_cdc_line_coding_cb
                0x10003844       0x14 CMakeFiles/ping_client.dir/__/__/libraries/pico-sdk/src/rp2_common/pico_stdio_usb/reset_interface.c.obj
                0x10003844                tud_cdc_line_coding_cb
 .text.stdio_usb_set_chars_available_callback
                0x10003858       0x14 CMakeFiles/ping_client.dir/__/__/libraries/pico-sdk/src/rp2_common/pico_stdio_usb/stdio_usb.c.obj
                0x10003858                stdio_usb_set_chars_available_callback
 .text.timer_task
                0x1000386c       0x70 CMakeFiles/ping_client.dir/__/__/libraries/pico-sdk/src/rp2_common/pico_stdio_usb/stdio_usb.c.obj
 .text.usb_irq  0x100038dc        0xc CMakeFiles/ping_client.dir/__/__/libraries/pico-sdk/src/rp2_common/pico_stdio_usb/stdio_usb.c.obj
 .text.stdio_usb_in_chars
                0x100038e8       0x84 CMakeFiles/ping_client.dir/__/__/libraries/pico-sdk/src/rp2_common/pico_stdio_usb/stdio_usb.c.obj
                0x100038e8                stdio_usb_in_chars
 .text.stdio_usb_out_flush
                0x1000396c       0x4c CMakeFiles/ping_client.dir/__/__/libraries/pico-sdk/src/rp2_common/pico_stdio_usb/stdio_usb.c.obj
 .text.stdio_usb_out_chars
                0x100039b8       0xf0 CMakeFiles/ping_client.dir/__/__/libraries/pico-sdk/src/rp2_common/pico_stdio_usb/stdio_usb.c.obj
 .text.low_priority_worker_irq
                0x10003aa8       0xc8 CMakeFiles/ping_client.dir/__/__/libraries/pico-sdk/src/rp2_common/pico_stdio_usb/stdio_usb.c.obj
 .text.stdio_usb_init
                0x10003b70       0xd8 CMakeFiles/ping_client.dir/__/__/libraries/pico-sdk/src/rp2_common/pico_stdio_usb/stdio_usb.c.obj
                0x10003b70                stdio_usb_init
 .text.tud_descriptor_device_cb
                0x10003c48        0x8 CMakeFiles/ping_client.dir/__/__/libraries/pico-sdk/src/rp2_common/pico_stdio_usb/stdio_usb_descriptors.c.obj
                0x10003c48                tud_descriptor_device_cb
 .text.tud_descriptor_configuration_cb
                0x10003c50        0x8 CMakeFiles/ping_client.dir/__/__/libraries/pico-sdk/src/rp2_common/pico_stdio_usb/stdio_usb_descriptors.c.obj
                0x10003c50                tud_descriptor_configuration_cb
 .text.tud_descriptor_string_cb
                0x10003c58       0x78 CMakeFiles/ping_client.dir/__/__/libraries/pico-sdk/src/rp2_common/pico_stdio_usb/stdio_usb_descriptors.c.obj
                0x10003c58                tud_descriptor_string_cb
 .text.startup._retrieve_unique_id_on_boot
                0x10003cd0       0x30 CMakeFiles/ping_client.dir/__/__/libraries/pico-sdk/src/rp2_common/pico_unique_id/unique_id.c.obj
 .text.pico_get_unique_board_id_string
                0x10003d00      0x180 CMakeFiles/ping_client.dir/__/__/libraries/pico-sdk/src/rp2_common/pico_unique_id/unique_id.c.obj
                0x10003d00                pico_get_unique_board_id_string
 .text.dcd_init
                0x10003e80       0x94 CMakeFiles/ping_client.dir/__/__/libraries/pico-sdk/lib/tinyusb/src/portable/raspberrypi/rp2040/dcd_rp2040.c.obj
                0x10003e80                dcd_init
 .text.dcd_int_enable
                0x10003f14        0x8 CMakeFiles/ping_client.dir/__/__/libraries/pico-sdk/lib/tinyusb/src/portable/raspberrypi/rp2040/dcd_rp2040.c.obj
                0x10003f14                dcd_int_enable
 .text.dcd_set_address
                0x10003f1c       0x10 CMakeFiles/ping_client.dir/__/__/libraries/pico-sdk/lib/tinyusb/src/portable/raspberrypi/rp2040/dcd_rp2040.c.obj
                0x10003f1c                dcd_set_address
 .text.dcd_sof_enable
                0x10003f2c       0x1c CMakeFiles/ping_client.dir/__/__/libraries/pico-sdk/lib/tinyusb/src/portable/raspberrypi/rp2040/dcd_rp2040.c.obj
                0x10003f2c                dcd_sof_enable
 .text.dcd_edpt0_status_complete
                0x10003f48       0x1c CMakeFiles/ping_client.dir/__/__/libraries/pico-sdk/lib/tinyusb/src/portable/raspberrypi/rp2040/dcd_rp2040.c.obj
                0x10003f48                dcd_edpt0_status_complete
 .text.dcd_edpt_open
                0x10003f64       0xfc CMakeFiles/ping_client.dir/__/__/libraries/pico-sdk/lib/tinyusb/src/portable/raspberrypi/rp2040/dcd_rp2040.c.obj
                0x10003f64                dcd_edpt_open
 .text.dcd_edpt_close_all
                0x10004060        0x4 CMakeFiles/ping_client.dir/__/__/libraries/pico-sdk/lib/tinyusb/src/portable/raspberrypi/rp2040/dcd_rp2040.c.obj
                0x10004060                dcd_edpt_close_all
 .text.dcd_edpt_xfer
                0x10004064       0x28 CMakeFiles/ping_client.dir/__/__/libraries/pico-sdk/lib/tinyusb/src/portable/raspberrypi/rp2040/dcd_rp2040.c.obj
                0x10004064                dcd_edpt_xfer
 .text.dcd_edpt_stall
                0x1000408c       0x30 CMakeFiles/ping_client.dir/__/__/libraries/pico-sdk/lib/tinyusb/src/portable/raspberrypi/rp2040/dcd_rp2040.c.obj
                0x1000408c                dcd_edpt_stall
 .text.dcd_edpt_clear_stall
                0x100040bc       0x2c CMakeFiles/ping_client.dir/__/__/libraries/pico-sdk/lib/tinyusb/src/portable/raspberrypi/rp2040/dcd_rp2040.c.obj
                0x100040bc                dcd_edpt_clear_stall
 .text.rp2040_usb_init
                0x100040e8       0x40 CMakeFiles/ping_client.dir/__/__/libraries/pico-sdk/lib/tinyusb/src/portable/raspberrypi/rp2040/rp2040_usb.c.obj
                0x100040e8                rp2040_usb_init
 .text.hw_endpoint_xfer_start
                0x10004128       0x4c CMakeFiles/ping_client.dir/__/__/libraries/pico-sdk/lib/tinyusb/src/portable/raspberrypi/rp2040/rp2040_usb.c.obj
                0x10004128                hw_endpoint_xfer_start
 .text.configuration_reset
                0x10004174       0x8c CMakeFiles/ping_client.dir/__/__/libraries/pico-sdk/lib/tinyusb/src/device/usbd.c.obj
 .text.tud_event_hook_cb
                0x10004200        0x4 CMakeFiles/ping_client.dir/__/__/libraries/pico-sdk/lib/tinyusb/src/device/usbd.c.obj
                0x10004200                tud_event_hook_cb
 .text.tud_sof_cb
                0x10004204        0x4 CMakeFiles/ping_client.dir/__/__/libraries/pico-sdk/lib/tinyusb/src/device/usbd.c.obj
                0x10004204                tud_sof_cb
 .text.tud_descriptor_device_qualifier_cb
                0x10004208        0x4 CMakeFiles/ping_client.dir/__/__/libraries/pico-sdk/lib/tinyusb/src/device/usbd.c.obj
                0x10004208                tud_descriptor_device_qualifier_cb
 .text.tud_descriptor_other_speed_configuration_cb
                0x1000420c        0x4 CMakeFiles/ping_client.dir/__/__/libraries/pico-sdk/lib/tinyusb/src/device/usbd.c.obj
                0x1000420c                tud_descriptor_other_speed_configuration_cb
 .text.tud_mount_cb
                0x10004210        0x4 CMakeFiles/ping_client.dir/__/__/libraries/pico-sdk/lib/tinyusb/src/device/usbd.c.obj
                0x10004210                tud_mount_cb
 .text.tud_umount_cb
                0x10004214        0x4 CMakeFiles/ping_client.dir/__/__/libraries/pico-sdk/lib/tinyusb/src/device/usbd.c.obj
                0x10004214                tud_umount_cb
 .text.tud_suspend_cb
                0x10004218        0x4 CMakeFiles/ping_client.dir/__/__/libraries/pico-sdk/lib/tinyusb/src/device/usbd.c.obj
                0x10004218                tud_suspend_cb
 .text.tud_resume_cb
                0x1000421c        0x4 CMakeFiles/ping_client.dir/__/__/libraries/pico-sdk/lib/tinyusb/src/device/usbd.c.obj
                0x1000421c                tud_resume_cb
 .text.tud_mounted
                0x10004220       0x10 CMakeFiles/ping_client.dir/__/__/libraries/pico-sdk/lib/tinyusb/src/device/usbd.c.obj
                0x10004220                tud_mounted
 .text.tud_suspended
                0x10004230       0x10 CMakeFiles/ping_client.dir/__/__/libraries/pico-sdk/lib/tinyusb/src/device/usbd.c.obj
                0x10004230                tud_suspended
 .text.tud_init
                0x10004240       0xe8 CMakeFiles/ping_client.dir/__/__/libraries/pico-sdk/lib/tinyusb/src/device/usbd.c.obj
                0x10004240                tud_init
 .text.tud_task_ext
                0x10004328      0x7a4 CMakeFiles/ping_client.dir/__/__/libraries/pico-sdk/lib/tinyusb/src/device/usbd.c.obj
                0x10004328                tud_task_ext
 .text.usbd_open_edpt_pair
                0x10004acc       0x9c CMakeFiles/ping_client.dir/__/__/libraries/pico-sdk/lib/tinyusb/src/device/usbd.c.obj
                0x10004acc                usbd_open_edpt_pair
 .text.usbd_edpt_open
                0x10004b68       0x44 CMakeFiles/ping_client.dir/__/__/libraries/pico-sdk/lib/tinyusb/src/device/usbd.c.obj
                0x10004b68                usbd_edpt_open
 .text.usbd_edpt_claim
                0x10004bac       0x24 CMakeFiles/ping_client.dir/__/__/libraries/pico-sdk/lib/tinyusb/src/device/usbd.c.obj
                0x10004bac                usbd_edpt_claim
 .text.usbd_edpt_release
                0x10004bd0       0x24 CMakeFiles/ping_client.dir/__/__/libraries/pico-sdk/lib/tinyusb/src/device/usbd.c.obj
                0x10004bd0                usbd_edpt_release
 .text.usbd_edpt_xfer
                0x10004bf4       0x70 CMakeFiles/ping_client.dir/__/__/libraries/pico-sdk/lib/tinyusb/src/device/usbd.c.obj
                0x10004bf4                usbd_edpt_xfer
 .text.tud_control_status
                0x10004c64       0x34 CMakeFiles/ping_client.dir/__/__/libraries/pico-sdk/lib/tinyusb/src/device/usbd_control.c.obj
                0x10004c64                tud_control_status
 .text.tud_control_xfer
                0x10004c98       0xcc CMakeFiles/ping_client.dir/__/__/libraries/pico-sdk/lib/tinyusb/src/device/usbd_control.c.obj
                0x10004c98                tud_control_xfer
 .text.usbd_control_reset
                0x10004d64       0x14 CMakeFiles/ping_client.dir/__/__/libraries/pico-sdk/lib/tinyusb/src/device/usbd_control.c.obj
                0x10004d64                usbd_control_reset
 .text.usbd_control_set_complete_callback
                0x10004d78        0xc CMakeFiles/ping_client.dir/__/__/libraries/pico-sdk/lib/tinyusb/src/device/usbd_control.c.obj
                0x10004d78                usbd_control_set_complete_callback
 .text.usbd_control_set_request
                0x10004d84       0x1c CMakeFiles/ping_client.dir/__/__/libraries/pico-sdk/lib/tinyusb/src/device/usbd_control.c.obj
                0x10004d84                usbd_control_set_request
 .text.usbd_control_xfer_cb
                0x10004da0      0x110 CMakeFiles/ping_client.dir/__/__/libraries/pico-sdk/lib/tinyusb/src/device/usbd_control.c.obj
                0x10004da0                usbd_control_xfer_cb
 .text._prep_out_transaction.isra.0
                0x10004eb0       0x60 CMakeFiles/ping_client.dir/__/__/libraries/pico-sdk/lib/tinyusb/src/class/cdc/cdc_device.c.obj
 .text.tud_cdc_n_connected
                0x10004f10       0x2c CMakeFiles/ping_client.dir/__/__/libraries/pico-sdk/lib/tinyusb/src/class/cdc/cdc_device.c.obj
                0x10004f10                tud_cdc_n_connected
 .text.tud_cdc_n_available
                0x10004f3c       0x18 CMakeFiles/ping_client.dir/__/__/libraries/pico-sdk/lib/tinyusb/src/class/cdc/cdc_device.c.obj
                0x10004f3c                tud_cdc_n_available
 .text.tud_cdc_n_read
                0x10004f54       0x94 CMakeFiles/ping_client.dir/__/__/libraries/pico-sdk/lib/tinyusb/src/class/cdc/cdc_device.c.obj
                0x10004f54                tud_cdc_n_read
 .text.tud_cdc_n_write_flush
                0x10004fe8       0x88 CMakeFiles/ping_client.dir/__/__/libraries/pico-sdk/lib/tinyusb/src/class/cdc/cdc_device.c.obj
                0x10004fe8                tud_cdc_n_write_flush
 .text.tud_cdc_n_write
                0x10005070       0x48 CMakeFiles/ping_client.dir/__/__/libraries/pico-sdk/lib/tinyusb/src/class/cdc/cdc_device.c.obj
                0x10005070                tud_cdc_n_write
 .text.tud_cdc_n_write_available
                0x100050b8       0x18 CMakeFiles/ping_client.dir/__/__/libraries/pico-sdk/lib/tinyusb/src/class/cdc/cdc_device.c.obj
                0x100050b8                tud_cdc_n_write_available
 .text.cdcd_init
                0x100050d0       0x78 CMakeFiles/ping_client.dir/__/__/libraries/pico-sdk/lib/tinyusb/src/class/cdc/cdc_device.c.obj
                0x100050d0                cdcd_init
 .text.cdcd_deinit
                0x10005148       0x20 CMakeFiles/ping_client.dir/__/__/libraries/pico-sdk/lib/tinyusb/src/class/cdc/cdc_device.c.obj
                0x10005148                cdcd_deinit
 .text.cdcd_reset
                0x10005168       0x4c CMakeFiles/ping_client.dir/__/__/libraries/pico-sdk/lib/tinyusb/src/class/cdc/cdc_device.c.obj
                0x10005168                cdcd_reset
 .text.cdcd_open
                0x100051b4       0xbc CMakeFiles/ping_client.dir/__/__/libraries/pico-sdk/lib/tinyusb/src/class/cdc/cdc_device.c.obj
                0x100051b4                cdcd_open
 .text.cdcd_control_xfer_cb
                0x10005270       0xcc CMakeFiles/ping_client.dir/__/__/libraries/pico-sdk/lib/tinyusb/src/class/cdc/cdc_device.c.obj
                0x10005270                cdcd_control_xfer_cb
 .text.cdcd_xfer_cb
                0x1000533c       0xfc CMakeFiles/ping_client.dir/__/__/libraries/pico-sdk/lib/tinyusb/src/class/cdc/cdc_device.c.obj
                0x1000533c                cdcd_xfer_cb
 .text.tud_vendor_n_write_flush
                0x10005438       0x88 CMakeFiles/ping_client.dir/__/__/libraries/pico-sdk/lib/tinyusb/src/class/vendor/vendor_device.c.obj
                0x10005438                tud_vendor_n_write_flush
 .text.vendord_init
                0x100054c0       0x60 CMakeFiles/ping_client.dir/__/__/libraries/pico-sdk/lib/tinyusb/src/class/vendor/vendor_device.c.obj
                0x100054c0                vendord_init
 .text.vendord_deinit
                0x10005520       0x20 CMakeFiles/ping_client.dir/__/__/libraries/pico-sdk/lib/tinyusb/src/class/vendor/vendor_device.c.obj
                0x10005520                vendord_deinit
 .text.vendord_reset
                0x10005540       0x20 CMakeFiles/ping_client.dir/__/__/libraries/pico-sdk/lib/tinyusb/src/class/vendor/vendor_device.c.obj
                0x10005540                vendord_reset
 .text.vendord_open
                0x10005560       0xc4 CMakeFiles/ping_client.dir/__/__/libraries/pico-sdk/lib/tinyusb/src/class/vendor/vendor_device.c.obj
                0x10005560                vendord_open
 .text.vendord_xfer_cb
                0x10005624       0xc4 CMakeFiles/ping_client.dir/__/__/libraries/pico-sdk/lib/tinyusb/src/class/vendor/vendor_device.c.obj
                0x10005624                vendord_xfer_cb
 .text.tusb_init
                0x100056e8       0x1c CMakeFiles/ping_client.dir/__/__/libraries/pico-sdk/lib/tinyusb/src/tusb.c.obj
                0x100056e8                tusb_init
 .text.tu_edpt_claim
                0x10005704       0x54 CMakeFiles/ping_client.dir/__/__/libraries/pico-sdk/lib/tinyusb/src/tusb.c.obj
                0x10005704                tu_edpt_claim
 .text.tu_edpt_release
                0x10005758       0x38 CMakeFiles/ping_client.dir/__/__/libraries/pico-sdk/lib/tinyusb/src/tusb.c.obj
                0x10005758                tu_edpt_release
 .text.tu_edpt_validate
                0x10005790       0x68 CMakeFiles/ping_client.dir/__/__/libraries/pico-sdk/lib/tinyusb/src/tusb.c.obj
                0x10005790                tu_edpt_validate
 .text.tu_edpt_bind_driver
                0x100057f8       0x58 CMakeFiles/ping_client.dir/__/__/libraries/pico-sdk/lib/tinyusb/src/tusb.c.obj
                0x100057f8                tu_edpt_bind_driver
 .text.tu_fifo_config
                0x10005850       0x64 CMakeFiles/ping_client.dir/__/__/libraries/pico-sdk/lib/tinyusb/src/common/tusb_fifo.c.obj
                0x10005850                tu_fifo_config
 .text.tu_fifo_count
                0x100058b4       0x20 CMakeFiles/ping_client.dir/__/__/libraries/pico-sdk/lib/tinyusb/src/common/tusb_fifo.c.obj
                0x100058b4                tu_fifo_count
 .text.tu_fifo_empty
                0x100058d4       0x14 CMakeFiles/ping_client.dir/__/__/libraries/pico-sdk/lib/tinyusb/src/common/tusb_fifo.c.obj
                0x100058d4                tu_fifo_empty
 .text.tu_fifo_remaining
                0x100058e8       0x24 CMakeFiles/ping_client.dir/__/__/libraries/pico-sdk/lib/tinyusb/src/common/tusb_fifo.c.obj
                0x100058e8                tu_fifo_remaining
 .text.tu_fifo_read
                0x1000590c       0x94 CMakeFiles/ping_client.dir/__/__/libraries/pico-sdk/lib/tinyusb/src/common/tusb_fifo.c.obj
                0x1000590c                tu_fifo_read
 .text.tu_fifo_read_n
                0x100059a0       0xd4 CMakeFiles/ping_client.dir/__/__/libraries/pico-sdk/lib/tinyusb/src/common/tusb_fifo.c.obj
                0x100059a0                tu_fifo_read_n
 .text.tu_fifo_write
                0x10005a74       0x84 CMakeFiles/ping_client.dir/__/__/libraries/pico-sdk/lib/tinyusb/src/common/tusb_fifo.c.obj
                0x10005a74                tu_fifo_write
 .text.tu_fifo_write_n
                0x10005af8      0x15c CMakeFiles/ping_client.dir/__/__/libraries/pico-sdk/lib/tinyusb/src/common/tusb_fifo.c.obj
                0x10005af8                tu_fifo_write_n
 .text.tu_fifo_clear
                0x10005c54       0x38 CMakeFiles/ping_client.dir/__/__/libraries/pico-sdk/lib/tinyusb/src/common/tusb_fifo.c.obj
                0x10005c54                tu_fifo_clear
 .text.tu_fifo_set_overwritable
                0x10005c8c       0x3c CMakeFiles/ping_client.dir/__/__/libraries/pico-sdk/lib/tinyusb/src/common/tusb_fifo.c.obj
                0x10005c8c                tu_fifo_set_overwritable
 .text.sendto_IO_6
                0x10005cc8      0x1ac CMakeFiles/ping_client.dir/__/__/libraries/ioLibrary_Driver/Ethernet/socket.c.obj
 .text.close.part.0
                0x10005e74       0x7c CMakeFiles/ping_client.dir/__/__/libraries/ioLibrary_Driver/Ethernet/socket.c.obj
 .text.recvfrom_IO_6
                0x10005ef0      0x288 CMakeFiles/ping_client.dir/__/__/libraries/ioLibrary_Driver/Ethernet/socket.c.obj
 .text.socket   0x10006178      0x234 CMakeFiles/ping_client.dir/__/__/libraries/ioLibrary_Driver/Ethernet/socket.c.obj
                0x10006178                socket
 .text.close    0x100063ac       0x88 CMakeFiles/ping_client.dir/__/__/libraries/ioLibrary_Driver/Ethernet/socket.c.obj
                0x100063ac                close
 .text.sendto_W5x00
                0x10006434       0x18 CMakeFiles/ping_client.dir/__/__/libraries/ioLibrary_Driver/Ethernet/socket.c.obj
                0x10006434                sendto_W5x00
 .text.sendto_W6x00
                0x1000644c       0x18 CMakeFiles/ping_client.dir/__/__/libraries/ioLibrary_Driver/Ethernet/socket.c.obj
                0x1000644c                sendto_W6x00
 .text.recvfrom_W5x00
                0x10006464       0x20 CMakeFiles/ping_client.dir/__/__/libraries/ioLibrary_Driver/Ethernet/socket.c.obj
                0x10006464                recvfrom_W5x00
 .text.wizchip_cris_enter
                0x10006484        0x4 CMakeFiles/ping_client.dir/__/__/libraries/ioLibrary_Driver/Ethernet/wizchip_conf.c.obj
                0x10006484                wizchip_cris_enter
 .text.wizchip_bus_readdata
                0x10006488        0x4 CMakeFiles/ping_client.dir/__/__/libraries/ioLibrary_Driver/Ethernet/wizchip_conf.c.obj
                0x10006488                wizchip_bus_readdata
 .text.wizchip_bus_writedata
                0x1000648c        0x4 CMakeFiles/ping_client.dir/__/__/libraries/ioLibrary_Driver/Ethernet/wizchip_conf.c.obj
                0x1000648c                wizchip_bus_writedata
 .text.wizchip_qspi_read
                0x10006490        0x4 CMakeFiles/ping_client.dir/__/__/libraries/ioLibrary_Driver/Ethernet/wizchip_conf.c.obj
                0x10006490                wizchip_qspi_read
 .text.wizchip_qspi_write
                0x10006494        0x4 CMakeFiles/ping_client.dir/__/__/libraries/ioLibrary_Driver/Ethernet/wizchip_conf.c.obj
                0x10006494                wizchip_qspi_write
 .text.wizchip_cris_exit
                0x10006498        0x4 CMakeFiles/ping_client.dir/__/__/libraries/ioLibrary_Driver/Ethernet/wizchip_conf.c.obj
                0x10006498                wizchip_cris_exit
 .text.wizchip_cs_select
                0x1000649c        0x4 CMakeFiles/ping_client.dir/__/__/libraries/ioLibrary_Driver/Ethernet/wizchip_conf.c.obj
                0x1000649c                wizchip_cs_select
 .text.wizchip_cs_deselect
                0x100064a0        0x4 CMakeFiles/ping_client.dir/__/__/libraries/ioLibrary_Driver/Ethernet/wizchip_conf.c.obj
                0x100064a0                wizchip_cs_deselect
 .text.reg_wizchip_cris_cbfunc
                0x100064a4       0x24 CMakeFiles/ping_client.dir/__/__/libraries/ioLibrary_Driver/Ethernet/wizchip_conf.c.obj
                0x100064a4                reg_wizchip_cris_cbfunc
 .text.reg_wizchip_cs_cbfunc
                0x100064c8       0x24 CMakeFiles/ping_client.dir/__/__/libraries/ioLibrary_Driver/Ethernet/wizchip_conf.c.obj
                0x100064c8                reg_wizchip_cs_cbfunc
 .text.reg_wizchip_qspi_cbfunc
                0x100064ec       0x2c CMakeFiles/ping_client.dir/__/__/libraries/ioLibrary_Driver/Ethernet/wizchip_conf.c.obj
                0x100064ec                reg_wizchip_qspi_cbfunc
 .text.wizchip_sw_reset
                0x10006518      0x11c CMakeFiles/ping_client.dir/__/__/libraries/ioLibrary_Driver/Ethernet/wizchip_conf.c.obj
                0x10006518                wizchip_sw_reset
 .text.wizchip_init
                0x10006634      0x110 CMakeFiles/ping_client.dir/__/__/libraries/ioLibrary_Driver/Ethernet/wizchip_conf.c.obj
                0x10006634                wizchip_init
 .text.wizphy_setphyconf
                0x10006744       0x88 CMakeFiles/ping_client.dir/__/__/libraries/ioLibrary_Driver/Ethernet/wizchip_conf.c.obj
                0x10006744                wizphy_setphyconf
 .text.ctlwizchip
                0x100067cc      0x30c CMakeFiles/ping_client.dir/__/__/libraries/ioLibrary_Driver/Ethernet/wizchip_conf.c.obj
                0x100067cc                ctlwizchip
 .text.wizchip_setnetinfo
                0x10006ad8       0xb4 CMakeFiles/ping_client.dir/__/__/libraries/ioLibrary_Driver/Ethernet/wizchip_conf.c.obj
                0x10006ad8                wizchip_setnetinfo
 .text.wizchip_getnetinfo
                0x10006b8c       0xe4 CMakeFiles/ping_client.dir/__/__/libraries/ioLibrary_Driver/Ethernet/wizchip_conf.c.obj
                0x10006b8c                wizchip_getnetinfo
 .text.ctlnetwork
                0x10006c70      0x140 CMakeFiles/ping_client.dir/__/__/libraries/ioLibrary_Driver/Ethernet/wizchip_conf.c.obj
                0x10006c70                ctlnetwork
 .text.WIZCHIP_WRITE
                0x10006db0       0x38 CMakeFiles/ping_client.dir/__/__/libraries/ioLibrary_Driver/Ethernet/W6300/w6300.c.obj
                0x10006db0                WIZCHIP_WRITE
 .text.WIZCHIP_READ
                0x10006de8       0x3c CMakeFiles/ping_client.dir/__/__/libraries/ioLibrary_Driver/Ethernet/W6300/w6300.c.obj
                0x10006de8                WIZCHIP_READ
 .text.WIZCHIP_WRITE_BUF
                0x10006e24       0x38 CMakeFiles/ping_client.dir/__/__/libraries/ioLibrary_Driver/Ethernet/W6300/w6300.c.obj
                0x10006e24                WIZCHIP_WRITE_BUF
 .text.WIZCHIP_READ_BUF
                0x10006e5c       0x38 CMakeFiles/ping_client.dir/__/__/libraries/ioLibrary_Driver/Ethernet/W6300/w6300.c.obj
                0x10006e5c                WIZCHIP_READ_BUF
 .text.getSn_TX_FSR
                0x10006e94       0xa4 CMakeFiles/ping_client.dir/__/__/libraries/ioLibrary_Driver/Ethernet/W6300/w6300.c.obj
                0x10006e94                getSn_TX_FSR
 .text.getSn_RX_RSR
                0x10006f38       0xa4 CMakeFiles/ping_client.dir/__/__/libraries/ioLibrary_Driver/Ethernet/W6300/w6300.c.obj
                0x10006f38                getSn_RX_RSR
 .text.wiz_send_data
                0x10006fdc      0x118 CMakeFiles/ping_client.dir/__/__/libraries/ioLibrary_Driver/Ethernet/W6300/w6300.c.obj
                0x10006fdc                wiz_send_data
 .text.wiz_recv_data
                0x100070f4      0x128 CMakeFiles/ping_client.dir/__/__/libraries/ioLibrary_Driver/Ethernet/W6300/w6300.c.obj
                0x100070f4                wiz_recv_data
 .text.wiz_recv_ignore
                0x1000721c      0x138 CMakeFiles/ping_client.dir/__/__/libraries/ioLibrary_Driver/Ethernet/W6300/w6300.c.obj
                0x1000721c                wiz_recv_ignore
 .text.wiz_mdio_write
                0x10007354       0xd0 CMakeFiles/ping_client.dir/__/__/libraries/ioLibrary_Driver/Ethernet/W6300/w6300.c.obj
                0x10007354                wiz_mdio_write
 .text.wiz_mdio_read
                0x10007424       0xd4 CMakeFiles/ping_client.dir/__/__/libraries/ioLibrary_Driver/Ethernet/W6300/w6300.c.obj
                0x10007424                wiz_mdio_read
 .text.wizchip_critical_section_lock
                0x100074f8       0x2c CMakeFiles/ping_client.dir/__/__/port/ioLibrary_Driver/src/wizchip_spi.c.obj
 .text.wizchip_critical_section_unlock
                0x10007524       0x18 CMakeFiles/ping_client.dir/__/__/port/ioLibrary_Driver/src/wizchip_spi.c.obj
 .text.wizchip_reset
                0x1000753c       0x2c CMakeFiles/ping_client.dir/__/__/port/ioLibrary_Driver/src/wizchip_spi.c.obj
                0x1000753c                wizchip_reset
 .text.wizchip_spi_initialize
                0x10007568       0x20 CMakeFiles/ping_client.dir/__/__/port/ioLibrary_Driver/src/wizchip_spi.c.obj
                0x10007568                wizchip_spi_initialize
 .text.wizchip_cris_initialize
                0x10007588       0x20 CMakeFiles/ping_client.dir/__/__/port/ioLibrary_Driver/src/wizchip_spi.c.obj
                0x10007588                wizchip_cris_initialize
 .text.wizchip_initialize
                0x100075a8       0x78 CMakeFiles/ping_client.dir/__/__/port/ioLibrary_Driver/src/wizchip_spi.c.obj
                0x100075a8                wizchip_initialize
 .text.wizchip_check
                0x10007620       0x68 CMakeFiles/ping_client.dir/__/__/port/ioLibrary_Driver/src/wizchip_spi.c.obj
                0x10007620                wizchip_check
 .text.network_initialize
                0x10007688       0x34 CMakeFiles/ping_client.dir/__/__/port/ioLibrary_Driver/src/wizchip_spi.c.obj
                0x10007688                network_initialize
 .text.print_ipv6_addr
                0x100076bc       0x6c CMakeFiles/ping_client.dir/__/__/port/ioLibrary_Driver/src/wizchip_spi.c.obj
                0x100076bc                print_ipv6_addr
 .text.print_network_information
                0x10007728      0x12c CMakeFiles/ping_client.dir/__/__/port/ioLibrary_Driver/src/wizchip_spi.c.obj
                0x10007728                print_network_information
 .text.wiznet_spi_pio_set_active
                0x10007854        0xc CMakeFiles/ping_client.dir/__/__/port/ioLibrary_Driver/src/wizchip_qspi_pio.c.obj
 .text.wiznet_spi_pio_set_inactive
                0x10007860        0xc CMakeFiles/ping_client.dir/__/__/port/ioLibrary_Driver/src/wizchip_qspi_pio.c.obj
 .text.wiznet_spi_pio_frame_start
                0x1000786c       0x60 CMakeFiles/ping_client.dir/__/__/port/ioLibrary_Driver/src/wizchip_qspi_pio.c.obj
 .text.wizchip_spi_pio_reset
                0x100078cc       0x2c CMakeFiles/ping_client.dir/__/__/port/ioLibrary_Driver/src/wizchip_qspi_pio.c.obj
 .text.wiznet_spi_pio_close
                0x100078f8       0x64 CMakeFiles/ping_client.dir/__/__/port/ioLibrary_Driver/src/wizchip_qspi_pio.c.obj
 .text.wiznet_spi_pio_write_byte
                0x1000795c      0x240 CMakeFiles/ping_client.dir/__/__/port/ioLibrary_Driver/src/wizchip_qspi_pio.c.obj
                0x1000795c                wiznet_spi_pio_write_byte
 .text.ns_delay.constprop.0
                0x10007b9c       0x24 CMakeFiles/ping_client.dir/__/__/port/ioLibrary_Driver/src/wizchip_qspi_pio.c.obj
 .text.wiznet_spi_pio_frame_end
                0x10007bc0       0x18 CMakeFiles/ping_client.dir/__/__/port/ioLibrary_Driver/src/wizchip_qspi_pio.c.obj
 .text.wiznet_spi_pio_read_byte
                0x10007bd8      0x240 CMakeFiles/ping_client.dir/__/__/port/ioLibrary_Driver/src/wizchip_qspi_pio.c.obj
                0x10007bd8                wiznet_spi_pio_read_byte
 .text.wiznet_spi_pio_open
                0x10007e18      0x33c CMakeFiles/ping_client.dir/__/__/port/ioLibrary_Driver/src/wizchip_qspi_pio.c.obj
                0x10007e18                wiznet_spi_pio_open
 .text.pio_sm_unclaim
                0x10008154       0x1c CMakeFiles/ping_client.dir/__/__/libraries/pico-sdk/src/rp2_common/hardware_pio/pio.c.obj
                0x10008154                pio_sm_unclaim
 .text.pio_claim_unused_sm
                0x10008170       0x38 CMakeFiles/ping_client.dir/__/__/libraries/pico-sdk/src/rp2_common/hardware_pio/pio.c.obj
                0x10008170                pio_claim_unused_sm
 .text.pio_can_add_program
                0x100081a8       0xa4 CMakeFiles/ping_client.dir/__/__/libraries/pico-sdk/src/rp2_common/hardware_pio/pio.c.obj
                0x100081a8                pio_can_add_program
 .text.pio_add_program
                0x1000824c      0x108 CMakeFiles/ping_client.dir/__/__/libraries/pico-sdk/src/rp2_common/hardware_pio/pio.c.obj
                0x1000824c                pio_add_program
 .text.pio_remove_program
                0x10008354       0x38 CMakeFiles/ping_client.dir/__/__/libraries/pico-sdk/src/rp2_common/hardware_pio/pio.c.obj
                0x10008354                pio_remove_program
 .text.pio_sm_set_pindirs_with_mask
                0x1000838c       0x6c CMakeFiles/ping_client.dir/__/__/libraries/pico-sdk/src/rp2_common/hardware_pio/pio.c.obj
                0x1000838c                pio_sm_set_pindirs_with_mask
 .text.pio_sm_set_consecutive_pindirs
                0x100083f8       0x90 CMakeFiles/ping_client.dir/__/__/libraries/pico-sdk/src/rp2_common/hardware_pio/pio.c.obj
                0x100083f8                pio_sm_set_consecutive_pindirs
 .text.dma_channel_unclaim
                0x10008488        0xc CMakeFiles/ping_client.dir/__/__/libraries/pico-sdk/src/rp2_common/hardware_dma/dma.c.obj
                0x10008488                dma_channel_unclaim
 .text.dma_claim_unused_channel
                0x10008494       0x20 CMakeFiles/ping_client.dir/__/__/libraries/pico-sdk/src/rp2_common/hardware_dma/dma.c.obj
                0x10008494                dma_claim_unused_channel
 .text.set_ping_mode_w6x00
                0x100084b4        0xc CMakeFiles/ping_client.dir/__/__/libraries/PING/ping.c.obj
                0x100084b4                set_ping_mode_w6x00
 .text.ping_request
                0x100084c0       0xbc CMakeFiles/ping_client.dir/__/__/libraries/PING/ping.c.obj
                0x100084c0                ping_request
 .text.ping_reply
                0x1000857c      0x164 CMakeFiles/ping_client.dir/__/__/libraries/PING/ping.c.obj
                0x1000857c                ping_reply
 .text.ping_request_v6
                0x100086e0      0x17c CMakeFiles/ping_client.dir/__/__/libraries/PING/ping.c.obj
                0x100086e0                ping_request_v6
 .text.ping_reply_v6
                0x1000885c      0x298 CMakeFiles/ping_client.dir/__/__/libraries/PING/ping.c.obj
                0x1000885c                ping_reply_v6
 .text.ping_auto
                0x10008af4      0x19c CMakeFiles/ping_client.dir/__/__/libraries/PING/ping.c.obj
                0x10008af4                ping_auto
 .text.do_ping  0x10008c90       0x40 CMakeFiles/ping_client.dir/__/__/libraries/PING/ping.c.obj
                0x10008c90                do_ping
 .text          0x10008cd0       0xec c:/progra~2/gnuarm~1/102021~1.10/bin/../lib/gcc/arm-none-eabi/10.3.1/../../../../arm-none-eabi/lib/thumb/v8-m.main+fp/softfp\libg.a(lib_a-memcpy.o)
                0x10008cd0                memcpy
 .text.memset   0x10008dbc       0xa4 c:/progra~2/gnuarm~1/102021~1.10/bin/../lib/gcc/arm-none-eabi/10.3.1/../../../../arm-none-eabi/lib/thumb/v8-m.main+fp/softfp\libg.a(lib_a-memset.o)
                0x10008dbc                memset
 .text.strlen   0x10008e60       0x5c c:/progra~2/gnuarm~1/102021~1.10/bin/../lib/gcc/arm-none-eabi/10.3.1/../../../../arm-none-eabi/lib/thumb/v8-m.main+fp/softfp\libg.a(lib_a-strlen-stub.o)
                0x10008e60                strlen
 *(.fini)
 .fini          0x10008ebc        0x4 c:/progra~2/gnuarm~1/102021~1.10/bin/../lib/gcc/arm-none-eabi/10.3.1/thumb/v8-m.main+fp/softfp/crti.o
                0x10008ebc                _fini
 .fini.__stub   0x10008ec0       0xb0 linker stubs
 *crtbegin.o(.ctors)
 *crtbegin?.o(.ctors)
 *(EXCLUDE_FILE(*crtend.o *crtend?.o) .ctors)
 *(SORT_BY_NAME(.ctors.*))
 *(.ctors)
 *crtbegin.o(.dtors)
 *crtbegin?.o(.dtors)
 *(EXCLUDE_FILE(*crtend.o *crtend?.o) .dtors)
 *(SORT_BY_NAME(.dtors.*))
 *(.dtors)
                0x10008f70                . = ALIGN (0x4)
                0x10008f70                PROVIDE (__preinit_array_start = .)
 *(SORT_BY_NAME(.preinit_array.*))
 .preinit_array.00050
                0x10008f70        0x4 CMakeFiles/ping_client.dir/__/__/libraries/pico-sdk/src/rp2_common/pico_runtime_init/runtime_init.c.obj
                0x10008f70                __pre_init_runtime_init_bootrom_reset
 .preinit_array.00100
                0x10008f74        0x4 CMakeFiles/ping_client.dir/__/__/libraries/pico-sdk/src/rp2_common/pico_runtime_init/runtime_init.c.obj
                0x10008f74                __pre_init_runtime_init_early_resets
 .preinit_array.00101
                0x10008f78        0x4 CMakeFiles/ping_client.dir/__/__/libraries/pico-sdk/src/rp2_common/pico_runtime_init/runtime_init.c.obj
                0x10008f78                __pre_init_runtime_init_usb_power_down
 .preinit_array.00500
                0x10008f7c        0x4 CMakeFiles/ping_client.dir/__/__/libraries/pico-sdk/src/rp2_common/pico_runtime_init/runtime_init.c.obj
                0x10008f7c                __pre_init_runtime_init_clocks
 .preinit_array.00600
                0x10008f80        0x4 CMakeFiles/ping_client.dir/__/__/libraries/pico-sdk/src/rp2_common/pico_runtime_init/runtime_init.c.obj
                0x10008f80                __pre_init_runtime_init_post_clock_resets
 .preinit_array.01000
                0x10008f84        0x4 CMakeFiles/ping_client.dir/__/__/libraries/pico-sdk/src/rp2_common/pico_runtime_init/runtime_init.c.obj
                0x10008f84                __pre_init_runtime_init_spin_locks_reset
 .preinit_array.01000
                0x10008f88        0x4 CMakeFiles/ping_client.dir/__/__/libraries/pico-sdk/src/rp2_common/hardware_boot_lock/boot_lock.c.obj
                0x10008f88                __pre_init_runtime_init_boot_locks_reset
 .preinit_array.01010
                0x10008f8c        0x4 CMakeFiles/ping_client.dir/__/__/libraries/pico-sdk/src/rp2_common/pico_bootrom/bootrom_lock.c.obj
                0x10008f8c                __pre_init_runtime_init_bootrom_locking_enable
 .preinit_array.01100
                0x10008f90        0x4 CMakeFiles/ping_client.dir/__/__/libraries/pico-sdk/src/common/pico_sync/mutex.c.obj
                0x10008f90                __pre_init_runtime_init_mutex
 .preinit_array.10080
                0x10008f94        0x4 CMakeFiles/ping_client.dir/__/__/libraries/pico-sdk/src/rp2_common/pico_runtime_init/runtime_init.c.obj
                0x10008f94                __pre_init_runtime_init_install_ram_vector_table
 .preinit_array.11000
                0x10008f98        0x4 CMakeFiles/ping_client.dir/__/__/libraries/pico-sdk/src/common/pico_time/time.c.obj
                0x10008f98                __pre_init_runtime_init_default_alarm_pool
 .preinit_array.YYYYY
                0x10008f9c        0x4 CMakeFiles/ping_client.dir/__/__/libraries/pico-sdk/src/rp2_common/pico_runtime/runtime.c.obj
                0x10008f9c                __pre_init_first_per_core_initializer
 .preinit_array.ZZZZZ.00051
                0x10008fa0        0x4 CMakeFiles/ping_client.dir/__/__/libraries/pico-sdk/src/rp2_common/pico_runtime_init/runtime_init.c.obj
                0x10008fa0                __pre_init_runtime_init_per_core_bootrom_reset
 .preinit_array.ZZZZZ.00200
                0x10008fa4        0x4 CMakeFiles/ping_client.dir/__/__/libraries/pico-sdk/src/rp2_common/pico_runtime_init/runtime_init.c.obj
                0x10008fa4                __pre_init_runtime_init_per_core_enable_coprocessors
 .preinit_array.ZZZZZ.01000
                0x10008fa8        0x4 CMakeFiles/ping_client.dir/__/__/libraries/pico-sdk/src/rp2_common/hardware_sync_spin_lock/sync_spin_lock.c.obj
                0x10008fa8                __pre_init_spinlock_set_extexclall
 .preinit_array.ZZZZZ.01200
                0x10008fac        0x4 CMakeFiles/ping_client.dir/__/__/libraries/pico-sdk/src/rp2_common/hardware_irq/irq.c.obj
                0x10008fac                __pre_init_runtime_init_per_core_irq_priorities
 *(.preinit_array)
                0x10008fb0                PROVIDE (__preinit_array_end = .)
                0x10008fb0                . = ALIGN (0x4)
                0x10008fb0                PROVIDE (__init_array_start = .)
 *(SORT_BY_NAME(.init_array.*))
 *(.init_array)
 .init_array    0x10008fb0        0x4 c:/progra~2/gnuarm~1/102021~1.10/bin/../lib/gcc/arm-none-eabi/10.3.1/thumb/v8-m.main+fp/softfp/crtbegin.o
 .init_array    0x10008fb4        0x4 CMakeFiles/ping_client.dir/__/__/libraries/pico-sdk/src/rp2_common/pico_unique_id/unique_id.c.obj
                0x10008fb8                PROVIDE (__init_array_end = .)
                0x10008fb8                . = ALIGN (0x4)
                [!provide]                PROVIDE (__fini_array_start = .)
 *(SORT_BY_NAME(.fini_array.*))
 *(.fini_array)
                [!provide]                PROVIDE (__fini_array_end = .)
 *(.eh_frame*)
 .eh_frame      0x10008fb8        0x0 c:/progra~2/gnuarm~1/102021~1.10/bin/../lib/gcc/arm-none-eabi/10.3.1/thumb/v8-m.main+fp/softfp/crtbegin.o
                0x10008fb8                . = ALIGN (0x4)

.glue_7         0x10008fb8        0x0
 .glue_7        0x10008fb8        0x0 linker stubs

.glue_7t        0x10008fb8        0x0
 .glue_7t       0x10008fb8        0x0 linker stubs

.vfp11_veneer   0x10008fb8        0x0
 .vfp11_veneer  0x10008fb8        0x0 linker stubs

.v4_bx          0x10008fb8        0x0
 .v4_bx         0x10008fb8        0x0 linker stubs

.iplt           0x10008fb8        0x0
 .iplt          0x10008fb8        0x0 c:/progra~2/gnuarm~1/102021~1.10/bin/../lib/gcc/arm-none-eabi/10.3.1/thumb/v8-m.main+fp/softfp/crtbegin.o

.boot2          0x10008fb8        0x0
                0x10008fb8                __boot2_start__ = .
 *(.boot2)
                0x10008fb8                __boot2_end__ = .
                0x00000001                ASSERT (((__boot2_end__ - __boot2_start__) <= 0x100), ERROR: Pico second stage bootloader must be no more than 256 bytes in size)

.rodata         0x10008fb8      0x874
 *(EXCLUDE_FILE(*libm.a: *libc.a:*lib_a-mem*.o *libgcc.a:) .rodata*)
 .rodata.main.str1.4
                0x10008fb8       0x32 CMakeFiles/ping_client.dir/ping_client.c.obj
 *fill*         0x10008fea        0x2 
 .rodata.panic.str1.4
                0x10008fec       0x10 CMakeFiles/ping_client.dir/__/__/libraries/pico-sdk/src/rp2_common/pico_platform_panic/panic.c.obj
                                 0x12 (size before relaxing)
 .rodata.spin_lock_claim_unused.str1.4
                0x10008ffc       0x1b CMakeFiles/ping_client.dir/__/__/libraries/pico-sdk/src/rp2_common/hardware_sync/sync.c.obj
 *fill*         0x10009017        0x1 
 .rodata.user_irq_claim_unused.str1.4
                0x10009018       0x1b CMakeFiles/ping_client.dir/__/__/libraries/pico-sdk/src/rp2_common/hardware_irq/irq.c.obj
 *fill*         0x10009033        0x1 
 .rodata.timer_hardware_alarm_claim.str1.4
                0x10009034       0x22 CMakeFiles/ping_client.dir/__/__/libraries/pico-sdk/src/rp2_common/hardware_timer/timer.c.obj
 *fill*         0x10009056        0x2 
 .rodata.hard_assertion_failure.str1.4
                0x10009058        0xc CMakeFiles/ping_client.dir/__/__/libraries/pico-sdk/src/rp2_common/pico_runtime/runtime.c.obj
 .rodata.str1.4
                0x10009064       0x30 CMakeFiles/ping_client.dir/__/__/libraries/pico-sdk/src/rp2_common/pico_standard_binary_info/standard_binary_info.c.obj
 .rodata.__bi_26
                0x10009094        0xc CMakeFiles/ping_client.dir/__/__/libraries/pico-sdk/src/rp2_common/pico_standard_binary_info/standard_binary_info.c.obj
 .rodata.__bi_34
                0x100090a0        0xc CMakeFiles/ping_client.dir/__/__/libraries/pico-sdk/src/rp2_common/pico_standard_binary_info/standard_binary_info.c.obj
 .rodata.__bi_42
                0x100090ac        0xc CMakeFiles/ping_client.dir/__/__/libraries/pico-sdk/src/rp2_common/pico_standard_binary_info/standard_binary_info.c.obj
 .rodata.__bi_48
                0x100090b8        0xc CMakeFiles/ping_client.dir/__/__/libraries/pico-sdk/src/rp2_common/pico_standard_binary_info/standard_binary_info.c.obj
 .rodata.__bi_54
                0x100090c4        0xc CMakeFiles/ping_client.dir/__/__/libraries/pico-sdk/src/rp2_common/pico_standard_binary_info/standard_binary_info.c.obj
 .rodata.__bi_84
                0x100090d0        0xc CMakeFiles/ping_client.dir/__/__/libraries/pico-sdk/src/rp2_common/pico_standard_binary_info/standard_binary_info.c.obj
 .rodata._ftoa.str1.4
                0x100090dc       0x15 CMakeFiles/ping_client.dir/__/__/libraries/pico-sdk/src/rp2_common/pico_printf/printf.c.obj
 *fill*         0x100090f1        0x7 
 .rodata.pow10.0
                0x100090f8       0x50 CMakeFiles/ping_client.dir/__/__/libraries/pico-sdk/src/rp2_common/pico_printf/printf.c.obj
 .rodata.crlf_str.0
                0x10009148        0x2 CMakeFiles/ping_client.dir/__/__/libraries/pico-sdk/src/rp2_common/pico_stdio/stdio.c.obj
 *fill*         0x1000914a        0x2 
 .rodata._resetd_driver
                0x1000914c       0x20 CMakeFiles/ping_client.dir/__/__/libraries/pico-sdk/src/rp2_common/pico_stdio_usb/reset_interface.c.obj
 .rodata.desc_bos
                0x1000916c       0x21 CMakeFiles/ping_client.dir/__/__/libraries/pico-sdk/src/rp2_common/pico_stdio_usb/reset_interface.c.obj
                0x1000916c                desc_bos
 *fill*         0x1000918d        0x3 
 .rodata.desc_ms_os_20
                0x10009190       0xa6 CMakeFiles/ping_client.dir/__/__/libraries/pico-sdk/src/rp2_common/pico_stdio_usb/reset_interface.c.obj
 *fill*         0x10009236        0x2 
 .rodata.str1.4
                0x10009238       0x13 CMakeFiles/ping_client.dir/__/__/libraries/pico-sdk/src/rp2_common/pico_stdio_usb/stdio_usb.c.obj
 *fill*         0x1000924b        0x1 
 .rodata.__bi_197.0
                0x1000924c        0xc CMakeFiles/ping_client.dir/__/__/libraries/pico-sdk/src/rp2_common/pico_stdio_usb/stdio_usb.c.obj
 .rodata.str1.4
                0x10009258       0x2a CMakeFiles/ping_client.dir/__/__/libraries/pico-sdk/src/rp2_common/pico_stdio_usb/stdio_usb_descriptors.c.obj
 *fill*         0x10009282        0x2 
 .rodata.usbd_desc_cfg
                0x10009284       0x54 CMakeFiles/ping_client.dir/__/__/libraries/pico-sdk/src/rp2_common/pico_stdio_usb/stdio_usb_descriptors.c.obj
 .rodata.usbd_desc_device
                0x100092d8       0x12 CMakeFiles/ping_client.dir/__/__/libraries/pico-sdk/src/rp2_common/pico_stdio_usb/stdio_usb_descriptors.c.obj
 *fill*         0x100092ea        0x2 
 .rodata.usbd_desc_str
                0x100092ec       0x18 CMakeFiles/ping_client.dir/__/__/libraries/pico-sdk/src/rp2_common/pico_stdio_usb/stdio_usb_descriptors.c.obj
 .rodata.str1.4
                0x10009304       0x14 CMakeFiles/ping_client.dir/__/__/libraries/pico-sdk/lib/tinyusb/src/portable/raspberrypi/rp2040/dcd_rp2040.c.obj
 .rodata.str1.4
                0x10009318       0x48 CMakeFiles/ping_client.dir/__/__/libraries/pico-sdk/lib/tinyusb/src/portable/raspberrypi/rp2040/rp2040_usb.c.obj
 .rodata._usbd_driver
                0x10009360       0x40 CMakeFiles/ping_client.dir/__/__/libraries/pico-sdk/lib/tinyusb/src/device/usbd.c.obj
 .rodata.wizchip_initialize.str1.4
                0x100093a0       0x31 CMakeFiles/ping_client.dir/__/__/port/ioLibrary_Driver/src/wizchip_spi.c.obj
 *fill*         0x100093d1        0x3 
 .rodata.wizchip_check.str1.4
                0x100093d4       0x36 CMakeFiles/ping_client.dir/__/__/port/ioLibrary_Driver/src/wizchip_spi.c.obj
 *fill*         0x1000940a        0x2 
 .rodata.print_ipv6_addr.str1.4
                0x1000940c       0x35 CMakeFiles/ping_client.dir/__/__/port/ioLibrary_Driver/src/wizchip_spi.c.obj
 *fill*         0x10009441        0x3 
 .rodata.print_network_information.str1.4
                0x10009444      0x15c CMakeFiles/ping_client.dir/__/__/port/ioLibrary_Driver/src/wizchip_spi.c.obj
 .rodata.str1.4
                0x100095a0        0xe CMakeFiles/ping_client.dir/__/__/port/ioLibrary_Driver/src/wizchip_spi.c.obj
 *fill*         0x100095ae        0x2 
 .rodata        0x100095b0       0x10 CMakeFiles/ping_client.dir/__/__/port/ioLibrary_Driver/src/wizchip_spi.c.obj
 .rodata.__bi_103.0
                0x100095c0        0xc CMakeFiles/ping_client.dir/__/__/port/ioLibrary_Driver/src/wizchip_spi.c.obj
 .rodata.wiznet_spi_pio_open.str1.4
                0x100095cc       0x38 CMakeFiles/ping_client.dir/__/__/port/ioLibrary_Driver/src/wizchip_qspi_pio.c.obj
 .rodata.wizchip_pio_spi_quad_write_read_program
                0x10009604        0x8 CMakeFiles/ping_client.dir/__/__/port/ioLibrary_Driver/src/wizchip_qspi_pio.c.obj
 .rodata.wizchip_pio_spi_quad_write_read_program_instructions
                0x1000960c       0x12 CMakeFiles/ping_client.dir/__/__/port/ioLibrary_Driver/src/wizchip_qspi_pio.c.obj
 *fill*         0x1000961e        0x2 
 .rodata.pio_claim_unused_sm.str1.4
                0x10009620       0x24 CMakeFiles/ping_client.dir/__/__/libraries/pico-sdk/src/rp2_common/hardware_pio/pio.c.obj
 .rodata.dma_claim_unused_channel.str1.4
                0x10009644       0x1e CMakeFiles/ping_client.dir/__/__/libraries/pico-sdk/src/rp2_common/hardware_dma/dma.c.obj
 *fill*         0x10009662        0x2 
 .rodata.ping_request.str1.4
                0x10009664       0x40 CMakeFiles/ping_client.dir/__/__/libraries/PING/ping.c.obj
 .rodata.ping_reply.str1.4
                0x100096a4       0xbf CMakeFiles/ping_client.dir/__/__/libraries/PING/ping.c.obj
 *fill*         0x10009763        0x1 
 .rodata.ping_request_v6.str1.4
                0x10009764        0xd CMakeFiles/ping_client.dir/__/__/libraries/PING/ping.c.obj
                                 0x35 (size before relaxing)
 *fill*         0x10009771        0x3 
 .rodata.ping_reply_v6.str1.4
                0x10009774        0xd CMakeFiles/ping_client.dir/__/__/libraries/PING/ping.c.obj
                                 0x23 (size before relaxing)
 *fill*         0x10009781        0x3 
 .rodata.ping_auto.str1.4
                0x10009784       0x6c CMakeFiles/ping_client.dir/__/__/libraries/PING/ping.c.obj
 .rodata.do_ping.str1.4
                0x100097f0       0x3a CMakeFiles/ping_client.dir/__/__/libraries/PING/ping.c.obj
 *(.srodata*)
                0x1000982c                . = ALIGN (0x4)
 *fill*         0x1000982a        0x2 
 *(SORT_BY_ALIGNMENT(SORT_BY_NAME(.flashdata*)))
                0x1000982c                . = ALIGN (0x4)

.ARM.extab
 *(.ARM.extab* .gnu.linkonce.armextab.*)
                0x1000982c                __exidx_start = .

.ARM.exidx      0x1000982c        0x8
 *(.ARM.exidx* .gnu.linkonce.armexidx.*)
 .ARM.exidx     0x1000982c        0x8 c:/progra~2/gnuarm~1/102021~1.10/bin/../lib/gcc/arm-none-eabi/10.3.1/thumb/v8-m.main+fp/softfp\libgcc.a(_udivmoddi4.o)
                0x10009834                __exidx_end = .
                0x10009834                . = ALIGN (0x4)
                0x10009834                __binary_info_start = .

.binary_info    0x10009834       0x20
 *(.binary_info.keep.*)
 .binary_info.keep.__bi_ptr26
                0x10009834        0x4 CMakeFiles/ping_client.dir/__/__/libraries/pico-sdk/src/rp2_common/pico_standard_binary_info/standard_binary_info.c.obj
 .binary_info.keep.__bi_ptr34
                0x10009838        0x4 CMakeFiles/ping_client.dir/__/__/libraries/pico-sdk/src/rp2_common/pico_standard_binary_info/standard_binary_info.c.obj
 .binary_info.keep.__bi_ptr42
                0x1000983c        0x4 CMakeFiles/ping_client.dir/__/__/libraries/pico-sdk/src/rp2_common/pico_standard_binary_info/standard_binary_info.c.obj
 .binary_info.keep.__bi_ptr48
                0x10009840        0x4 CMakeFiles/ping_client.dir/__/__/libraries/pico-sdk/src/rp2_common/pico_standard_binary_info/standard_binary_info.c.obj
 .binary_info.keep.__bi_ptr54
                0x10009844        0x4 CMakeFiles/ping_client.dir/__/__/libraries/pico-sdk/src/rp2_common/pico_standard_binary_info/standard_binary_info.c.obj
 .binary_info.keep.__bi_ptr84
                0x10009848        0x4 CMakeFiles/ping_client.dir/__/__/libraries/pico-sdk/src/rp2_common/pico_standard_binary_info/standard_binary_info.c.obj
 .binary_info.keep.__bi_ptr103
                0x1000984c        0x4 CMakeFiles/ping_client.dir/__/__/port/ioLibrary_Driver/src/wizchip_spi.c.obj
 *(.binary_info.*)
 .binary_info.__bi_ptr197
                0x10009850        0x4 CMakeFiles/ping_client.dir/__/__/libraries/pico-sdk/src/rp2_common/pico_stdio_usb/stdio_usb.c.obj
                0x10009854                __binary_info_end = .
                0x10009854                . = ALIGN (0x4)

.ram_vector_table
                0x20000000      0x110
 *(.ram_vector_table)
 .ram_vector_table
                0x20000000      0x110 CMakeFiles/ping_client.dir/__/__/libraries/pico-sdk/src/rp2_common/pico_runtime_init/runtime_init.c.obj
                0x20000000                ram_vector_table

.uninitialized_data
                0x20000110        0x0
                0x20000110                . = ALIGN (0x4)
 *(.uninitialized_data*)

.data           0x20000110     0x11a8 load address 0x10009854
                0x20000110                __data_start__ = .
 *(vtable)
 *(.time_critical*)
 .time_critical.mutex_try_enter
                0x20000110       0x54 CMakeFiles/ping_client.dir/__/__/libraries/pico-sdk/src/common/pico_sync/mutex.c.obj
                0x20000110                mutex_try_enter
 .time_critical.mutex_enter_block_until
                0x20000164       0x6c CMakeFiles/ping_client.dir/__/__/libraries/pico-sdk/src/common/pico_sync/mutex.c.obj
                0x20000164                mutex_enter_block_until
 .time_critical.mutex_try_enter_block_until
                0x200001d0       0x6c CMakeFiles/ping_client.dir/__/__/libraries/pico-sdk/src/common/pico_sync/mutex.c.obj
                0x200001d0                mutex_try_enter_block_until
 .time_critical.mutex_enter_timeout_ms
                0x2000023c       0x2c CMakeFiles/ping_client.dir/__/__/libraries/pico-sdk/src/common/pico_sync/mutex.c.obj
                0x2000023c                mutex_enter_timeout_ms
 .time_critical.mutex_exit
                0x20000268       0x3c CMakeFiles/ping_client.dir/__/__/libraries/pico-sdk/src/common/pico_sync/mutex.c.obj
                0x20000268                mutex_exit
 .time_critical.reset_non_control_endpoints
                0x200002a4       0x64 CMakeFiles/ping_client.dir/__/__/libraries/pico-sdk/lib/tinyusb/src/portable/raspberrypi/rp2040/dcd_rp2040.c.obj
 .time_critical.hw_handle_buff_status
                0x20000308       0xa0 CMakeFiles/ping_client.dir/__/__/libraries/pico-sdk/lib/tinyusb/src/portable/raspberrypi/rp2040/dcd_rp2040.c.obj
 .time_critical.dcd_rp2040_irq
                0x200003a8      0x508 CMakeFiles/ping_client.dir/__/__/libraries/pico-sdk/lib/tinyusb/src/portable/raspberrypi/rp2040/dcd_rp2040.c.obj
 .time_critical.prepare_ep_buffer
                0x200008b0       0xc8 CMakeFiles/ping_client.dir/__/__/libraries/pico-sdk/lib/tinyusb/src/portable/raspberrypi/rp2040/rp2040_usb.c.obj
 .time_critical.sync_ep_buffer
                0x20000978       0xb8 CMakeFiles/ping_client.dir/__/__/libraries/pico-sdk/lib/tinyusb/src/portable/raspberrypi/rp2040/rp2040_usb.c.obj
 .time_critical._hw_endpoint_xfer_sync
                0x20000a30       0x2c CMakeFiles/ping_client.dir/__/__/libraries/pico-sdk/lib/tinyusb/src/portable/raspberrypi/rp2040/rp2040_usb.c.obj
 .time_critical.e15_is_bulkin_ep
                0x20000a5c       0x28 CMakeFiles/ping_client.dir/__/__/libraries/pico-sdk/lib/tinyusb/src/portable/raspberrypi/rp2040/rp2040_usb.c.obj
 .time_critical.e15_is_critical_frame_period
                0x20000a84       0x28 CMakeFiles/ping_client.dir/__/__/libraries/pico-sdk/lib/tinyusb/src/portable/raspberrypi/rp2040/rp2040_usb.c.obj
 .time_critical.hw_endpoint_reset_transfer
                0x20000aac        0xc CMakeFiles/ping_client.dir/__/__/libraries/pico-sdk/lib/tinyusb/src/portable/raspberrypi/rp2040/rp2040_usb.c.obj
                0x20000aac                hw_endpoint_reset_transfer
 .time_critical._hw_endpoint_buffer_control_update32
                0x20000ab8       0x44 CMakeFiles/ping_client.dir/__/__/libraries/pico-sdk/lib/tinyusb/src/portable/raspberrypi/rp2040/rp2040_usb.c.obj
                0x20000ab8                _hw_endpoint_buffer_control_update32
 .time_critical.hw_endpoint_start_next_buffer
                0x20000afc       0x64 CMakeFiles/ping_client.dir/__/__/libraries/pico-sdk/lib/tinyusb/src/portable/raspberrypi/rp2040/rp2040_usb.c.obj
                0x20000afc                hw_endpoint_start_next_buffer
 .time_critical.hw_endpoint_xfer_continue
                0x20000b60       0x40 CMakeFiles/ping_client.dir/__/__/libraries/pico-sdk/lib/tinyusb/src/portable/raspberrypi/rp2040/rp2040_usb.c.obj
                0x20000b60                hw_endpoint_xfer_continue
 .time_critical.tinyusb
                0x20000ba0      0x218 CMakeFiles/ping_client.dir/__/__/libraries/pico-sdk/lib/tinyusb/src/device/usbd.c.obj
                0x20000ba0                dcd_event_handler
 *(.text*)
 .text          0x20000db8       0x30 c:/progra~2/gnuarm~1/102021~1.10/bin/../lib/gcc/arm-none-eabi/10.3.1/thumb/v8-m.main+fp/softfp\libgcc.a(_aeabi_uldivmod.o)
                0x20000db8                __aeabi_uldivmod
 .text          0x20000de8      0x2ec c:/progra~2/gnuarm~1/102021~1.10/bin/../lib/gcc/arm-none-eabi/10.3.1/thumb/v8-m.main+fp/softfp\libgcc.a(_udivmoddi4.o)
                0x20000de8                __udivmoddi4
 .text          0x200010d4        0x4 c:/progra~2/gnuarm~1/102021~1.10/bin/../lib/gcc/arm-none-eabi/10.3.1/thumb/v8-m.main+fp/softfp\libgcc.a(_dvmd_tls.o)
                0x200010d4                __aeabi_idiv0
                0x200010d4                __aeabi_ldiv0
 .text.__stub   0x200010d8       0x60 linker stubs
                0x20001138                . = ALIGN (0x4)
 *(.rodata*)
                0x20001138                . = ALIGN (0x4)
 *(.data*)
 .data.net_info
                0x20001138       0x68 CMakeFiles/ping_client.dir/ping_client.c.obj
                0x20001138                net_info
 .data.remote_ip6
                0x200011a0       0x10 CMakeFiles/ping_client.dir/ping_client.c.obj
                0x200011a0                remote_ip6
 .data.striped_spin_lock_num
                0x200011b0        0x1 CMakeFiles/ping_client.dir/__/__/libraries/pico-sdk/src/rp2_common/hardware_sync/sync.c.obj
 *fill*         0x200011b1        0x3 
 .data          0x200011b4       0x48 CMakeFiles/ping_client.dir/__/__/libraries/pico-sdk/src/rp2_common/hardware_irq/irq_handler_chain.S.obj
                0x200011b4                irq_handler_chain_slots
                0x200011e4                irq_handler_chain_first_slot
                0x200011ee                irq_handler_chain_remove_tail
 .data.default_alarm_pool
                0x200011fc       0x18 CMakeFiles/ping_client.dir/__/__/libraries/pico-sdk/src/common/pico_time/time.c.obj
 .data.stdio_usb
                0x20001214       0x18 CMakeFiles/ping_client.dir/__/__/libraries/pico-sdk/src/rp2_common/pico_stdio_usb/stdio_usb.c.obj
                0x20001214                stdio_usb
 .data._usbd_qdef
                0x2000122c       0x1c CMakeFiles/ping_client.dir/__/__/libraries/pico-sdk/lib/tinyusb/src/device/usbd.c.obj
                0x2000122c                _usbd_qdef
 .data._usbd_rhport
                0x20001248        0x1 CMakeFiles/ping_client.dir/__/__/libraries/pico-sdk/lib/tinyusb/src/device/usbd.c.obj
 *fill*         0x20001249        0x1 
 .data.sock_any_port
                0x2000124a        0x2 CMakeFiles/ping_client.dir/__/__/libraries/ioLibrary_Driver/Ethernet/socket.c.obj
 .data.WIZCHIP  0x2000124c       0x2c CMakeFiles/ping_client.dir/__/__/libraries/ioLibrary_Driver/Ethernet/wizchip_conf.c.obj
                0x2000124c                WIZCHIP
 .data.g_spi_config
                0x20001278        0xc CMakeFiles/ping_client.dir/__/__/port/ioLibrary_Driver/src/wizchip_spi.c.obj
                0x20001278                g_spi_config
 .data.funcs.0  0x20001284       0x28 CMakeFiles/ping_client.dir/__/__/port/ioLibrary_Driver/src/wizchip_qspi_pio.c.obj
 .data.RandomID
                0x200012ac        0x2 CMakeFiles/ping_client.dir/__/__/libraries/PING/ping.c.obj
 .data.RandomSeqNum
                0x200012ae        0x2 CMakeFiles/ping_client.dir/__/__/libraries/PING/ping.c.obj
 *(.sdata*)
                0x200012b0                . = ALIGN (0x4)
 *(.after_data.*)
                0x200012b0                . = ALIGN (0x4)
                0x200012b0                PROVIDE (__mutex_array_start = .)
 *(SORT_BY_NAME(.mutex_array.*))
 *(.mutex_array)
 .mutex_array   0x200012b0        0x8 CMakeFiles/ping_client.dir/__/__/libraries/pico-sdk/src/rp2_common/pico_stdio/stdio.c.obj
                0x200012b8                PROVIDE (__mutex_array_end = .)
 *(.jcr)
                0x200012b8                . = ALIGN (0x4)

.igot.plt       0x200012b8        0x0 load address 0x1000a9fc
 .igot.plt      0x200012b8        0x0 c:/progra~2/gnuarm~1/102021~1.10/bin/../lib/gcc/arm-none-eabi/10.3.1/thumb/v8-m.main+fp/softfp/crtbegin.o

.tdata          0x200012b8        0x0 load address 0x1000a9fc
                0x200012b8                . = ALIGN (0x4)
 *(.tdata .tdata.* .gnu.linkonce.td.*)
                0x200012b8                __tdata_end = .
                0x200012b8                PROVIDE (__data_end__ = .)
                0x10009854                __etext = LOADADDR (.data)

.tbss           0x200012b8        0x0 load address 0x1000a9fc
                0x200012b8                . = ALIGN (0x4)
                0x200012b8                __bss_start__ = .
                0x200012b8                __tls_base = .
 *(.tbss .tbss.* .gnu.linkonce.tb.*)
 *(.tcommon)
                0x200012b8                __tls_end = .

.bss            0x200012b8      0xf18 load address 0x1000a9fc
                0x200012b8                . = ALIGN (0x4)
                0x200012b8                __tbss_end = .
 *(SORT_BY_ALIGNMENT(SORT_BY_NAME(.bss*)))
 .bss.default_alarm_pool_entries
                0x200012b8      0x180 CMakeFiles/ping_client.dir/__/__/libraries/pico-sdk/src/common/pico_time/time.c.obj
 .bss.last_avail_time.1
                0x20001438        0x8 CMakeFiles/ping_client.dir/__/__/libraries/pico-sdk/src/rp2_common/pico_stdio_usb/stdio_usb.c.obj
 .bss           0x20001440       0x1c c:/progra~2/gnuarm~1/102021~1.10/bin/../lib/gcc/arm-none-eabi/10.3.1/thumb/v8-m.main+fp/softfp/crtbegin.o
 .bss.PingReply
                0x2000145c       0x88 CMakeFiles/ping_client.dir/__/__/libraries/PING/ping.c.obj
                0x2000145c                PingReply
 .bss.PingRequest
                0x200014e4       0x88 CMakeFiles/ping_client.dir/__/__/libraries/PING/ping.c.obj
                0x200014e4                PingRequest
 .bss._DNS6_    0x2000156c       0x10 CMakeFiles/ping_client.dir/__/__/libraries/ioLibrary_Driver/Ethernet/wizchip_conf.c.obj
 .bss._DNS_     0x2000157c        0x4 CMakeFiles/ping_client.dir/__/__/libraries/ioLibrary_Driver/Ethernet/wizchip_conf.c.obj
 .bss._app_driver
                0x20001580        0x4 CMakeFiles/ping_client.dir/__/__/libraries/pico-sdk/lib/tinyusb/src/device/usbd.c.obj
 .bss._cdcd_fifo_cfg
                0x20001584        0x1 CMakeFiles/ping_client.dir/__/__/libraries/pico-sdk/lib/tinyusb/src/class/cdc/cdc_device.c.obj
 *fill*         0x20001585        0x3 
 .bss._cdcd_itf
                0x20001588      0x2c8 CMakeFiles/ping_client.dir/__/__/libraries/pico-sdk/lib/tinyusb/src/class/cdc/cdc_device.c.obj
 .bss._ctrl_xfer
                0x20001850       0x14 CMakeFiles/ping_client.dir/__/__/libraries/pico-sdk/lib/tinyusb/src/device/usbd_control.c.obj
 .bss._sw_spin_locks
                0x20001864       0x20 CMakeFiles/ping_client.dir/__/__/libraries/pico-sdk/src/rp2_common/hardware_sync_spin_lock/sync_spin_lock.c.obj
                0x20001864                _sw_spin_locks
 .bss._ubsd_mutexdef
                0x20001884        0x8 CMakeFiles/ping_client.dir/__/__/libraries/pico-sdk/lib/tinyusb/src/device/usbd.c.obj
 .bss._usbd_ctrl_buf
                0x2000188c       0x40 CMakeFiles/ping_client.dir/__/__/libraries/pico-sdk/lib/tinyusb/src/device/usbd_control.c.obj
 .bss._usbd_dev
                0x200018cc       0x54 CMakeFiles/ping_client.dir/__/__/libraries/pico-sdk/lib/tinyusb/src/device/usbd.c.obj
 .bss._usbd_mutex
                0x20001920        0x4 CMakeFiles/ping_client.dir/__/__/libraries/pico-sdk/lib/tinyusb/src/device/usbd.c.obj
 .bss._usbd_q   0x20001924        0x4 CMakeFiles/ping_client.dir/__/__/libraries/pico-sdk/lib/tinyusb/src/device/usbd.c.obj
 .bss._usbd_qdef_buf
                0x20001928       0xc0 CMakeFiles/ping_client.dir/__/__/libraries/pico-sdk/lib/tinyusb/src/device/usbd.c.obj
                0x20001928                _usbd_qdef_buf
 .bss._used_instruction_space
                0x200019e8        0xc CMakeFiles/ping_client.dir/__/__/libraries/pico-sdk/src/rp2_common/hardware_pio/pio.c.obj
 .bss._vendord_itf
                0x200019f4      0x2bc CMakeFiles/ping_client.dir/__/__/libraries/pico-sdk/lib/tinyusb/src/class/vendor/vendor_device.c.obj
 .bss.active_state
                0x20001cb0        0x4 CMakeFiles/ping_client.dir/__/__/port/ioLibrary_Driver/src/wizchip_qspi_pio.c.obj
 .bss.chars_available_callback
                0x20001cb4        0x4 CMakeFiles/ping_client.dir/__/__/libraries/pico-sdk/src/rp2_common/pico_stdio_usb/stdio_usb.c.obj
 .bss.chars_available_param
                0x20001cb8        0x4 CMakeFiles/ping_client.dir/__/__/libraries/pico-sdk/src/rp2_common/pico_stdio_usb/stdio_usb.c.obj
 .bss.claimed   0x20001cbc        0x4 CMakeFiles/ping_client.dir/__/__/libraries/pico-sdk/src/rp2_common/hardware_sync/sync.c.obj
 .bss.claimed   0x20001cc0        0x2 CMakeFiles/ping_client.dir/__/__/libraries/pico-sdk/src/rp2_common/hardware_timer/timer.c.obj
 *fill*         0x20001cc2        0x2 
 .bss.claimed   0x20001cc4        0x2 CMakeFiles/ping_client.dir/__/__/libraries/pico-sdk/src/rp2_common/hardware_pio/pio.c.obj
 *fill*         0x20001cc6        0x2 
 .bss.configured_freq
                0x20001cc8       0x28 CMakeFiles/ping_client.dir/__/__/libraries/pico-sdk/src/rp2_common/hardware_clocks/clocks.c.obj
 .bss.desc_str.0
                0x20001cf0       0x28 CMakeFiles/ping_client.dir/__/__/libraries/pico-sdk/src/rp2_common/pico_stdio_usb/stdio_usb_descriptors.c.obj
 .bss.drivers   0x20001d18        0x4 CMakeFiles/ping_client.dir/__/__/libraries/pico-sdk/src/rp2_common/pico_stdio/stdio.c.obj
 .bss.e15_last_sof
                0x20001d1c        0x4 CMakeFiles/ping_client.dir/__/__/libraries/pico-sdk/lib/tinyusb/src/portable/raspberrypi/rp2040/rp2040_usb.c.obj
                0x20001d1c                e15_last_sof
 .bss.filter    0x20001d20        0x4 CMakeFiles/ping_client.dir/__/__/libraries/pico-sdk/src/rp2_common/pico_stdio/stdio.c.obj
 .bss.g_wizchip_cri_sec
                0x20001d24        0x8 CMakeFiles/ping_client.dir/__/__/port/ioLibrary_Driver/src/wizchip_spi.c.obj
 .bss.hw_endpoints
                0x20001d2c      0x400 CMakeFiles/ping_client.dir/__/__/libraries/pico-sdk/lib/tinyusb/src/portable/raspberrypi/rp2040/dcd_rp2040.c.obj
 .bss.lazy_vsnprintf
                0x2000212c        0x4 CMakeFiles/ping_client.dir/__/__/libraries/pico-sdk/src/rp2_common/pico_printf/printf.c.obj
 .bss.load_value
                0x20002130        0x4 CMakeFiles/ping_client.dir/__/__/libraries/pico-sdk/src/rp2_common/hardware_watchdog/watchdog.c.obj
 .bss.next_buffer_ptr