Archive member included to satisfy reference by file (symbol)

c:/progra~2/gnuarm~1/102021~1.10/bin/../lib/gcc/arm-none-eabi/10.3.1/thumb/v6-m/nofp\libgcc.a(_dvmd_tls.o)
                              CMakeFiles/ping_client.dir/__/__/libraries/pico-sdk/src/rp2_common/pico_divider/divider_hardware.S.obj (__aeabi_idiv0)
c:/progra~2/gnuarm~1/102021~1.10/bin/../lib/gcc/arm-none-eabi/10.3.1/../../../../arm-none-eabi/lib/thumb/v6-m/nofp\libg.a(lib_a-calloc.o)
                              CMakeFiles/ping_client.dir/__/__/libraries/pico-sdk/src/rp2_common/pico_malloc/malloc.c.obj (calloc)
c:/progra~2/gnuarm~1/102021~1.10/bin/../lib/gcc/arm-none-eabi/10.3.1/../../../../arm-none-eabi/lib/thumb/v6-m/nofp\libg.a(lib_a-callocr.o)
                              c:/progra~2/gnuarm~1/102021~1.10/bin/../lib/gcc/arm-none-eabi/10.3.1/../../../../arm-none-eabi/lib/thumb/v6-m/nofp\libg.a(lib_a-calloc.o) (_calloc_r)
c:/progra~2/gnuarm~1/102021~1.10/bin/../lib/gcc/arm-none-eabi/10.3.1/../../../../arm-none-eabi/lib/thumb/v6-m/nofp\libg.a(lib_a-ctype_.o)
                              CMakeFiles/ping_client.dir/__/__/libraries/pico-sdk/lib/tinyusb/src/tusb.c.obj (_ctype_)
c:/progra~2/gnuarm~1/102021~1.10/bin/../lib/gcc/arm-none-eabi/10.3.1/../../../../arm-none-eabi/lib/thumb/v6-m/nofp\libg.a(lib_a-errno.o)
                              c:/progra~2/gnuarm~1/102021~1.10/bin/../lib/gcc/arm-none-eabi/10.3.1/../../../../arm-none-eabi/lib/thumb/v6-m/nofp\libg.a(lib_a-callocr.o) (__errno)
c:/progra~2/gnuarm~1/102021~1.10/bin/../lib/gcc/arm-none-eabi/10.3.1/../../../../arm-none-eabi/lib/thumb/v6-m/nofp\libg.a(lib_a-impure.o)
                              c:/progra~2/gnuarm~1/102021~1.10/bin/../lib/gcc/arm-none-eabi/10.3.1/../../../../arm-none-eabi/lib/thumb/v6-m/nofp\libg.a(lib_a-calloc.o) (_impure_ptr)
c:/progra~2/gnuarm~1/102021~1.10/bin/../lib/gcc/arm-none-eabi/10.3.1/../../../../arm-none-eabi/lib/thumb/v6-m/nofp\libg.a(lib_a-init.o)
                              c:/progra~2/gnuarm~1/102021~1.10/bin/../lib/gcc/arm-none-eabi/10.3.1/../../../../arm-none-eabi/lib/thumb/v6-m/nofp/crt0.o (__libc_init_array)
c:/progra~2/gnuarm~1/102021~1.10/bin/../lib/gcc/arm-none-eabi/10.3.1/../../../../arm-none-eabi/lib/thumb/v6-m/nofp\libg.a(lib_a-lcltime_r.o)
                              CMakeFiles/ping_client.dir/__/__/libraries/pico-sdk/src/common/pico_util/datetime.c.obj (localtime_r)
c:/progra~2/gnuarm~1/102021~1.10/bin/../lib/gcc/arm-none-eabi/10.3.1/../../../../arm-none-eabi/lib/thumb/v6-m/nofp\libg.a(lib_a-malloc.o)
                              CMakeFiles/ping_client.dir/__/__/libraries/pico-sdk/src/rp2_common/pico_malloc/malloc.c.obj (malloc)
c:/progra~2/gnuarm~1/102021~1.10/bin/../lib/gcc/arm-none-eabi/10.3.1/../../../../arm-none-eabi/lib/thumb/v6-m/nofp\libg.a(lib_a-mallocr.o)
                              c:/progra~2/gnuarm~1/102021~1.10/bin/../lib/gcc/arm-none-eabi/10.3.1/../../../../arm-none-eabi/lib/thumb/v6-m/nofp\libg.a(lib_a-callocr.o) (_malloc_r)
c:/progra~2/gnuarm~1/102021~1.10/bin/../lib/gcc/arm-none-eabi/10.3.1/../../../../arm-none-eabi/lib/thumb/v6-m/nofp\libg.a(lib_a-memcmp.o)
                              CMakeFiles/ping_client.dir/__/__/libraries/pico-sdk/src/rp2_common/pico_atomic/atomic.c.obj (memcmp)
c:/progra~2/gnuarm~1/102021~1.10/bin/../lib/gcc/arm-none-eabi/10.3.1/../../../../arm-none-eabi/lib/thumb/v6-m/nofp\libg.a(lib_a-mktime.o)
                              CMakeFiles/ping_client.dir/__/__/libraries/pico-sdk/src/common/pico_util/datetime.c.obj (mktime)
c:/progra~2/gnuarm~1/102021~1.10/bin/../lib/gcc/arm-none-eabi/10.3.1/../../../../arm-none-eabi/lib/thumb/v6-m/nofp\libg.a(lib_a-mlock.o)
                              c:/progra~2/gnuarm~1/102021~1.10/bin/../lib/gcc/arm-none-eabi/10.3.1/../../../../arm-none-eabi/lib/thumb/v6-m/nofp\libg.a(lib_a-mallocr.o) (__malloc_lock)
c:/progra~2/gnuarm~1/102021~1.10/bin/../lib/gcc/arm-none-eabi/10.3.1/../../../../arm-none-eabi/lib/thumb/v6-m/nofp\libg.a(lib_a-month_lengths.o)
                              c:/progra~2/gnuarm~1/102021~1.10/bin/../lib/gcc/arm-none-eabi/10.3.1/../../../../arm-none-eabi/lib/thumb/v6-m/nofp\libg.a(lib_a-lcltime_r.o) (__month_lengths)
c:/progra~2/gnuarm~1/102021~1.10/bin/../lib/gcc/arm-none-eabi/10.3.1/../../../../arm-none-eabi/lib/thumb/v6-m/nofp\libg.a(lib_a-realloc.o)
                              CMakeFiles/ping_client.dir/__/__/libraries/pico-sdk/src/rp2_common/pico_malloc/malloc.c.obj (realloc)
c:/progra~2/gnuarm~1/102021~1.10/bin/../lib/gcc/arm-none-eabi/10.3.1/../../../../arm-none-eabi/lib/thumb/v6-m/nofp\libg.a(lib_a-reallocr.o)
                              c:/progra~2/gnuarm~1/102021~1.10/bin/../lib/gcc/arm-none-eabi/10.3.1/../../../../arm-none-eabi/lib/thumb/v6-m/nofp\libg.a(lib_a-realloc.o) (_realloc_r)
c:/progra~2/gnuarm~1/102021~1.10/bin/../lib/gcc/arm-none-eabi/10.3.1/../../../../arm-none-eabi/lib/thumb/v6-m/nofp\libg.a(lib_a-sbrkr.o)
[...]
Memory Configuration

Name             Origin             Length             Attributes
FLASH            0x10000000         0x00200000         xr
RAM              0x20000000         0x00040000         xrw
SCRATCH_X        0x20040000         0x00001000         xrw
SCRATCH_Y        0x20041000         0x00001000         xrw
*default*        0x00000000         0xffffffff

Linker script and memory map

LOAD c:/progra~2/gnuarm~1/102021~1.10/bin/../lib/gcc/arm-none-eabi/10.3.1/thumb/v6-m/nofp/crti.o
LOAD c:/progra~2/gnuarm~1/102021~1.10/bin/../lib/gcc/arm-none-eabi/10.3.1/thumb/v6-m/nofp/crtbegin.o
LOAD c:/progra~2/gnuarm~1/102021~1.10/bin/../lib/gcc/arm-none-eabi/10.3.1/../../../../arm-none-eabi/lib/thumb/v6-m/nofp/crt0.o

.flash_begin    0x10000000        0x0
                0x10000000                __flash_binary_start = .

.boot2          0x10000000      0x100
                0x10000000                __boot2_start__ = .
 *(.boot2)
 .boot2         0x10000000      0x100 C:\Users\82104\AppData\Local\Temp\ccQzpPgh.o
                0x10000100                __boot2_end__ = .
                0x00000001                ASSERT (((__boot2_end__ - __boot2_start__) == 0x100), ERROR: Pico second stage bootloader must be 256 bytes in size)

.text           0x10000100     0x97a4
                0x10000100                __logical_binary_start = .
 *(.vectors)
 .vectors       0x10000100       0xd4 CMakeFiles/ping_client.dir/__/__/libraries/pico-sdk/src/rp2_common/pico_crt0/crt0.S.obj
                0x10000100                __VECTOR_TABLE
                0x10000100                __vectors
                0x100001c0                isr_invalid
                0x100001c0                __default_isrs_start
                0x100001c2                isr_nmi
                0x100001c4                isr_hardfault
                0x100001c6                isr_svcall
                0x100001c8                isr_pendsv
                0x100001ca                isr_systick
                0x100001cc                isr_irq23
                0x100001cc                isr_irq18
                0x100001cc                isr_irq11
                0x100001cc                isr_irq28
                0x100001cc                isr_irq19
                0x100001cc                isr_irq0
                0x100001cc                isr_irq6
                0x100001cc                isr_irq5
                0x100001cc                isr_irq12
                0x100001cc                isr_irq22
                0x100001cc                isr_irq31
                0x100001cc                isr_irq17
                0x100001cc                isr_irq27
                0x100001cc                isr_irq30
                0x100001cc                isr_irq2
                0x100001cc                isr_irq10
                0x100001cc                isr_irq8
                0x100001cc                isr_irq24
                0x100001cc                isr_irq1
                0x100001cc                isr_irq7
                0x100001cc                isr_irq21
                0x100001cc                isr_irq20
                0x100001cc                isr_irq15
                0x100001cc                isr_irq25
                0x100001cc                isr_irq13
                0x100001cc                __unhandled_user_irq
                0x100001cc                isr_irq4
                0x100001cc                isr_irq16
                0x100001cc                isr_irq29
                0x100001cc                isr_irq26
                0x100001cc                __default_isrs_end
                0x100001cc                isr_irq3
                0x100001cc                isr_irq14
                0x100001cc                isr_irq9
                0x100001d2                unhandled_user_irq_num_in_r0
 *(.binary_info_header)
 .binary_info_header
                0x100001d4       0x14 CMakeFiles/ping_client.dir/__/__/libraries/pico-sdk/src/rp2_common/pico_crt0/crt0.S.obj
                0x100001e8                __binary_info_header_end = .
 *(.embedded_block)
                0x100001e8                __embedded_block_end = .
 *(.reset)
 .reset         0x100001e8       0x9c CMakeFiles/ping_client.dir/__/__/libraries/pico-sdk/src/rp2_common/pico_crt0/crt0.S.obj
                0x100001e8                _entry_point
 *(.init)
 .init          0x10000284        0x4 c:/progra~2/gnuarm~1/102021~1.10/bin/../lib/gcc/arm-none-eabi/10.3.1/thumb/v6-m/nofp/crti.o
                0x10000284                _init
 *(EXCLUDE_FILE(*libm.a: *libc.a:*lib_a-mem*.o *libgcc.a:) .text*)
 .text          0x10000288       0x48 c:/progra~2/gnuarm~1/102021~1.10/bin/../lib/gcc/arm-none-eabi/10.3.1/thumb/v6-m/nofp/crtbegin.o
 .text.set_clock_khz
                0x100002d0       0x44 CMakeFiles/ping_client.dir/ping_client.c.obj
 .text.main     0x10000314       0x90 CMakeFiles/ping_client.dir/ping_client.c.obj
                0x10000314                main
 .text.gpio_set_function
                0x100003a4       0x34 CMakeFiles/ping_client.dir/__/__/libraries/pico-sdk/src/rp2_common/hardware_gpio/gpio.c.obj
                0x100003a4                gpio_set_function
 .text.gpio_set_pulls
                0x100003d8       0x38 CMakeFiles/ping_client.dir/__/__/libraries/pico-sdk/src/rp2_common/hardware_gpio/gpio.c.obj
                0x100003d8                gpio_set_pulls
 .text.gpio_set_input_hysteresis_enabled
                0x10000410       0x28 CMakeFiles/ping_client.dir/__/__/libraries/pico-sdk/src/rp2_common/hardware_gpio/gpio.c.obj
                0x10000410                gpio_set_input_hysteresis_enabled
 .text.gpio_init
                0x10000438       0x16 CMakeFiles/ping_client.dir/__/__/libraries/pico-sdk/src/rp2_common/hardware_gpio/gpio.c.obj
                0x10000438                gpio_init
 *fill*         0x1000044e        0x2 
 .text.rp2040_chip_version
                0x10000450       0x4c CMakeFiles/ping_client.dir/__/__/libraries/pico-sdk/src/rp2040/pico_platform/platform.c.obj
                0x10000450                rp2040_chip_version
 .text.panic    0x1000049c       0x30 CMakeFiles/ping_client.dir/__/__/libraries/pico-sdk/src/rp2_common/pico_platform_panic/panic.c.obj
                0x1000049c                panic
 .text.hw_claim_lock
                0x100004cc       0x18 CMakeFiles/ping_client.dir/__/__/libraries/pico-sdk/src/common/hardware_claim/claim.c.obj
                0x100004cc                hw_claim_lock
 .text.hw_claim_unlock
                0x100004e4       0x14 CMakeFiles/ping_client.dir/__/__/libraries/pico-sdk/src/common/hardware_claim/claim.c.obj
                0x100004e4                hw_claim_unlock
 .text.hw_claim_or_assert
                0x100004f8       0x32 CMakeFiles/ping_client.dir/__/__/libraries/pico-sdk/src/common/hardware_claim/claim.c.obj
                0x100004f8                hw_claim_or_assert
 .text.hw_claim_unused_from_range
                0x1000052a       0x50 CMakeFiles/ping_client.dir/__/__/libraries/pico-sdk/src/common/hardware_claim/claim.c.obj
                0x1000052a                hw_claim_unused_from_range
 *fill*         0x1000057a        0x2 
 .text.hw_claim_clear
                0x1000057c       0x40 CMakeFiles/ping_client.dir/__/__/libraries/pico-sdk/src/common/hardware_claim/claim.c.obj
                0x1000057c                hw_claim_clear
 .text.next_striped_spin_lock_num
                0x100005bc       0x1c CMakeFiles/ping_client.dir/__/__/libraries/pico-sdk/src/rp2_common/hardware_sync/sync.c.obj
                0x100005bc                next_striped_spin_lock_num
 .text.spin_lock_claim_unused
                0x100005d8       0x20 CMakeFiles/ping_client.dir/__/__/libraries/pico-sdk/src/rp2_common/hardware_sync/sync.c.obj
                0x100005d8                spin_lock_claim_unused
 .text.spin_locks_reset
                0x100005f8       0x20 CMakeFiles/ping_client.dir/__/__/libraries/pico-sdk/src/rp2_common/hardware_sync_spin_lock/sync_spin_lock.c.obj
                0x100005f8                spin_locks_reset
 .text.set_raw_irq_handler_and_unlock
                0x10000618       0x28 CMakeFiles/ping_client.dir/__/__/libraries/pico-sdk/src/rp2_common/hardware_irq/irq.c.obj
 .text.nvic_ipr0
                0x10000640        0x8 CMakeFiles/ping_client.dir/__/__/libraries/pico-sdk/src/rp2_common/hardware_irq/irq.c.obj
 .text.runtime_init_per_core_irq_priorities
                0x10000648       0x1c CMakeFiles/ping_client.dir/__/__/libraries/pico-sdk/src/rp2_common/hardware_irq/irq.c.obj
                0x10000648                runtime_init_per_core_irq_priorities
 .text.make_j_16
                0x10000664       0x4c CMakeFiles/ping_client.dir/__/__/libraries/pico-sdk/src/rp2_common/hardware_irq/irq.c.obj
 .text.irq_is_enabled
                0x100006b0       0x18 CMakeFiles/ping_client.dir/__/__/libraries/pico-sdk/src/rp2_common/hardware_irq/irq.c.obj
                0x100006b0                irq_is_enabled
 .text.irq_set_mask_n_enabled
                0x100006c8       0x1c CMakeFiles/ping_client.dir/__/__/libraries/pico-sdk/src/rp2_common/hardware_irq/irq.c.obj
                0x100006c8                irq_set_mask_n_enabled
 .text.irq_set_enabled
                0x100006e4       0x14 CMakeFiles/ping_client.dir/__/__/libraries/pico-sdk/src/rp2_common/hardware_irq/irq.c.obj
                0x100006e4                irq_set_enabled
 .text.irq_set_pending
                0x100006f8       0x10 CMakeFiles/ping_client.dir/__/__/libraries/pico-sdk/src/rp2_common/hardware_irq/irq.c.obj
                0x100006f8                irq_set_pending
 .text.irq_get_vtable_handler
                0x10000708       0x10 CMakeFiles/ping_client.dir/__/__/libraries/pico-sdk/src/rp2_common/hardware_irq/irq.c.obj
                0x10000708                irq_get_vtable_handler
 .text.irq_has_shared_handler
                0x10000718       0x24 CMakeFiles/ping_client.dir/__/__/libraries/pico-sdk/src/rp2_common/hardware_irq/irq.c.obj
                0x10000718                irq_has_shared_handler
 .text.irq_set_exclusive_handler
                0x1000073c       0x54 CMakeFiles/ping_client.dir/__/__/libraries/pico-sdk/src/rp2_common/hardware_irq/irq.c.obj
                0x1000073c                irq_set_exclusive_handler
 .text.irq_add_shared_handler
                0x10000790      0x238 CMakeFiles/ping_client.dir/__/__/libraries/pico-sdk/src/rp2_common/hardware_irq/irq.c.obj
                0x10000790                irq_add_shared_handler
 .text.irq_add_tail_to_free_list
                0x100009c8       0xf4 CMakeFiles/ping_client.dir/__/__/libraries/pico-sdk/src/rp2_common/hardware_irq/irq.c.obj
                0x100009c8                irq_add_tail_to_free_list
 .text.user_irq_claim_unused
                0x10000abc       0x28 CMakeFiles/ping_client.dir/__/__/libraries/pico-sdk/src/rp2_common/hardware_irq/irq.c.obj
                0x10000abc                user_irq_claim_unused
 .text.lock_init
                0x10000ae4       0x10 CMakeFiles/ping_client.dir/__/__/libraries/pico-sdk/src/common/pico_sync/lock_core.c.obj
                0x10000ae4                lock_init
 .text.mutex_init
                0x10000af4       0x1a CMakeFiles/ping_client.dir/__/__/libraries/pico-sdk/src/common/pico_sync/mutex.c.obj
                0x10000af4                mutex_init
 .text.recursive_mutex_init
                0x10000b0e       0x1e CMakeFiles/ping_client.dir/__/__/libraries/pico-sdk/src/common/pico_sync/mutex.c.obj
                0x10000b0e                recursive_mutex_init
 .text.runtime_init_mutex
                0x10000b2c       0x4c CMakeFiles/ping_client.dir/__/__/libraries/pico-sdk/src/common/pico_sync/mutex.c.obj
                0x10000b2c                runtime_init_mutex
 .text.critical_section_init_with_lock_num
                0x10000b78       0x14 CMakeFiles/ping_client.dir/__/__/libraries/pico-sdk/src/common/pico_sync/critical_section.c.obj
                0x10000b78                critical_section_init_with_lock_num
 .text.critical_section_init
                0x10000b8c       0x14 CMakeFiles/ping_client.dir/__/__/libraries/pico-sdk/src/common/pico_sync/critical_section.c.obj
                0x10000b8c                critical_section_init
 .text.make_alarm_id
                0x10000ba0        0x6 CMakeFiles/ping_client.dir/__/__/libraries/pico-sdk/src/common/pico_time/time.c.obj
 *fill*         0x10000ba6        0x2 
 .text.sleep_until_callback
                0x10000ba8       0x30 CMakeFiles/ping_client.dir/__/__/libraries/pico-sdk/src/common/pico_time/time.c.obj
 .text.alarm_pool_irq_handler
                0x10000bd8      0x2e4 CMakeFiles/ping_client.dir/__/__/libraries/pico-sdk/src/common/pico_time/time.c.obj
 .text.alarm_pool_post_alloc_init
                0x10000ebc       0x94 CMakeFiles/ping_client.dir/__/__/libraries/pico-sdk/src/common/pico_time/time.c.obj
 .text.alarm_pool_get_default
                0x10000f50       0x2c CMakeFiles/ping_client.dir/__/__/libraries/pico-sdk/src/common/pico_time/time.c.obj
                0x10000f50                alarm_pool_get_default
 .text.alarm_pool_add_alarm_at_force_in_context
                0x10000f7c       0xb0 CMakeFiles/ping_client.dir/__/__/libraries/pico-sdk/src/common/pico_time/time.c.obj
                0x10000f7c                alarm_pool_add_alarm_at_force_in_context
 .text.alarm_pool_add_alarm_at
                0x1000102c       0x3c CMakeFiles/ping_client.dir/__/__/libraries/pico-sdk/src/common/pico_time/time.c.obj
                0x1000102c                alarm_pool_add_alarm_at
 .text.alarm_pool_cancel_alarm
                0x10001068       0x78 CMakeFiles/ping_client.dir/__/__/libraries/pico-sdk/src/common/pico_time/time.c.obj
                0x10001068                alarm_pool_cancel_alarm
 .text.alarm_pool_core_num
                0x100010e0        0x4 CMakeFiles/ping_client.dir/__/__/libraries/pico-sdk/src/common/pico_time/time.c.obj
                0x100010e0                alarm_pool_core_num
 .text.sleep_until
                0x100010e4       0xc8 CMakeFiles/ping_client.dir/__/__/libraries/pico-sdk/src/common/pico_time/time.c.obj
                0x100010e4                sleep_until
 .text.sleep_us
                0x100011ac       0x24 CMakeFiles/ping_client.dir/__/__/libraries/pico-sdk/src/common/pico_time/time.c.obj
                0x100011ac                sleep_us
 .text.sleep_ms
                0x100011d0       0x14 CMakeFiles/ping_client.dir/__/__/libraries/pico-sdk/src/common/pico_time/time.c.obj
                0x100011d0                sleep_ms
 .text.best_effort_wfe_or_timeout
                0x100011e4       0xd8 CMakeFiles/ping_client.dir/__/__/libraries/pico-sdk/src/common/pico_time/time.c.obj
                0x100011e4                best_effort_wfe_or_timeout
 .text.alarm_pool_get_default_timer
                0x100012bc        0x8 CMakeFiles/ping_client.dir/__/__/libraries/pico-sdk/src/common/pico_time/time.c.obj
                0x100012bc                alarm_pool_get_default_timer
 .text.runtime_init_default_alarm_pool
                0x100012c4       0x38 CMakeFiles/ping_client.dir/__/__/libraries/pico-sdk/src/common/pico_time/time.c.obj
                0x100012c4                runtime_init_default_alarm_pool
 .text.timer_hardware_alarm_claim
                0x100012fc       0x14 CMakeFiles/ping_client.dir/__/__/libraries/pico-sdk/src/rp2_common/hardware_timer/timer.c.obj
                0x100012fc                timer_hardware_alarm_claim
 .text.timer_time_us_64
                0x10001310       0x10 CMakeFiles/ping_client.dir/__/__/libraries/pico-sdk/src/rp2_common/hardware_timer/timer.c.obj
                0x10001310                timer_time_us_64
 .text.timer_busy_wait_until
                0x10001320       0x1a CMakeFiles/ping_client.dir/__/__/libraries/pico-sdk/src/rp2_common/hardware_timer/timer.c.obj
                0x10001320                timer_busy_wait_until
 *fill*         0x1000133a        0x2 
 .text.time_us_64
                0x1000133c       0x10 CMakeFiles/ping_client.dir/__/__/libraries/pico-sdk/src/rp2_common/hardware_timer/timer.c.obj
                0x1000133c                time_us_64
 .text.busy_wait_until
                0x1000134c       0x14 CMakeFiles/ping_client.dir/__/__/libraries/pico-sdk/src/rp2_common/hardware_timer/timer.c.obj
                0x1000134c                busy_wait_until
 .text.clock_configure_internal
                0x10001360       0xc4 CMakeFiles/ping_client.dir/__/__/libraries/pico-sdk/src/rp2_common/hardware_clocks/clocks.c.obj
 .text.clock_configure
                0x10001424       0x68 CMakeFiles/ping_client.dir/__/__/libraries/pico-sdk/src/rp2_common/hardware_clocks/clocks.c.obj
                0x10001424                clock_configure
 .text.clock_configure_int_divider
                0x1000148c       0x28 CMakeFiles/ping_client.dir/__/__/libraries/pico-sdk/src/rp2_common/hardware_clocks/clocks.c.obj
                0x1000148c                clock_configure_int_divider
 .text.clock_configure_undivided
                0x100014b4       0x12 CMakeFiles/ping_client.dir/__/__/libraries/pico-sdk/src/rp2_common/hardware_clocks/clocks.c.obj
                0x100014b4                clock_configure_undivided
 *fill*         0x100014c6        0x2 
 .text.clock_get_hz
                0x100014c8        0xc CMakeFiles/ping_client.dir/__/__/libraries/pico-sdk/src/rp2_common/hardware_clocks/clocks.c.obj
                0x100014c8                clock_get_hz
 .text.set_sys_clock_pll
                0x100014d4       0x68 CMakeFiles/ping_client.dir/__/__/libraries/pico-sdk/src/rp2_common/hardware_clocks/clocks.c.obj
                0x100014d4                set_sys_clock_pll
 .text.check_sys_clock_khz
                0x1000153c       0xa4 CMakeFiles/ping_client.dir/__/__/libraries/pico-sdk/src/rp2_common/hardware_clocks/clocks.c.obj
                0x1000153c                check_sys_clock_khz
 .text.pll_init
                0x100015e0      0x120 CMakeFiles/ping_client.dir/__/__/libraries/pico-sdk/src/rp2_common/hardware_pll/pll.c.obj
                0x100015e0                pll_init
 .text.watchdog_update
                0x10001700       0x14 CMakeFiles/ping_client.dir/__/__/libraries/pico-sdk/src/rp2_common/hardware_watchdog/watchdog.c.obj
                0x10001700                watchdog_update
 .text._watchdog_enable
                0x10001714       0x7c CMakeFiles/ping_client.dir/__/__/libraries/pico-sdk/src/rp2_common/hardware_watchdog/watchdog.c.obj
                0x10001714                _watchdog_enable
 .text.watchdog_reboot
                0x10001790       0x48 CMakeFiles/ping_client.dir/__/__/libraries/pico-sdk/src/rp2_common/hardware_watchdog/watchdog.c.obj
                0x10001790                watchdog_reboot
 .text.tick_start
                0x100017d8       0x10 CMakeFiles/ping_client.dir/__/__/libraries/pico-sdk/src/rp2_common/hardware_ticks/ticks.c.obj
                0x100017d8                tick_start
 .text.xosc_init
                0x100017e8       0x28 CMakeFiles/ping_client.dir/__/__/libraries/pico-sdk/src/rp2_common/hardware_xosc/xosc.c.obj
                0x100017e8                xosc_init
 .text.runtime_run_initializers_from
                0x10001810       0x18 CMakeFiles/ping_client.dir/__/__/libraries/pico-sdk/src/rp2_common/pico_runtime/runtime.c.obj
 .text.first_per_core_initializer
                0x10001828        0x2 CMakeFiles/ping_client.dir/__/__/libraries/pico-sdk/src/rp2_common/pico_runtime/runtime.c.obj
 *fill*         0x1000182a        0x2 
 .text.runtime_run_initializers
                0x1000182c       0x10 CMakeFiles/ping_client.dir/__/__/libraries/pico-sdk/src/rp2_common/pico_runtime/runtime.c.obj
                0x1000182c                runtime_run_initializers
 .text.runtime_init_early_resets
                0x1000183c       0x2c CMakeFiles/ping_client.dir/__/__/libraries/pico-sdk/src/rp2_common/pico_runtime_init/runtime_init.c.obj
                0x1000183c                runtime_init_early_resets
 .text.runtime_init_usb_power_down
                0x10001868       0x1c CMakeFiles/ping_client.dir/__/__/libraries/pico-sdk/src/rp2_common/pico_runtime_init/runtime_init.c.obj
                0x10001868                runtime_init_usb_power_down
 .text.runtime_init_post_clock_resets
                0x10001884       0x20 CMakeFiles/ping_client.dir/__/__/libraries/pico-sdk/src/rp2_common/pico_runtime_init/runtime_init.c.obj
                0x10001884                runtime_init_post_clock_resets
 .text.runtime_init_rp2040_gpio_ie_disable
                0x100018a4       0x14 CMakeFiles/ping_client.dir/__/__/libraries/pico-sdk/src/rp2_common/pico_runtime_init/runtime_init.c.obj
                0x100018a4                runtime_init_rp2040_gpio_ie_disable
 .text.runtime_init_spin_locks_reset
                0x100018b8        0x8 CMakeFiles/ping_client.dir/__/__/libraries/pico-sdk/src/rp2_common/pico_runtime_init/runtime_init.c.obj
                0x100018b8                runtime_init_spin_locks_reset
 .text.runtime_init_install_ram_vector_table
                0x100018c0       0x1c CMakeFiles/ping_client.dir/__/__/libraries/pico-sdk/src/rp2_common/pico_runtime_init/runtime_init.c.obj
                0x100018c0                runtime_init_install_ram_vector_table
 .text.start_all_ticks
                0x100018dc       0x28 CMakeFiles/ping_client.dir/__/__/libraries/pico-sdk/src/rp2_common/pico_runtime_init/runtime_init_clocks.c.obj
 .text.runtime_init_clocks
                0x10001904       0xcc CMakeFiles/ping_client.dir/__/__/libraries/pico-sdk/src/rp2_common/pico_runtime_init/runtime_init_clocks.c.obj
                0x10001904                runtime_init_clocks
 .text          0x100019d0       0x10 CMakeFiles/ping_client.dir/__/__/libraries/pico-sdk/src/rp2_common/pico_bit_ops/bit_ops_aeabi.S.obj
 .text.ctzsi    0x100019e0        0xc CMakeFiles/ping_client.dir/__/__/libraries/pico-sdk/src/rp2_common/pico_bit_ops/bit_ops_aeabi.S.obj
                0x100019e0                __wrap___ctzsi2
 .text.rom_func_lookup
                0x100019ec       0x10 CMakeFiles/ping_client.dir/__/__/libraries/pico-sdk/src/rp2_common/pico_bootrom/bootrom.c.obj
                0x100019ec                rom_func_lookup
 .text.rom_data_lookup
                0x100019fc       0x10 CMakeFiles/ping_client.dir/__/__/libraries/pico-sdk/src/rp2_common/pico_bootrom/bootrom.c.obj
                0x100019fc                rom_data_lookup
 .text.rom_funcs_lookup
                0x10001a0c       0x36 CMakeFiles/ping_client.dir/__/__/libraries/pico-sdk/src/rp2_common/pico_bootrom/bootrom.c.obj
                0x10001a0c                rom_funcs_lookup
 *fill*         0x10001a42        0x2 
 .text.rom_reset_usb_boot
                0x10001a44       0x18 CMakeFiles/ping_client.dir/__/__/libraries/pico-sdk/src/rp2_common/pico_bootrom/bootrom.c.obj
                0x10001a44                rom_reset_usb_boot
 .text.__wrap___aeabi_idiv
                0x10001a5c       0x50 CMakeFiles/ping_client.dir/__/__/libraries/pico-sdk/src/rp2_common/pico_divider/divider_hardware.S.obj
                0x10001a5c                __wrap___aeabi_idivmod
                0x10001a5c                divmod_s32s32
                0x10001a5c                div_s32s32
                0x10001a5c                __wrap___aeabi_idiv
                0x10001a64                divmod_s32s32_unsafe
                0x10001a90                divmod_s32s32_savestate
 .text.__wrap___aeabi_uidiv
                0x10001aac       0x4c CMakeFiles/ping_client.dir/__/__/libraries/pico-sdk/src/rp2_common/pico_divider/divider_hardware.S.obj
                0x10001aac                __wrap___aeabi_uidiv
                0x10001aac                __wrap___aeabi_uidivmod
                0x10001aac                div_u32u32
                0x10001aac                divmod_u32u32
                0x10001ab4                divmod_u32u32_unsafe
                0x10001adc                divmod_u32u32_savestate
 .text.__wrap___aeabi_ldiv
                0x10001af8      0x424 CMakeFiles/ping_client.dir/__/__/libraries/pico-sdk/src/rp2_common/pico_divider/divider_hardware.S.obj
                0x10001af8                div_s64s64
                0x10001af8                divmod_s64s64
                0x10001af8                __wrap___aeabi_ldivmod
                0x10001b28                divmod_u64u64
                0x10001b28                div_u64u64
                0x10001b28                __wrap___aeabi_uldivmod
                0x10001b38                divmod_u64u64_savestate
                0x10001b58                divmod_s64s64_unsafe
                0x10001be0                divmod_u64u64_unsafe
 .text.__wrap___aeabi_darithmetic
                0x10001f1c       0x80 CMakeFiles/ping_client.dir/__/__/libraries/pico-sdk/src/rp2_common/pico_double/double_aeabi_rp2040.S.obj
                0x10001f1c                __wrap___aeabi_drsub
                0x10001f22                __wrap___aeabi_dsub
                0x10001f34                __wrap___aeabi_dadd
                0x10001f46                __wrap___aeabi_ddiv
                0x10001f82                __wrap___aeabi_dmul
 .text.__wrap___aeabi_cdcmple
                0x10001f9c       0x6c CMakeFiles/ping_client.dir/__/__/libraries/pico-sdk/src/rp2_common/pico_double/double_aeabi_rp2040.S.obj
                0x10001f9c                __wrap___aeabi_cdrcmple
                0x10001fac                __wrap___aeabi_cdcmpeq
                0x10001fac                __wrap___aeabi_cdcmple
 .text.__wrap___aeabi_dcmplt
                0x10002008        0xc CMakeFiles/ping_client.dir/__/__/libraries/pico-sdk/src/rp2_common/pico_double/double_aeabi_rp2040.S.obj
                0x10002008                __wrap___aeabi_dcmplt
 .text.__wrap___aeabi_dcmple
                0x10002014       0x10 CMakeFiles/ping_client.dir/__/__/libraries/pico-sdk/src/rp2_common/pico_double/double_aeabi_rp2040.S.obj
                0x10002014                __wrap___aeabi_dcmple
 .text.__wrap___aeabi_dcmpge
                0x10002024       0x10 CMakeFiles/ping_client.dir/__/__/libraries/pico-sdk/src/rp2_common/pico_double/double_aeabi_rp2040.S.obj
                0x10002024                __wrap___aeabi_dcmpge
 .text.__wrap___aeabi_dcmpgt
                0x10002034        0xa CMakeFiles/ping_client.dir/__/__/libraries/pico-sdk/src/rp2_common/pico_double/double_aeabi_rp2040.S.obj
                0x10002034                __wrap___aeabi_dcmpgt
 .text.__wrap___aeabi_dcmpun
                0x1000203e       0x18 CMakeFiles/ping_client.dir/__/__/libraries/pico-sdk/src/rp2_common/pico_double/double_aeabi_rp2040.S.obj
                0x1000203e                __wrap___aeabi_dcmpun
 *fill*         0x10002056        0x2 
 .text.__wrap___aeabi_i2d
                0x10002058       0x38 CMakeFiles/ping_client.dir/__/__/libraries/pico-sdk/src/rp2_common/pico_double/double_aeabi_rp2040.S.obj
                0x10002058                __wrap___aeabi_ui2d
                0x10002060                __wrap___aeabi_i2d
 .text.__wrap___aeabi_d2iz
                0x10002090       0x48 CMakeFiles/ping_client.dir/__/__/libraries/pico-sdk/src/rp2_common/pico_double/double_aeabi_rp2040.S.obj
                0x10002090                double2int_z
                0x10002090                __wrap___aeabi_d2iz
 .text.__wrap___aeabi_d2uiz
                0x100020d8       0x18 CMakeFiles/ping_client.dir/__/__/libraries/pico-sdk/src/rp2_common/pico_double/double_aeabi_rp2040.S.obj
                0x100020d8                __wrap___aeabi_d2uiz
                0x100020d8                double2uint
 .text.__aeabi_double_init
                0x100020f0       0xc8 CMakeFiles/ping_client.dir/__/__/libraries/pico-sdk/src/rp2_common/pico_double/double_init_rom_rp2040.c.obj
                0x100020f0                __aeabi_double_init
 .text.double_table_shim_on_use_helper
                0x100021b8       0x34 CMakeFiles/ping_client.dir/__/__/libraries/pico-sdk/src/rp2_common/pico_double/double_v1_rom_shim_rp2040.S.obj
                0x100021b8                double_table_shim_on_use_helper
 .text.__wrap___aeabi_dsub
                0x100021ec       0x10 CMakeFiles/ping_client.dir/__/__/libraries/pico-sdk/src/rp2_common/pico_double/double_v1_rom_shim_rp2040.S.obj
                0x100021ec                drsub_shim
                0x100021f2                dsub_shim
 .text.dadd_shim
                0x100021fc      0x15c CMakeFiles/ping_client.dir/__/__/libraries/pico-sdk/src/rp2_common/pico_double/double_v1_rom_shim_rp2040.S.obj
                0x100021fc                dadd_shim
 .text.dmul_shim
                0x10002358      0x15c CMakeFiles/ping_client.dir/__/__/libraries/pico-sdk/src/rp2_common/pico_double/double_v1_rom_shim_rp2040.S.obj
                0x10002358                dmul_shim
 .text.ddiv_shim
                0x100024b4      0x1b0 CMakeFiles/ping_client.dir/__/__/libraries/pico-sdk/src/rp2_common/pico_double/double_v1_rom_shim_rp2040.S.obj
                0x100024b4                ddiv_shim
 .text.double2uint_shim
                0x10002664        0xe CMakeFiles/ping_client.dir/__/__/libraries/pico-sdk/src/rp2_common/pico_double/double_v1_rom_shim_rp2040.S.obj
                0x10002664                double2uint_shim
                0x10002666                double2ufix_shim
 *fill*         0x10002672        0x2 
 .text.double2uint64_shim
                0x10002674       0x70 CMakeFiles/ping_client.dir/__/__/libraries/pico-sdk/src/rp2_common/pico_double/double_v1_rom_shim_rp2040.S.obj
                0x10002674                double2uint64_shim
                0x10002676                double2ufix64_shim
                0x10002696                d2fix_a
 .text.dunpacks
                0x100026e4       0x3c CMakeFiles/ping_client.dir/__/__/libraries/pico-sdk/src/rp2_common/pico_double/double_v1_rom_shim_rp2040.S.obj
                0x100026e4                dunpacks
 .text.__aeabi_lmul
                0x10002720       0x32 CMakeFiles/ping_client.dir/__/__/libraries/pico-sdk/src/rp2_common/pico_int64_ops/pico_int64_ops_aeabi.S.obj
                0x10002720                __wrap___aeabi_lmul
 *fill*         0x10002752        0x2 
 .text.__aeabi_float_init
                0x10002754       0xfc CMakeFiles/ping_client.dir/__/__/libraries/pico-sdk/src/rp2_common/pico_float/float_init_rom_rp2040.c.obj
                0x10002754                __aeabi_float_init
 .text.float_table_shim_on_use_helper
                0x10002850       0x34 CMakeFiles/ping_client.dir/__/__/libraries/pico-sdk/src/rp2_common/pico_float/float_v1_rom_shim_rp2040.S.obj
                0x10002850                float_table_shim_on_use_helper
 .text          0x10002884       0x10 CMakeFiles/ping_client.dir/__/__/libraries/pico-sdk/src/rp2_common/pico_mem_ops/mem_ops_aeabi.S.obj
                0x10002884                __aeabi_mem_init
 .text.memset   0x10002894        0xc CMakeFiles/ping_client.dir/__/__/libraries/pico-sdk/src/rp2_common/pico_mem_ops/mem_ops_aeabi.S.obj
                0x10002894                __wrap_memset
 .text.memcpy   0x100028a0        0xc CMakeFiles/ping_client.dir/__/__/libraries/pico-sdk/src/rp2_common/pico_mem_ops/mem_ops_aeabi.S.obj
                0x100028a0                __wrap_memcpy
                0x100028a0                __wrap___aeabi_memcpy
 .text._out_null
                0x100028ac        0x2 CMakeFiles/ping_client.dir/__/__/libraries/pico-sdk/src/rp2_common/pico_printf/printf.c.obj
 .text._out_fct
                0x100028ae        0xe CMakeFiles/ping_client.dir/__/__/libraries/pico-sdk/src/rp2_common/pico_printf/printf.c.obj
 .text._atoi    0x100028bc       0x24 CMakeFiles/ping_client.dir/__/__/libraries/pico-sdk/src/rp2_common/pico_printf/printf.c.obj
 .text._out_rev
                0x100028e0       0xae CMakeFiles/ping_client.dir/__/__/libraries/pico-sdk/src/rp2_common/pico_printf/printf.c.obj
 .text._ntoa_format
                0x1000298e      0x112 CMakeFiles/ping_client.dir/__/__/libraries/pico-sdk/src/rp2_common/pico_printf/printf.c.obj
 .text._ntoa_long
                0x10002aa0       0xbc CMakeFiles/ping_client.dir/__/__/libraries/pico-sdk/src/rp2_common/pico_printf/printf.c.obj
 .text._ntoa_long_long
                0x10002b5c       0xe2 CMakeFiles/ping_client.dir/__/__/libraries/pico-sdk/src/rp2_common/pico_printf/printf.c.obj
 *fill*         0x10002c3e        0x2 
 .text._etoa    0x10002c40      0x414 CMakeFiles/ping_client.dir/__/__/libraries/pico-sdk/src/rp2_common/pico_printf/printf.c.obj
 .text._ftoa    0x10003054      0x354 CMakeFiles/ping_client.dir/__/__/libraries/pico-sdk/src/rp2_common/pico_printf/printf.c.obj
 .text._vsnprintf
                0x100033a8      0x624 CMakeFiles/ping_client.dir/__/__/libraries/pico-sdk/src/rp2_common/pico_printf/printf.c.obj
 .text.vfctprintf
                0x100039cc       0x20 CMakeFiles/ping_client.dir/__/__/libraries/pico-sdk/src/rp2_common/pico_printf/printf.c.obj
                0x100039cc                vfctprintf
 .text._exit    0x100039ec        0x4 CMakeFiles/ping_client.dir/__/__/libraries/pico-sdk/src/rp2_common/pico_clib_interface/newlib_interface.c.obj
                0x100039ec                _exit
 .text.exit     0x100039f0        0x6 CMakeFiles/ping_client.dir/__/__/libraries/pico-sdk/src/rp2_common/pico_clib_interface/newlib_interface.c.obj
                0x100039f0                exit
 *fill*         0x100039f6        0x2 
 .text.__assert_func
                0x100039f8       0x3c CMakeFiles/ping_client.dir/__/__/libraries/pico-sdk/src/rp2_common/pico_clib_interface/newlib_interface.c.obj
                0x100039f8                __assert_func
 .text.runtime_init
                0x10003a34       0x28 CMakeFiles/ping_client.dir/__/__/libraries/pico-sdk/src/rp2_common/pico_clib_interface/newlib_interface.c.obj
                0x10003a34                runtime_init
 .text.stdio_out_chars_no_crlf
                0x10003a5c        0xe CMakeFiles/ping_client.dir/__/__/libraries/pico-sdk/src/rp2_common/pico_stdio/stdio.c.obj
 *fill*         0x10003a6a        0x2 
 .text.stdio_out_chars_crlf
                0x10003a6c       0x80 CMakeFiles/ping_client.dir/__/__/libraries/pico-sdk/src/rp2_common/pico_stdio/stdio.c.obj
 .text.stdio_stack_buffer_flush
                0x10003aec       0x44 CMakeFiles/ping_client.dir/__/__/libraries/pico-sdk/src/rp2_common/pico_stdio/stdio.c.obj
 .text.stdio_buffered_printer
                0x10003b30       0x20 CMakeFiles/ping_client.dir/__/__/libraries/pico-sdk/src/rp2_common/pico_stdio/stdio.c.obj
 .text.stdout_serialize_begin
                0x10003b50       0x30 CMakeFiles/ping_client.dir/__/__/libraries/pico-sdk/src/rp2_common/pico_stdio/stdio.c.obj
                0x10003b50                stdout_serialize_begin
 .text.stdout_serialize_end
                0x10003b80       0x10 CMakeFiles/ping_client.dir/__/__/libraries/pico-sdk/src/rp2_common/pico_stdio/stdio.c.obj
                0x10003b80                stdout_serialize_end
 .text.stdio_put_string
                0x10003b90       0x94 CMakeFiles/ping_client.dir/__/__/libraries/pico-sdk/src/rp2_common/pico_stdio/stdio.c.obj
                0x10003b90                stdio_put_string
 .text.stdio_set_driver_enabled
                0x10003c24       0x2c CMakeFiles/ping_client.dir/__/__/libraries/pico-sdk/src/rp2_common/pico_stdio/stdio.c.obj
                0x10003c24                stdio_set_driver_enabled
 .text.stdio_flush
                0x10003c50       0x20 CMakeFiles/ping_client.dir/__/__/libraries/pico-sdk/src/rp2_common/pico_stdio/stdio.c.obj
                0x10003c50                stdio_flush
 .text.stdio_init_all
                0x10003c70        0x8 CMakeFiles/ping_client.dir/__/__/libraries/pico-sdk/src/rp2_common/pico_stdio/stdio.c.obj
                0x10003c70                stdio_init_all
 .text.__wrap_puts
                0x10003c78       0x1e CMakeFiles/ping_client.dir/__/__/libraries/pico-sdk/src/rp2_common/pico_stdio/stdio.c.obj
                0x10003c78                stdio_puts
                0x10003c78                __wrap_puts
 *fill*         0x10003c96        0x2 
 .text.__wrap_vprintf
                0x10003c98       0x40 CMakeFiles/ping_client.dir/__/__/libraries/pico-sdk/src/rp2_common/pico_stdio/stdio.c.obj
                0x10003c98                stdio_vprintf
                0x10003c98                __wrap_vprintf
 .text.__wrap_printf
                0x10003cd8       0x18 CMakeFiles/ping_client.dir/__/__/libraries/pico-sdk/src/rp2_common/pico_stdio/stdio.c.obj
                0x10003cd8                __wrap_printf
                0x10003cd8                stdio_printf
 .text.resetd_init
                0x10003cf0        0x2 CMakeFiles/ping_client.dir/__/__/libraries/pico-sdk/src/rp2_common/pico_stdio_usb/reset_interface.c.obj
 *fill*         0x10003cf2        0x2 
 .text.resetd_reset
                0x10003cf4        0xc CMakeFiles/ping_client.dir/__/__/libraries/pico-sdk/src/rp2_common/pico_stdio_usb/reset_interface.c.obj
 .text.resetd_open
                0x10003d00       0x34 CMakeFiles/ping_client.dir/__/__/libraries/pico-sdk/src/rp2_common/pico_stdio_usb/reset_interface.c.obj
 .text.resetd_xfer_cb
                0x10003d34        0x4 CMakeFiles/ping_client.dir/__/__/libraries/pico-sdk/src/rp2_common/pico_stdio_usb/reset_interface.c.obj
 .text.resetd_control_xfer_cb
                0x10003d38       0x5c CMakeFiles/ping_client.dir/__/__/libraries/pico-sdk/src/rp2_common/pico_stdio_usb/reset_interface.c.obj
 .text.tud_descriptor_bos_cb
                0x10003d94        0x8 CMakeFiles/ping_client.dir/__/__/libraries/pico-sdk/src/rp2_common/pico_stdio_usb/reset_interface.c.obj
                0x10003d94                tud_descriptor_bos_cb
 .text.tud_vendor_control_xfer_cb
                0x10003d9c       0x38 CMakeFiles/ping_client.dir/__/__/libraries/pico-sdk/src/rp2_common/pico_stdio_usb/reset_interface.c.obj
                0x10003d9c                tud_vendor_control_xfer_cb
 .text.usbd_app_driver_get_cb
                0x10003dd4        0xc CMakeFiles/ping_client.dir/__/__/libraries/pico-sdk/src/rp2_common/pico_stdio_usb/reset_interface.c.obj
                0x10003dd4                usbd_app_driver_get_cb
 .text.tud_cdc_line_coding_cb
                0x10003de0       0x28 CMakeFiles/ping_client.dir/__/__/libraries/pico-sdk/src/rp2_common/pico_stdio_usb/reset_interface.c.obj
                0x10003de0                tud_cdc_line_coding_cb
 .text.stdio_usb_set_chars_available_callback
                0x10003e08       0x14 CMakeFiles/ping_client.dir/__/__/libraries/pico-sdk/src/rp2_common/pico_stdio_usb/stdio_usb.c.obj
                0x10003e08                stdio_usb_set_chars_available_callback
 .text.stdio_usb_out_flush
                0x10003e1c       0x4c CMakeFiles/ping_client.dir/__/__/libraries/pico-sdk/src/rp2_common/pico_stdio_usb/stdio_usb.c.obj
 .text.usb_irq  0x10003e68       0x10 CMakeFiles/ping_client.dir/__/__/libraries/pico-sdk/src/rp2_common/pico_stdio_usb/stdio_usb.c.obj
 .text.low_priority_worker_irq
                0x10003e78       0xd0 CMakeFiles/ping_client.dir/__/__/libraries/pico-sdk/src/rp2_common/pico_stdio_usb/stdio_usb.c.obj
 .text.timer_task
                0x10003f48       0x6c CMakeFiles/ping_client.dir/__/__/libraries/pico-sdk/src/rp2_common/pico_stdio_usb/stdio_usb.c.obj
 .text.stdio_usb_init
                0x10003fb4       0xfc CMakeFiles/ping_client.dir/__/__/libraries/pico-sdk/src/rp2_common/pico_stdio_usb/stdio_usb.c.obj
                0x10003fb4                stdio_usb_init
 .text.stdio_usb_connected
                0x100040b0        0xa CMakeFiles/ping_client.dir/__/__/libraries/pico-sdk/src/rp2_common/pico_stdio_usb/stdio_usb.c.obj
                0x100040b0                stdio_usb_connected
 *fill*         0x100040ba        0x2 
 .text.stdio_usb_in_chars
                0x100040bc       0x98 CMakeFiles/ping_client.dir/__/__/libraries/pico-sdk/src/rp2_common/pico_stdio_usb/stdio_usb.c.obj
                0x100040bc                stdio_usb_in_chars
 .text.stdio_usb_out_chars
                0x10004154       0xe8 CMakeFiles/ping_client.dir/__/__/libraries/pico-sdk/src/rp2_common/pico_stdio_usb/stdio_usb.c.obj
 .text.tud_descriptor_device_cb
                0x1000423c        0x8 CMakeFiles/ping_client.dir/__/__/libraries/pico-sdk/src/rp2_common/pico_stdio_usb/stdio_usb_descriptors.c.obj
                0x1000423c                tud_descriptor_device_cb
 .text.tud_descriptor_configuration_cb
                0x10004244        0x8 CMakeFiles/ping_client.dir/__/__/libraries/pico-sdk/src/rp2_common/pico_stdio_usb/stdio_usb_descriptors.c.obj
                0x10004244                tud_descriptor_configuration_cb
 .text.tud_descriptor_string_cb
                0x1000424c       0x6c CMakeFiles/ping_client.dir/__/__/libraries/pico-sdk/src/rp2_common/pico_stdio_usb/stdio_usb_descriptors.c.obj
                0x1000424c                tud_descriptor_string_cb
 .text._retrieve_unique_id_on_boot
                0x100042b8       0x10 CMakeFiles/ping_client.dir/__/__/libraries/pico-sdk/src/rp2_common/pico_unique_id/unique_id.c.obj
 .text.pico_get_unique_board_id_string
                0x100042c8       0x60 CMakeFiles/ping_client.dir/__/__/libraries/pico-sdk/src/rp2_common/pico_unique_id/unique_id.c.obj
                0x100042c8                pico_get_unique_board_id_string
 .text.flash_get_unique_id
                0x10004328       0x46 CMakeFiles/ping_client.dir/__/__/libraries/pico-sdk/src/rp2_common/hardware_flash/flash.c.obj
                0x10004328                flash_get_unique_id
 *fill*         0x1000436e        0x2 
 .text._hw_endpoint_alloc
                0x10004370       0x70 CMakeFiles/ping_client.dir/__/__/libraries/pico-sdk/lib/tinyusb/src/portable/raspberrypi/rp2040/dcd_rp2040.c.obj
 .text.hw_endpoint_init
                0x100043e0       0xc4 CMakeFiles/ping_client.dir/__/__/libraries/pico-sdk/lib/tinyusb/src/portable/raspberrypi/rp2040/dcd_rp2040.c.obj
 .text.hw_endpoint_xfer
                0x100044a4       0x20 CMakeFiles/ping_client.dir/__/__/libraries/pico-sdk/lib/tinyusb/src/portable/raspberrypi/rp2040/dcd_rp2040.c.obj
 .text.dcd_int_enable
                0x100044c4       0x2c CMakeFiles/ping_client.dir/__/__/libraries/pico-sdk/lib/tinyusb/src/portable/raspberrypi/rp2040/dcd_rp2040.c.obj
                0x100044c4                dcd_int_enable
 .text.dcd_set_address
                0x100044f0       0x2c CMakeFiles/ping_client.dir/__/__/libraries/pico-sdk/lib/tinyusb/src/portable/raspberrypi/rp2040/dcd_rp2040.c.obj
                0x100044f0                dcd_set_address
 .text.dcd_connect
                0x1000451c       0x10 CMakeFiles/ping_client.dir/__/__/libraries/pico-sdk/lib/tinyusb/src/portable/raspberrypi/rp2040/dcd_rp2040.c.obj
                0x1000451c                dcd_connect
 .text.dcd_init
                0x1000452c       0x80 CMakeFiles/ping_client.dir/__/__/libraries/pico-sdk/lib/tinyusb/src/portable/raspberrypi/rp2040/dcd_rp2040.c.obj
                0x1000452c                dcd_init
 .text.dcd_sof_enable
                0x100045ac       0x1c CMakeFiles/ping_client.dir/__/__/libraries/pico-sdk/lib/tinyusb/src/portable/raspberrypi/rp2040/dcd_rp2040.c.obj
                0x100045ac                dcd_sof_enable
 .text.dcd_edpt0_status_complete
                0x100045c8       0x1c CMakeFiles/ping_client.dir/__/__/libraries/pico-sdk/lib/tinyusb/src/portable/raspberrypi/rp2040/dcd_rp2040.c.obj
                0x100045c8                dcd_edpt0_status_complete
 .text.dcd_edpt_open
                0x100045e4       0x40 CMakeFiles/ping_client.dir/__/__/libraries/pico-sdk/lib/tinyusb/src/portable/raspberrypi/rp2040/dcd_rp2040.c.obj
                0x100045e4                dcd_edpt_open
 .text.dcd_edpt_close_all
                0x10004624        0x8 CMakeFiles/ping_client.dir/__/__/libraries/pico-sdk/lib/tinyusb/src/portable/raspberrypi/rp2040/dcd_rp2040.c.obj
                0x10004624                dcd_edpt_close_all
 .text.dcd_edpt_xfer
                0x1000462c       0x30 CMakeFiles/ping_client.dir/__/__/libraries/pico-sdk/lib/tinyusb/src/portable/raspberrypi/rp2040/dcd_rp2040.c.obj
                0x1000462c                dcd_edpt_xfer
 .text.dcd_edpt_stall
                0x1000465c       0x3c CMakeFiles/ping_client.dir/__/__/libraries/pico-sdk/lib/tinyusb/src/portable/raspberrypi/rp2040/dcd_rp2040.c.obj
                0x1000465c                dcd_edpt_stall
 .text.dcd_edpt_clear_stall
                0x10004698       0x30 CMakeFiles/ping_client.dir/__/__/libraries/pico-sdk/lib/tinyusb/src/portable/raspberrypi/rp2040/dcd_rp2040.c.obj
                0x10004698                dcd_edpt_clear_stall
 .text.unaligned_memcpy
                0x100046c8       0x14 CMakeFiles/ping_client.dir/__/__/libraries/pico-sdk/lib/tinyusb/src/portable/raspberrypi/rp2040/rp2040_usb.c.obj
 .text.rp2040_usb_init
                0x100046dc       0x44 CMakeFiles/ping_client.dir/__/__/libraries/pico-sdk/lib/tinyusb/src/portable/raspberrypi/rp2040/rp2040_usb.c.obj
                0x100046dc                rp2040_usb_init
 .text.hw_endpoint_xfer_start
                0x10004720       0x60 CMakeFiles/ping_client.dir/__/__/libraries/pico-sdk/lib/tinyusb/src/portable/raspberrypi/rp2040/rp2040_usb.c.obj
                0x10004720                hw_endpoint_xfer_start
 .text.configuration_reset
                0x10004780       0x84 CMakeFiles/ping_client.dir/__/__/libraries/pico-sdk/lib/tinyusb/src/device/usbd.c.obj
 .text.usbd_reset
                0x10004804        0xc CMakeFiles/ping_client.dir/__/__/libraries/pico-sdk/lib/tinyusb/src/device/usbd.c.obj
 .text.invoke_class_control
                0x10004810       0x1a CMakeFiles/ping_client.dir/__/__/libraries/pico-sdk/lib/tinyusb/src/device/usbd.c.obj
 *fill*         0x1000482a        0x2 
 .text.process_set_config
                0x1000482c      0x19c CMakeFiles/ping_client.dir/__/__/libraries/pico-sdk/lib/tinyusb/src/device/usbd.c.obj
 .text.tud_event_hook_cb
                0x100049c8        0x2 CMakeFiles/ping_client.dir/__/__/libraries/pico-sdk/lib/tinyusb/src/device/usbd.c.obj
                0x100049c8                tud_event_hook_cb
 .text.tud_sof_cb
                0x100049ca        0x2 CMakeFiles/ping_client.dir/__/__/libraries/pico-sdk/lib/tinyusb/src/device/usbd.c.obj
                0x100049ca                tud_sof_cb
 .text.tud_descriptor_device_qualifier_cb
                0x100049cc        0x4 CMakeFiles/ping_client.dir/__/__/libraries/pico-sdk/lib/tinyusb/src/device/usbd.c.obj
                0x100049cc                tud_descriptor_device_qualifier_cb
 .text.tud_descriptor_other_speed_configuration_cb
                0x100049d0        0x4 CMakeFiles/ping_client.dir/__/__/libraries/pico-sdk/lib/tinyusb/src/device/usbd.c.obj
                0x100049d0                tud_descriptor_other_speed_configuration_cb
 .text.process_get_descriptor
                0x100049d4       0xe0 CMakeFiles/ping_client.dir/__/__/libraries/pico-sdk/lib/tinyusb/src/device/usbd.c.obj
 .text.tud_mount_cb
                0x10004ab4        0x2 CMakeFiles/ping_client.dir/__/__/libraries/pico-sdk/lib/tinyusb/src/device/usbd.c.obj
                0x10004ab4                tud_mount_cb
 .text.tud_umount_cb
                0x10004ab6        0x2 CMakeFiles/ping_client.dir/__/__/libraries/pico-sdk/lib/tinyusb/src/device/usbd.c.obj
                0x10004ab6                tud_umount_cb
 .text.tud_suspend_cb
                0x10004ab8        0x2 CMakeFiles/ping_client.dir/__/__/libraries/pico-sdk/lib/tinyusb/src/device/usbd.c.obj
                0x10004ab8                tud_suspend_cb
 .text.tud_resume_cb
                0x10004aba        0x2 CMakeFiles/ping_client.dir/__/__/libraries/pico-sdk/lib/tinyusb/src/device/usbd.c.obj
                0x10004aba                tud_resume_cb
 .text.tud_mounted
                0x10004abc       0x10 CMakeFiles/ping_client.dir/__/__/libraries/pico-sdk/lib/tinyusb/src/device/usbd.c.obj
                0x10004abc                tud_mounted
 .text.tud_suspended
                0x10004acc       0x10 CMakeFiles/ping_client.dir/__/__/libraries/pico-sdk/lib/tinyusb/src/device/usbd.c.obj
                0x10004acc                tud_suspended
 .text.tud_inited
                0x10004adc       0x14 CMakeFiles/ping_client.dir/__/__/libraries/pico-sdk/lib/tinyusb/src/device/usbd.c.obj
                0x10004adc                tud_inited
 .text.tud_init
                0x10004af0       0xdc CMakeFiles/ping_client.dir/__/__/libraries/pico-sdk/lib/tinyusb/src/device/usbd.c.obj
                0x10004af0                tud_init
 .text.usbd_edpt_open
                0x10004bcc       0x60 CMakeFiles/ping_client.dir/__/__/libraries/pico-sdk/lib/tinyusb/src/device/usbd.c.obj
                0x10004bcc                usbd_edpt_open
 .text.usbd_open_edpt_pair
                0x10004c2c       0x8c CMakeFiles/ping_client.dir/__/__/libraries/pico-sdk/lib/tinyusb/src/device/usbd.c.obj
                0x10004c2c                usbd_open_edpt_pair
 .text.usbd_edpt_claim
                0x10004cb8       0x28 CMakeFiles/ping_client.dir/__/__/libraries/pico-sdk/lib/tinyusb/src/device/usbd.c.obj
                0x10004cb8                usbd_edpt_claim
 .text.usbd_edpt_release
                0x10004ce0       0x28 CMakeFiles/ping_client.dir/__/__/libraries/pico-sdk/lib/tinyusb/src/device/usbd.c.obj
                0x10004ce0                usbd_edpt_release
 .text.usbd_edpt_xfer
                0x10004d08       0x88 CMakeFiles/ping_client.dir/__/__/libraries/pico-sdk/lib/tinyusb/src/device/usbd.c.obj
                0x10004d08                usbd_edpt_xfer
 .text.usbd_edpt_stall
                0x10004d90       0x34 CMakeFiles/ping_client.dir/__/__/libraries/pico-sdk/lib/tinyusb/src/device/usbd.c.obj
                0x10004d90                usbd_edpt_stall
 .text.usbd_edpt_clear_stall
                0x10004dc4       0x34 CMakeFiles/ping_client.dir/__/__/libraries/pico-sdk/lib/tinyusb/src/device/usbd.c.obj
                0x10004dc4                usbd_edpt_clear_stall
 .text.usbd_edpt_stalled
                0x10004df8       0x1c CMakeFiles/ping_client.dir/__/__/libraries/pico-sdk/lib/tinyusb/src/device/usbd.c.obj
                0x10004df8                usbd_edpt_stalled
 .text.process_control_request
                0x10004e14      0x394 CMakeFiles/ping_client.dir/__/__/libraries/pico-sdk/lib/tinyusb/src/device/usbd.c.obj
 .text.tud_task_ext
                0x100051a8      0x1d8 CMakeFiles/ping_client.dir/__/__/libraries/pico-sdk/lib/tinyusb/src/device/usbd.c.obj
                0x100051a8                tud_task_ext
 .text._data_stage_xact
                0x10005380       0x60 CMakeFiles/ping_client.dir/__/__/libraries/pico-sdk/lib/tinyusb/src/device/usbd_control.c.obj
 .text.tud_control_status
                0x100053e0       0x38 CMakeFiles/ping_client.dir/__/__/libraries/pico-sdk/lib/tinyusb/src/device/usbd_control.c.obj
                0x100053e0                tud_control_status
 .text.tud_control_xfer
                0x10005418       0xa8 CMakeFiles/ping_client.dir/__/__/libraries/pico-sdk/lib/tinyusb/src/device/usbd_control.c.obj
                0x10005418                tud_control_xfer
 .text.usbd_control_reset
                0x100054c0       0x14 CMakeFiles/ping_client.dir/__/__/libraries/pico-sdk/lib/tinyusb/src/device/usbd_control.c.obj
                0x100054c0                usbd_control_reset
 .text.usbd_control_set_complete_callback
                0x100054d4        0xc CMakeFiles/ping_client.dir/__/__/libraries/pico-sdk/lib/tinyusb/src/device/usbd_control.c.obj
                0x100054d4                usbd_control_set_complete_callback
 .text.usbd_control_set_request
                0x100054e0       0x1c CMakeFiles/ping_client.dir/__/__/libraries/pico-sdk/lib/tinyusb/src/device/usbd_control.c.obj
                0x100054e0                usbd_control_set_request
 .text.usbd_control_xfer_cb
                0x100054fc       0xf4 CMakeFiles/ping_client.dir/__/__/libraries/pico-sdk/lib/tinyusb/src/device/usbd_control.c.obj
                0x100054fc                usbd_control_xfer_cb
 .text._prep_out_transaction
                0x100055f0       0x72 CMakeFiles/ping_client.dir/__/__/libraries/pico-sdk/lib/tinyusb/src/class/cdc/cdc_device.c.obj
 *fill*         0x10005662        0x2 
 .text.tud_cdc_n_connected
                0x10005664       0x44 CMakeFiles/ping_client.dir/__/__/libraries/pico-sdk/lib/tinyusb/src/class/cdc/cdc_device.c.obj
                0x10005664                tud_cdc_n_connected
 .text.tud_cdc_n_available
                0x100056a8       0x18 CMakeFiles/ping_client.dir/__/__/libraries/pico-sdk/lib/tinyusb/src/class/cdc/cdc_device.c.obj
                0x100056a8                tud_cdc_n_available
 .text.tud_cdc_n_read
                0x100056c0       0x38 CMakeFiles/ping_client.dir/__/__/libraries/pico-sdk/lib/tinyusb/src/class/cdc/cdc_device.c.obj
                0x100056c0                tud_cdc_n_read
 .text.tud_cdc_n_write_flush
                0x100056f8       0xcc CMakeFiles/ping_client.dir/__/__/libraries/pico-sdk/lib/tinyusb/src/class/cdc/cdc_device.c.obj
                0x100056f8                tud_cdc_n_write_flush
 .text.tud_cdc_n_write
                0x100057c4       0x48 CMakeFiles/ping_client.dir/__/__/libraries/pico-sdk/lib/tinyusb/src/class/cdc/cdc_device.c.obj
                0x100057c4                tud_cdc_n_write
 .text.tud_cdc_n_write_available
                0x1000580c       0x1c CMakeFiles/ping_client.dir/__/__/libraries/pico-sdk/lib/tinyusb/src/class/cdc/cdc_device.c.obj
                0x1000580c                tud_cdc_n_write_available
 .text.cdcd_init
                0x10005828       0xc0 CMakeFiles/ping_client.dir/__/__/libraries/pico-sdk/lib/tinyusb/src/class/cdc/cdc_device.c.obj
                0x10005828                cdcd_init
 .text.cdcd_deinit
                0x100058e8       0x50 CMakeFiles/ping_client.dir/__/__/libraries/pico-sdk/lib/tinyusb/src/class/cdc/cdc_device.c.obj
                0x100058e8                cdcd_deinit
 .text.cdcd_reset
                0x10005938       0x78 CMakeFiles/ping_client.dir/__/__/libraries/pico-sdk/lib/tinyusb/src/class/cdc/cdc_device.c.obj
                0x10005938                cdcd_reset
 .text.cdcd_open
                0x100059b0       0xf8 CMakeFiles/ping_client.dir/__/__/libraries/pico-sdk/lib/tinyusb/src/class/cdc/cdc_device.c.obj
                0x100059b0                cdcd_open
 .text.cdcd_control_xfer_cb
                0x10005aa8      0x138 CMakeFiles/ping_client.dir/__/__/libraries/pico-sdk/lib/tinyusb/src/class/cdc/cdc_device.c.obj
                0x10005aa8                cdcd_control_xfer_cb
 .text.cdcd_xfer_cb
                0x10005be0      0x144 CMakeFiles/ping_client.dir/__/__/libraries/pico-sdk/lib/tinyusb/src/class/cdc/cdc_device.c.obj
                0x10005be0                cdcd_xfer_cb
 .text._prep_out_transaction
                0x10005d24       0x3a CMakeFiles/ping_client.dir/__/__/libraries/pico-sdk/lib/tinyusb/src/class/vendor/vendor_device.c.obj
 *fill*         0x10005d5e        0x2 
 .text.tud_vendor_n_write_flush
                0x10005d60       0xcc CMakeFiles/ping_client.dir/__/__/libraries/pico-sdk/lib/tinyusb/src/class/vendor/vendor_device.c.obj
                0x10005d60                tud_vendor_n_write_flush
 .text.vendord_init
                0x10005e2c       0xa0 CMakeFiles/ping_client.dir/__/__/libraries/pico-sdk/lib/tinyusb/src/class/vendor/vendor_device.c.obj
                0x10005e2c                vendord_init
 .text.vendord_deinit
                0x10005ecc       0x50 CMakeFiles/ping_client.dir/__/__/libraries/pico-sdk/lib/tinyusb/src/class/vendor/vendor_device.c.obj
                0x10005ecc                vendord_deinit
 .text.vendord_reset
                0x10005f1c       0x38 CMakeFiles/ping_client.dir/__/__/libraries/pico-sdk/lib/tinyusb/src/class/vendor/vendor_device.c.obj
                0x10005f1c                vendord_reset
 .text.vendord_open
                0x10005f54       0xd8 CMakeFiles/ping_client.dir/__/__/libraries/pico-sdk/lib/tinyusb/src/class/vendor/vendor_device.c.obj
                0x10005f54                vendord_open
 .text.vendord_xfer_cb
                0x1000602c       0xc8 CMakeFiles/ping_client.dir/__/__/libraries/pico-sdk/lib/tinyusb/src/class/vendor/vendor_device.c.obj
                0x1000602c                vendord_xfer_cb
 .text.tusb_init
                0x100060f4       0x24 CMakeFiles/ping_client.dir/__/__/libraries/pico-sdk/lib/tinyusb/src/tusb.c.obj
                0x100060f4                tusb_init
 .text.tu_edpt_claim
                0x10006118       0x50 CMakeFiles/ping_client.dir/__/__/libraries/pico-sdk/lib/tinyusb/src/tusb.c.obj
                0x10006118                tu_edpt_claim
 .text.tu_edpt_release
                0x10006168       0x3c CMakeFiles/ping_client.dir/__/__/libraries/pico-sdk/lib/tinyusb/src/tusb.c.obj
                0x10006168                tu_edpt_release
 .text.tu_edpt_validate
                0x100061a4       0xac CMakeFiles/ping_client.dir/__/__/libraries/pico-sdk/lib/tinyusb/src/tusb.c.obj
                0x100061a4                tu_edpt_validate
 .text.tu_edpt_bind_driver
                0x10006250       0x26 CMakeFiles/ping_client.dir/__/__/libraries/pico-sdk/lib/tinyusb/src/tusb.c.obj
                0x10006250                tu_edpt_bind_driver
 .text.advance_index
                0x10006276       0x1a CMakeFiles/ping_client.dir/__/__/libraries/pico-sdk/lib/tinyusb/src/common/tusb_fifo.c.obj
 .text._tu_fifo_peek
                0x10006290       0x56 CMakeFiles/ping_client.dir/__/__/libraries/pico-sdk/lib/tinyusb/src/common/tusb_fifo.c.obj
 .text._ff_pull_n
                0x100062e6       0x68 CMakeFiles/ping_client.dir/__/__/libraries/pico-sdk/lib/tinyusb/src/common/tusb_fifo.c.obj
 .text._tu_fifo_peek_n
                0x1000634e       0x6a CMakeFiles/ping_client.dir/__/__/libraries/pico-sdk/lib/tinyusb/src/common/tusb_fifo.c.obj
 .text._tu_fifo_read_n
                0x100063b8       0x4e CMakeFiles/ping_client.dir/__/__/libraries/pico-sdk/lib/tinyusb/src/common/tusb_fifo.c.obj
 .text._ff_push_n
                0x10006406       0x68 CMakeFiles/ping_client.dir/__/__/libraries/pico-sdk/lib/tinyusb/src/common/tusb_fifo.c.obj
 .text._tu_fifo_write_n
                0x1000646e       0xf0 CMakeFiles/ping_client.dir/__/__/libraries/pico-sdk/lib/tinyusb/src/common/tusb_fifo.c.obj
 .text.tu_fifo_config
                0x1000655e       0x7c CMakeFiles/ping_client.dir/__/__/libraries/pico-sdk/lib/tinyusb/src/common/tusb_fifo.c.obj
                0x1000655e                tu_fifo_config
 .text.tu_fifo_count
                0x100065da       0x2a CMakeFiles/ping_client.dir/__/__/libraries/pico-sdk/lib/tinyusb/src/common/tusb_fifo.c.obj
                0x100065da                tu_fifo_count
 .text.tu_fifo_empty
                0x10006604       0x10 CMakeFiles/ping_client.dir/__/__/libraries/pico-sdk/lib/tinyusb/src/common/tusb_fifo.c.obj
                0x10006604                tu_fifo_empty
 .text.tu_fifo_full
                0x10006614       0x28 CMakeFiles/ping_client.dir/__/__/libraries/pico-sdk/lib/tinyusb/src/common/tusb_fifo.c.obj
                0x10006614                tu_fifo_full
 .text.tu_fifo_remaining
                0x1000663c       0x2c CMakeFiles/ping_client.dir/__/__/libraries/pico-sdk/lib/tinyusb/src/common/tusb_fifo.c.obj
                0x1000663c                tu_fifo_remaining
 .text.tu_fifo_read
                0x10006668       0x42 CMakeFiles/ping_client.dir/__/__/libraries/pico-sdk/lib/tinyusb/src/common/tusb_fifo.c.obj
                0x10006668                tu_fifo_read
 .text.tu_fifo_read_n
                0x100066aa        0xa CMakeFiles/ping_client.dir/__/__/libraries/pico-sdk/lib/tinyusb/src/common/tusb_fifo.c.obj
                0x100066aa                tu_fifo_read_n
 .text.tu_fifo_write
                0x100066b4       0x64 CMakeFiles/ping_client.dir/__/__/libraries/pico-sdk/lib/tinyusb/src/common/tusb_fifo.c.obj
                0x100066b4                tu_fifo_write
 .text.tu_fifo_write_n
                0x10006718        0xa CMakeFiles/ping_client.dir/__/__/libraries/pico-sdk/lib/tinyusb/src/common/tusb_fifo.c.obj
                0x10006718                tu_fifo_write_n
 .text.tu_fifo_clear
                0x10006722       0x3e CMakeFiles/ping_client.dir/__/__/libraries/pico-sdk/lib/tinyusb/src/common/tusb_fifo.c.obj
                0x10006722                tu_fifo_clear
 .text.tu_fifo_set_overwritable
                0x10006760       0x46 CMakeFiles/ping_client.dir/__/__/libraries/pico-sdk/lib/tinyusb/src/common/tusb_fifo.c.obj
                0x10006760                tu_fifo_set_overwritable
 *fill*         0x100067a6        0x2 
 .text.sendto_IO_6
                0x100067a8      0x2c8 CMakeFiles/ping_client.dir/__/__/libraries/ioLibrary_Driver/Ethernet/socket.c.obj
 .text.close    0x10006a70       0x84 CMakeFiles/ping_client.dir/__/__/libraries/ioLibrary_Driver/Ethernet/socket.c.obj
                0x10006a70                close
 .text.socket   0x10006af4      0x21c CMakeFiles/ping_client.dir/__/__/libraries/ioLibrary_Driver/Ethernet/socket.c.obj
                0x10006af4                socket
 .text.recvfrom_IO_6
                0x10006d10      0x2dc CMakeFiles/ping_client.dir/__/__/libraries/ioLibrary_Driver/Ethernet/socket.c.obj
 .text.sendto_W5x00
                0x10006fec       0x16 CMakeFiles/ping_client.dir/__/__/libraries/ioLibrary_Driver/Ethernet/socket.c.obj
                0x10006fec                sendto_W5x00
 .text.sendto_W6x00
                0x10007002       0x18 CMakeFiles/ping_client.dir/__/__/libraries/ioLibrary_Driver/Ethernet/socket.c.obj
                0x10007002                sendto_W6x00
 .text.recvfrom_W5x00
                0x1000701a       0x1a CMakeFiles/ping_client.dir/__/__/libraries/ioLibrary_Driver/Ethernet/socket.c.obj
                0x1000701a                recvfrom_W5x00
 .text.wizchip_cris_enter
                0x10007034        0x2 CMakeFiles/ping_client.dir/__/__/libraries/ioLibrary_Driver/Ethernet/wizchip_conf.c.obj
                0x10007034                wizchip_cris_enter
 .text.wizchip_cris_exit
                0x10007036        0x2 CMakeFiles/ping_client.dir/__/__/libraries/ioLibrary_Driver/Ethernet/wizchip_conf.c.obj
                0x10007036                wizchip_cris_exit
 .text.wizchip_cs_select
                0x10007038        0x2 CMakeFiles/ping_client.dir/__/__/libraries/ioLibrary_Driver/Ethernet/wizchip_conf.c.obj
                0x10007038                wizchip_cs_select
 .text.wizchip_cs_deselect
                0x1000703a        0x2 CMakeFiles/ping_client.dir/__/__/libraries/ioLibrary_Driver/Ethernet/wizchip_conf.c.obj
                0x1000703a                wizchip_cs_deselect
 .text.wizchip_bus_readdata
                0x1000703c        0x6 CMakeFiles/ping_client.dir/__/__/libraries/ioLibrary_Driver/Ethernet/wizchip_conf.c.obj
                0x1000703c                wizchip_bus_readdata
 .text.wizchip_bus_writedata
                0x10007042        0x4 CMakeFiles/ping_client.dir/__/__/libraries/ioLibrary_Driver/Ethernet/wizchip_conf.c.obj
                0x10007042                wizchip_bus_writedata
 .text.wizchip_qspi_read
                0x10007046        0x2 CMakeFiles/ping_client.dir/__/__/libraries/ioLibrary_Driver/Ethernet/wizchip_conf.c.obj
                0x10007046                wizchip_qspi_read
 .text.wizchip_qspi_write
                0x10007048        0x2 CMakeFiles/ping_client.dir/__/__/libraries/ioLibrary_Driver/Ethernet/wizchip_conf.c.obj
                0x10007048                wizchip_qspi_write
 *fill*         0x1000704a        0x2 
 .text.reg_wizchip_cris_cbfunc
                0x1000704c       0x28 CMakeFiles/ping_client.dir/__/__/libraries/ioLibrary_Driver/Ethernet/wizchip_conf.c.obj
                0x1000704c                reg_wizchip_cris_cbfunc
 .text.reg_wizchip_cs_cbfunc
                0x10007074       0x28 CMakeFiles/ping_client.dir/__/__/libraries/ioLibrary_Driver/Ethernet/wizchip_conf.c.obj
                0x10007074                reg_wizchip_cs_cbfunc
 .text.reg_wizchip_qspi_cbfunc
                0x1000709c       0x34 CMakeFiles/ping_client.dir/__/__/libraries/ioLibrary_Driver/Ethernet/wizchip_conf.c.obj
                0x1000709c                reg_wizchip_qspi_cbfunc
 .text.wizchip_sw_reset
                0x100070d0      0x144 CMakeFiles/ping_client.dir/__/__/libraries/ioLibrary_Driver/Ethernet/wizchip_conf.c.obj
                0x100070d0                wizchip_sw_reset
 .text.wizchip_init
                0x10007214       0x94 CMakeFiles/ping_client.dir/__/__/libraries/ioLibrary_Driver/Ethernet/wizchip_conf.c.obj
                0x10007214                wizchip_init
 .text.wizchip_clrinterrupt
                0x100072a8       0x4c CMakeFiles/ping_client.dir/__/__/libraries/ioLibrary_Driver/Ethernet/wizchip_conf.c.obj
                0x100072a8                wizchip_clrinterrupt
 .text.wizchip_getinterrupt
                0x100072f4       0x2c CMakeFiles/ping_client.dir/__/__/libraries/ioLibrary_Driver/Ethernet/wizchip_conf.c.obj
                0x100072f4                wizchip_getinterrupt
 .text.wizchip_setinterruptmask
                0x10007320       0x30 CMakeFiles/ping_client.dir/__/__/libraries/ioLibrary_Driver/Ethernet/wizchip_conf.c.obj
                0x10007320                wizchip_setinterruptmask
 .text.wizchip_getinterruptmask
                0x10007350       0x2c CMakeFiles/ping_client.dir/__/__/libraries/ioLibrary_Driver/Ethernet/wizchip_conf.c.obj
                0x10007350                wizchip_getinterruptmask
 .text.wizphy_getphylink
                0x1000737c       0x14 CMakeFiles/ping_client.dir/__/__/libraries/ioLibrary_Driver/Ethernet/wizchip_conf.c.obj
                0x1000737c                wizphy_getphylink
 .text.wizphy_getphypmode
                0x10007390       0x14 CMakeFiles/ping_client.dir/__/__/libraries/ioLibrary_Driver/Ethernet/wizchip_conf.c.obj
                0x10007390                wizphy_getphypmode
 .text.wizphy_reset
                0x100073a4       0x24 CMakeFiles/ping_client.dir/__/__/libraries/ioLibrary_Driver/Ethernet/wizchip_conf.c.obj
                0x100073a4                wizphy_reset
 .text.wizphy_setphyconf
                0x100073c8       0x88 CMakeFiles/ping_client.dir/__/__/libraries/ioLibrary_Driver/Ethernet/wizchip_conf.c.obj
                0x100073c8                wizphy_setphyconf
 .text.wizphy_getphyconf
                0x10007450       0x38 CMakeFiles/ping_client.dir/__/__/libraries/ioLibrary_Driver/Ethernet/wizchip_conf.c.obj
                0x10007450                wizphy_getphyconf
 .text.wizphy_setphypmode
                0x10007488       0x2c CMakeFiles/ping_client.dir/__/__/libraries/ioLibrary_Driver/Ethernet/wizchip_conf.c.obj
                0x10007488                wizphy_setphypmode
 .text.ctlwizchip
                0x100074b4      0x1bc CMakeFiles/ping_client.dir/__/__/libraries/ioLibrary_Driver/Ethernet/wizchip_conf.c.obj
                0x100074b4                ctlwizchip
 .text.wizchip_setnetinfo
                0x10007670       0xc4 CMakeFiles/ping_client.dir/__/__/libraries/ioLibrary_Driver/Ethernet/wizchip_conf.c.obj
                0x10007670                wizchip_setnetinfo
 .text.wizchip_getnetinfo
                0x10007734       0xc4 CMakeFiles/ping_client.dir/__/__/libraries/ioLibrary_Driver/Ethernet/wizchip_conf.c.obj
                0x10007734                wizchip_getnetinfo
 .text.wizchip_setnetmode
                0x100077f8       0x38 CMakeFiles/ping_client.dir/__/__/libraries/ioLibrary_Driver/Ethernet/wizchip_conf.c.obj
                0x100077f8                wizchip_setnetmode
 .text.wizchip_getnetmode
                0x10007830       0x30 CMakeFiles/ping_client.dir/__/__/libraries/ioLibrary_Driver/Ethernet/wizchip_conf.c.obj
                0x10007830                wizchip_getnetmode
 .text.wizchip_settimeout
                0x10007860       0x50 CMakeFiles/ping_client.dir/__/__/libraries/ioLibrary_Driver/Ethernet/wizchip_conf.c.obj
                0x10007860                wizchip_settimeout
 .text.wizchip_gettimeout
                0x100078b0       0x5c CMakeFiles/ping_client.dir/__/__/libraries/ioLibrary_Driver/Ethernet/wizchip_conf.c.obj
                0x100078b0                wizchip_gettimeout
 .text.ctlnetwork
                0x1000790c       0x70 CMakeFiles/ping_client.dir/__/__/libraries/ioLibrary_Driver/Ethernet/wizchip_conf.c.obj
                0x1000790c                ctlnetwork
 .text.WIZCHIP_WRITE
                0x1000797c       0x3c CMakeFiles/ping_client.dir/__/__/libraries/ioLibrary_Driver/Ethernet/W6300/w6300.c.obj
                0x1000797c                WIZCHIP_WRITE
 .text.WIZCHIP_READ
                0x100079b8       0x38 CMakeFiles/ping_client.dir/__/__/libraries/ioLibrary_Driver/Ethernet/W6300/w6300.c.obj
                0x100079b8                WIZCHIP_READ
 .text.WIZCHIP_WRITE_BUF
                0x100079f0       0x34 CMakeFiles/ping_client.dir/__/__/libraries/ioLibrary_Driver/Ethernet/W6300/w6300.c.obj
                0x100079f0                WIZCHIP_WRITE_BUF
 .text.WIZCHIP_READ_BUF
                0x10007a24       0x30 CMakeFiles/ping_client.dir/__/__/libraries/ioLibrary_Driver/Ethernet/W6300/w6300.c.obj
                0x10007a24                WIZCHIP_READ_BUF
 .text.getSn_TX_FSR
                0x10007a54       0x38 CMakeFiles/ping_client.dir/__/__/libraries/ioLibrary_Driver/Ethernet/W6300/w6300.c.obj
                0x10007a54                getSn_TX_FSR
 .text.getSn_RX_RSR
                0x10007a8c       0x38 CMakeFiles/ping_client.dir/__/__/libraries/ioLibrary_Driver/Ethernet/W6300/w6300.c.obj
                0x10007a8c                getSn_RX_RSR
 .text.wiz_send_data
                0x10007ac4       0x6c CMakeFiles/ping_client.dir/__/__/libraries/ioLibrary_Driver/Ethernet/W6300/w6300.c.obj
                0x10007ac4                wiz_send_data
 .text.wiz_recv_data
                0x10007b30       0x68 CMakeFiles/ping_client.dir/__/__/libraries/ioLibrary_Driver/Ethernet/W6300/w6300.c.obj
                0x10007b30                wiz_recv_data
 .text.wiz_recv_ignore
                0x10007b98       0x50 CMakeFiles/ping_client.dir/__/__/libraries/ioLibrary_Driver/Ethernet/W6300/w6300.c.obj
                0x10007b98                wiz_recv_ignore
 .text.wiz_mdio_write
                0x10007be8       0x40 CMakeFiles/ping_client.dir/__/__/libraries/ioLibrary_Driver/Ethernet/W6300/w6300.c.obj
                0x10007be8                wiz_mdio_write
 .text.wiz_mdio_read
                0x10007c28       0x48 CMakeFiles/ping_client.dir/__/__/libraries/ioLibrary_Driver/Ethernet/W6300/w6300.c.obj
                0x10007c28                wiz_mdio_read
 .text.wizchip_critical_section_unlock
                0x10007c70       0x18 CMakeFiles/ping_client.dir/__/__/port/ioLibrary_Driver/src/wizchip_spi.c.obj
 .text.wizchip_critical_section_lock
                0x10007c88       0x20 CMakeFiles/ping_client.dir/__/__/port/ioLibrary_Driver/src/wizchip_spi.c.obj
 .text.wizchip_reset
                0x10007ca8       0x24 CMakeFiles/ping_client.dir/__/__/port/ioLibrary_Driver/src/wizchip_spi.c.obj
                0x10007ca8                wizchip_reset
 .text.wizchip_spi_initialize
                0x10007ccc       0x1c CMakeFiles/ping_client.dir/__/__/port/ioLibrary_Driver/src/wizchip_spi.c.obj
                0x10007ccc                wizchip_spi_initialize
 .text.wizchip_cris_initialize
                0x10007ce8       0x20 CMakeFiles/ping_client.dir/__/__/port/ioLibrary_Driver/src/wizchip_spi.c.obj
                0x10007ce8                wizchip_cris_initialize
 .text.wizchip_initialize
                0x10007d08       0x7c CMakeFiles/ping_client.dir/__/__/port/ioLibrary_Driver/src/wizchip_spi.c.obj
                0x10007d08                wizchip_initialize
 .text.wizchip_check
                0x10007d84       0x60 CMakeFiles/ping_client.dir/__/__/port/ioLibrary_Driver/src/wizchip_spi.c.obj
                0x10007d84                wizchip_check
 .text.network_initialize
                0x10007de4       0x2c CMakeFiles/ping_client.dir/__/__/port/ioLibrary_Driver/src/wizchip_spi.c.obj
                0x10007de4                network_initialize
 .text.print_ipv6_addr
                0x10007e10       0x78 CMakeFiles/ping_client.dir/__/__/port/ioLibrary_Driver/src/wizchip_spi.c.obj
                0x10007e10                print_ipv6_addr
 .text.print_network_information
                0x10007e88      0x124 CMakeFiles/ping_client.dir/__/__/port/ioLibrary_Driver/src/wizchip_spi.c.obj
                0x10007e88                print_network_information
 .text.mk_cmd_buf
                0x10007fac       0x10 CMakeFiles/ping_client.dir/__/__/port/ioLibrary_Driver/src/wizchip_qspi_pio.c.obj
 .text.cs_set   0x10007fbc       0x1c CMakeFiles/ping_client.dir/__/__/port/ioLibrary_Driver/src/wizchip_qspi_pio.c.obj
 .text.wiznet_spi_pio_set_active
                0x10007fd8        0xc CMakeFiles/ping_client.dir/__/__/port/ioLibrary_Driver/src/wizchip_qspi_pio.c.obj
 .text.wiznet_spi_pio_set_inactive
                0x10007fe4        0xc CMakeFiles/ping_client.dir/__/__/port/ioLibrary_Driver/src/wizchip_qspi_pio.c.obj
 .text.get_wiznet_spi_pio_impl
                0x10007ff0        0x8 CMakeFiles/ping_client.dir/__/__/port/ioLibrary_Driver/src/wizchip_qspi_pio.c.obj
 .text.wiznet_spi_pio_frame_start
                0x10007ff8       0x64 CMakeFiles/ping_client.dir/__/__/port/ioLibrary_Driver/src/wizchip_qspi_pio.c.obj
 .text.wizchip_spi_pio_reset
                0x1000805c       0x34 CMakeFiles/ping_client.dir/__/__/port/ioLibrary_Driver/src/wizchip_qspi_pio.c.obj
 .text.ns_delay
                0x10008090       0x20 CMakeFiles/ping_client.dir/__/__/port/ioLibrary_Driver/src/wizchip_qspi_pio.c.obj
 .text.wiznet_spi_pio_frame_end
                0x100080b0       0x38 CMakeFiles/ping_client.dir/__/__/port/ioLibrary_Driver/src/wizchip_qspi_pio.c.obj
 .text.pio_spi_gpio_setup
                0x100080e8       0x7c CMakeFiles/ping_client.dir/__/__/port/ioLibrary_Driver/src/wizchip_qspi_pio.c.obj
 .text.wiznet_spi_pio_close
                0x10008164       0x58 CMakeFiles/ping_client.dir/__/__/port/ioLibrary_Driver/src/wizchip_qspi_pio.c.obj
 .text.wiznet_spi_pio_write_byte
                0x100081bc      0x320 CMakeFiles/ping_client.dir/__/__/port/ioLibrary_Driver/src/wizchip_qspi_pio.c.obj
                0x100081bc                wiznet_spi_pio_write_byte
 .text.wiznet_spi_pio_read_byte
                0x100084dc      0x38c CMakeFiles/ping_client.dir/__/__/port/ioLibrary_Driver/src/wizchip_qspi_pio.c.obj
                0x100084dc                wiznet_spi_pio_read_byte
 .text.wiznet_spi_pio_open
                0x10008868      0x37c CMakeFiles/ping_client.dir/__/__/port/ioLibrary_Driver/src/wizchip_qspi_pio.c.obj
                0x10008868                wiznet_spi_pio_open
 .text.is_program_gpio_compatible
                0x10008be4        0x4 CMakeFiles/ping_client.dir/__/__/libraries/pico-sdk/src/rp2_common/hardware_pio/pio.c.obj
 .text.add_program_at_offset_check
                0x10008be8       0x64 CMakeFiles/ping_client.dir/__/__/libraries/pico-sdk/src/rp2_common/hardware_pio/pio.c.obj
 .text.add_program_at_offset
                0x10008c4c       0x68 CMakeFiles/ping_client.dir/__/__/libraries/pico-sdk/src/rp2_common/hardware_pio/pio.c.obj
 .text.find_offset_for_program
                0x10008cb4       0x7c CMakeFiles/ping_client.dir/__/__/libraries/pico-sdk/src/rp2_common/hardware_pio/pio.c.obj
 .text.pio_sm_unclaim
                0x10008d30       0x20 CMakeFiles/ping_client.dir/__/__/libraries/pico-sdk/src/rp2_common/hardware_pio/pio.c.obj
                0x10008d30                pio_sm_unclaim
 .text.pio_claim_unused_sm
                0x10008d50       0x38 CMakeFiles/ping_client.dir/__/__/libraries/pico-sdk/src/rp2_common/hardware_pio/pio.c.obj
                0x10008d50                pio_claim_unused_sm
 .text.pio_can_add_program
                0x10008d88       0x32 CMakeFiles/ping_client.dir/__/__/libraries/pico-sdk/src/rp2_common/hardware_pio/pio.c.obj
                0x10008d88                pio_can_add_program
 .text.pio_add_program
                0x10008dba       0x30 CMakeFiles/ping_client.dir/__/__/libraries/pico-sdk/src/rp2_common/hardware_pio/pio.c.obj
                0x10008dba                pio_add_program
 *fill*         0x10008dea        0x2 
 .text.pio_remove_program
                0x10008dec       0x58 CMakeFiles/ping_client.dir/__/__/libraries/pico-sdk/src/rp2_common/hardware_pio/pio.c.obj
                0x10008dec                pio_remove_program
 .text.pio_sm_set_pindirs_with_mask
                0x10008e44       0xa0 CMakeFiles/ping_client.dir/__/__/libraries/pico-sdk/src/rp2_common/hardware_pio/pio.c.obj
                0x10008e44                pio_sm_set_pindirs_with_mask
 .text.pio_sm_set_consecutive_pindirs
                0x10008ee4       0xb4 CMakeFiles/ping_client.dir/__/__/libraries/pico-sdk/src/rp2_common/hardware_pio/pio.c.obj
                0x10008ee4                pio_sm_set_consecutive_pindirs
 .text.dma_channel_unclaim
                0x10008f98       0x10 CMakeFiles/ping_client.dir/__/__/libraries/pico-sdk/src/rp2_common/hardware_dma/dma.c.obj
                0x10008f98                dma_channel_unclaim
 .text.dma_claim_unused_channel
                0x10008fa8       0x20 CMakeFiles/ping_client.dir/__/__/libraries/pico-sdk/src/rp2_common/hardware_dma/dma.c.obj
                0x10008fa8                dma_claim_unused_channel
 .text.checksum
                0x10008fc8       0x34 CMakeFiles/ping_client.dir/__/__/libraries/PING/ping.c.obj
 .text.swaps    0x10008ffc        0xa CMakeFiles/ping_client.dir/__/__/libraries/PING/ping.c.obj
 .text.htons    0x10009006        0x8 CMakeFiles/ping_client.dir/__/__/libraries/PING/ping.c.obj
 *fill*         0x1000900e        0x2 
 .text.set_ping_mode_w6x00
                0x10009010        0xc CMakeFiles/ping_client.dir/__/__/libraries/PING/ping.c.obj
                0x10009010                set_ping_mode_w6x00
 .text.ping_request
                0x1000901c       0xb8 CMakeFiles/ping_client.dir/__/__/libraries/PING/ping.c.obj
                0x1000901c                ping_request
 .text.ping_reply
                0x100090d4      0x184 CMakeFiles/ping_client.dir/__/__/libraries/PING/ping.c.obj
                0x100090d4                ping_reply
 .text.ping_request_v6
                0x10009258      0x118 CMakeFiles/ping_client.dir/__/__/libraries/PING/ping.c.obj
                0x10009258                ping_request_v6
 .text.ping_reply_v6
                0x10009370      0x1d8 CMakeFiles/ping_client.dir/__/__/libraries/PING/ping.c.obj
                0x10009370                ping_reply_v6
 .text.ping_auto
                0x10009548      0x1ac CMakeFiles/ping_client.dir/__/__/libraries/PING/ping.c.obj
                0x10009548                ping_auto
 .text.do_ping  0x100096f4       0x3c CMakeFiles/ping_client.dir/__/__/libraries/PING/ping.c.obj
                0x100096f4                do_ping
 .text.strlen   0x10009730       0x5c c:/progra~2/gnuarm~1/102021~1.10/bin/../lib/gcc/arm-none-eabi/10.3.1/../../../../arm-none-eabi/lib/thumb/v6-m/nofp\libg.a(lib_a-strlen-stub.o)
                0x10009730                strlen
 *(.fini)
 .fini          0x1000978c        0x4 c:/progra~2/gnuarm~1/102021~1.10/bin/../lib/gcc/arm-none-eabi/10.3.1/thumb/v6-m/nofp/crti.o
                0x1000978c                _fini
 .fini.__stub   0x10009790       0xd0 linker stubs
 *crtbegin.o(.ctors)
 *crtbegin?.o(.ctors)
 *(EXCLUDE_FILE(*crtend.o *crtend?.o) .ctors)
 *(SORT_BY_NAME(.ctors.*))
 *(.ctors)
 *crtbegin.o(.dtors)
 *crtbegin?.o(.dtors)
 *(EXCLUDE_FILE(*crtend.o *crtend?.o) .dtors)
 *(SORT_BY_NAME(.dtors.*))
 *(.dtors)
                0x10009860                . = ALIGN (0x4)
                0x10009860                PROVIDE (__preinit_array_start = .)
 *(SORT_BY_NAME(.preinit_array.*))
 .preinit_array.00100
                0x10009860        0x4 CMakeFiles/ping_client.dir/__/__/libraries/pico-sdk/src/rp2_common/pico_runtime_init/runtime_init.c.obj
                0x10009860                __pre_init_runtime_init_early_resets
 .preinit_array.00101
                0x10009864        0x4 CMakeFiles/ping_client.dir/__/__/libraries/pico-sdk/src/rp2_common/pico_runtime_init/runtime_init.c.obj
                0x10009864                __pre_init_runtime_init_usb_power_down
 .preinit_array.00275
                0x10009868        0x4 CMakeFiles/ping_client.dir/__/__/libraries/pico-sdk/src/rp2_common/pico_bit_ops/bit_ops_aeabi.S.obj
 .preinit_array.00300
                0x1000986c        0x4 CMakeFiles/ping_client.dir/__/__/libraries/pico-sdk/src/rp2_common/pico_mem_ops/mem_ops_aeabi.S.obj
 .preinit_array.00350
                0x10009870        0x4 CMakeFiles/ping_client.dir/__/__/libraries/pico-sdk/src/rp2_common/pico_double/double_aeabi_rp2040.S.obj
 .preinit_array.00350
                0x10009874        0x4 CMakeFiles/ping_client.dir/__/__/libraries/pico-sdk/src/rp2_common/pico_float/float_aeabi_rp2040.S.obj
 .preinit_array.00500
                0x10009878        0x4 CMakeFiles/ping_client.dir/__/__/libraries/pico-sdk/src/rp2_common/pico_runtime_init/runtime_init.c.obj
                0x10009878                __pre_init_runtime_init_clocks
 .preinit_array.00600
                0x1000987c        0x4 CMakeFiles/ping_client.dir/__/__/libraries/pico-sdk/src/rp2_common/pico_runtime_init/runtime_init.c.obj
                0x1000987c                __pre_init_runtime_init_post_clock_resets
 .preinit_array.00700
                0x10009880        0x4 CMakeFiles/ping_client.dir/__/__/libraries/pico-sdk/src/rp2_common/pico_runtime_init/runtime_init.c.obj
                0x10009880                __pre_init_runtime_init_rp2040_gpio_ie_disable
 .preinit_array.01000
                0x10009884        0x4 CMakeFiles/ping_client.dir/__/__/libraries/pico-sdk/src/rp2_common/pico_runtime_init/runtime_init.c.obj
                0x10009884                __pre_init_runtime_init_spin_locks_reset
 .preinit_array.01100
                0x10009888        0x4 CMakeFiles/ping_client.dir/__/__/libraries/pico-sdk/src/common/pico_sync/mutex.c.obj
                0x10009888                __pre_init_runtime_init_mutex
 .preinit_array.10080
                0x1000988c        0x4 CMakeFiles/ping_client.dir/__/__/libraries/pico-sdk/src/rp2_common/pico_runtime_init/runtime_init.c.obj
                0x1000988c                __pre_init_runtime_init_install_ram_vector_table
 .preinit_array.11000
                0x10009890        0x4 CMakeFiles/ping_client.dir/__/__/libraries/pico-sdk/src/common/pico_time/time.c.obj
                0x10009890                __pre_init_runtime_init_default_alarm_pool
 .preinit_array.YYYYY
                0x10009894        0x4 CMakeFiles/ping_client.dir/__/__/libraries/pico-sdk/src/rp2_common/pico_runtime/runtime.c.obj
                0x10009894                __pre_init_first_per_core_initializer
 .preinit_array.ZZZZZ.01200
                0x10009898        0x4 CMakeFiles/ping_client.dir/__/__/libraries/pico-sdk/src/rp2_common/hardware_irq/irq.c.obj
                0x10009898                __pre_init_runtime_init_per_core_irq_priorities
 *(.preinit_array)
                0x1000989c                PROVIDE (__preinit_array_end = .)
                0x1000989c                . = ALIGN (0x4)
                0x1000989c                PROVIDE (__init_array_start = .)
 *(SORT_BY_NAME(.init_array.*))
 *(.init_array)
 .init_array    0x1000989c        0x4 c:/progra~2/gnuarm~1/102021~1.10/bin/../lib/gcc/arm-none-eabi/10.3.1/thumb/v6-m/nofp/crtbegin.o
 .init_array    0x100098a0        0x4 CMakeFiles/ping_client.dir/__/__/libraries/pico-sdk/src/rp2_common/pico_unique_id/unique_id.c.obj
                0x100098a4                PROVIDE (__init_array_end = .)
                0x100098a4                . = ALIGN (0x4)
                [!provide]                PROVIDE (__fini_array_start = .)
 *(SORT_BY_NAME(.fini_array.*))
 *(.fini_array)
                [!provide]                PROVIDE (__fini_array_end = .)
 *(.eh_frame*)
 .eh_frame      0x100098a4        0x0 c:/progra~2/gnuarm~1/102021~1.10/bin/../lib/gcc/arm-none-eabi/10.3.1/thumb/v6-m/nofp/crtbegin.o
                0x100098a4                . = ALIGN (0x4)

.glue_7         0x100098a4        0x0
 .glue_7        0x100098a4        0x0 linker stubs

.glue_7t        0x100098a4        0x0
 .glue_7t       0x100098a4        0x0 linker stubs

.vfp11_veneer   0x100098a4        0x0
 .vfp11_veneer  0x100098a4        0x0 linker stubs

.v4_bx          0x100098a4        0x0
 .v4_bx         0x100098a4        0x0 linker stubs

.iplt           0x100098a4        0x0
 .iplt          0x100098a4        0x0 c:/progra~2/gnuarm~1/102021~1.10/bin/../lib/gcc/arm-none-eabi/10.3.1/thumb/v6-m/nofp/crtbegin.o

.rodata         0x100098a8     0x1e38
 *(EXCLUDE_FILE(*libm.a: *libc.a:*lib_a-mem*.o *libgcc.a:) .rodata*)
 .rodata.set_clock_khz.str1.4
                0x100098a8       0x32 CMakeFiles/ping_client.dir/ping_client.c.obj
 *fill*         0x100098da        0x2 
 .rodata.net_info
                0x100098dc       0x68 CMakeFiles/ping_client.dir/ping_client.c.obj
 .rodata.rp2040_chip_version.str1.4
                0x10009944       0x89 CMakeFiles/ping_client.dir/__/__/libraries/pico-sdk/src/rp2040/pico_platform/platform.c.obj
 *fill*         0x100099cd        0x3 
 .rodata.__func__.0
                0x100099d0       0x14 CMakeFiles/ping_client.dir/__/__/libraries/pico-sdk/src/rp2040/pico_platform/platform.c.obj
 .rodata.panic.str1.4
                0x100099e4       0x10 CMakeFiles/ping_client.dir/__/__/libraries/pico-sdk/src/rp2_common/pico_platform_panic/panic.c.obj
                                 0x12 (size before relaxing)
 .rodata.hw_claim_clear.str1.4
                0x100099f4       0x70 CMakeFiles/ping_client.dir/__/__/libraries/pico-sdk/src/common/hardware_claim/claim.c.obj
 .rodata.__func__.0
                0x10009a64        0xf CMakeFiles/ping_client.dir/__/__/libraries/pico-sdk/src/common/hardware_claim/claim.c.obj
 *fill*         0x10009a73        0x1 
 .rodata.spin_lock_claim_unused.str1.4
                0x10009a74       0x1b CMakeFiles/ping_client.dir/__/__/libraries/pico-sdk/src/rp2_common/hardware_sync/sync.c.obj
 *fill*         0x10009a8f        0x1 
 .rodata.make_j_16.str1.4
                0x10009a90       0x80 CMakeFiles/ping_client.dir/__/__/libraries/pico-sdk/src/rp2_common/hardware_irq/irq.c.obj
 .rodata.irq_set_exclusive_handler.str1.4
                0x10009b10       0x36 CMakeFiles/ping_client.dir/__/__/libraries/pico-sdk/src/rp2_common/hardware_irq/irq.c.obj
 *fill*         0x10009b46        0x2 
 .rodata.irq_add_shared_handler.str1.4
                0x10009b48       0xe9 CMakeFiles/ping_client.dir/__/__/libraries/pico-sdk/src/rp2_common/hardware_irq/irq.c.obj
 *fill*         0x10009c31        0x3 
 .rodata.irq_add_tail_to_free_list.str1.4
                0x10009c34       0x3a CMakeFiles/ping_client.dir/__/__/libraries/pico-sdk/src/rp2_common/hardware_irq/irq.c.obj
 *fill*         0x10009c6e        0x2 
 .rodata.user_irq_claim_unused.str1.4
                0x10009c70       0x1b CMakeFiles/ping_client.dir/__/__/libraries/pico-sdk/src/rp2_common/hardware_irq/irq.c.obj
 *fill*         0x10009c8b        0x1 
 .rodata.__func__.0
                0x10009c8c       0x1a CMakeFiles/ping_client.dir/__/__/libraries/pico-sdk/src/rp2_common/hardware_irq/irq.c.obj
 *fill*         0x10009ca6        0x2 
 .rodata.__func__.3
                0x10009ca8        0xa CMakeFiles/ping_client.dir/__/__/libraries/pico-sdk/src/rp2_common/hardware_irq/irq.c.obj
 *fill*         0x10009cb2        0x2 
 .rodata.__func__.4
                0x10009cb4        0xd CMakeFiles/ping_client.dir/__/__/libraries/pico-sdk/src/rp2_common/hardware_irq/irq.c.obj
 *fill*         0x10009cc1        0x3 
 .rodata.__func__.5
                0x10009cc4       0x17 CMakeFiles/ping_client.dir/__/__/libraries/pico-sdk/src/rp2_common/hardware_irq/irq.c.obj
 *fill*         0x10009cdb        0x1 
 .rodata.__func__.6
                0x10009cdc       0x1a CMakeFiles/ping_client.dir/__/__/libraries/pico-sdk/src/rp2_common/hardware_irq/irq.c.obj
 *fill*         0x10009cf6        0x2 
 .rodata.runtime_init_mutex.str1.4
                0x10009cf8       0x6b CMakeFiles/ping_client.dir/__/__/libraries/pico-sdk/src/common/pico_sync/mutex.c.obj
 *fill*         0x10009d63        0x1 
 .rodata.str1.4
                0x10009d64       0x51 CMakeFiles/ping_client.dir/__/__/libraries/pico-sdk/src/common/pico_sync/mutex.c.obj
 *fill*         0x10009db5        0x3 
 .rodata.__func__.1
                0x10009db8        0xb CMakeFiles/ping_client.dir/__/__/libraries/pico-sdk/src/common/pico_sync/mutex.c.obj
 *fill*         0x10009dc3        0x1 
 .rodata.__func__.3
                0x10009dc4       0x18 CMakeFiles/ping_client.dir/__/__/libraries/pico-sdk/src/common/pico_sync/mutex.c.obj
 .rodata.__func__.6
                0x10009ddc       0x13 CMakeFiles/ping_client.dir/__/__/libraries/pico-sdk/src/common/pico_sync/mutex.c.obj
 *fill*         0x10009def        0x1 
 .rodata.alarm_pool_irq_handler.str1.4
                0x10009df0       0x76 CMakeFiles/ping_client.dir/__/__/libraries/pico-sdk/src/common/pico_time/time.c.obj
 *fill*         0x10009e66        0x2 
 .rodata.alarm_pool_get_default.str1.4
                0x10009e68       0x21 CMakeFiles/ping_client.dir/__/__/libraries/pico-sdk/src/common/pico_time/time.c.obj
 *fill*         0x10009e89        0x3 
 .rodata.sleep_until.str1.4
                0x10009e8c       0x4d CMakeFiles/ping_client.dir/__/__/libraries/pico-sdk/src/common/pico_time/time.c.obj
 *fill*         0x10009ed9        0x3 
 .rodata.__func__.1
                0x10009edc       0x17 CMakeFiles/ping_client.dir/__/__/libraries/pico-sdk/src/common/pico_time/time.c.obj
 *fill*         0x10009ef3        0x1 
 .rodata.__func__.2
                0x10009ef4       0x17 CMakeFiles/ping_client.dir/__/__/libraries/pico-sdk/src/common/pico_time/time.c.obj
 *fill*         0x10009f0b        0x1 
 .rodata.timer_hardware_alarm_claim.str1.4
                0x10009f0c       0x22 CMakeFiles/ping_client.dir/__/__/libraries/pico-sdk/src/rp2_common/hardware_timer/timer.c.obj
 *fill*         0x10009f2e        0x2 
 .rodata.clock_configure.str1.4
                0x10009f30       0x6a CMakeFiles/ping_client.dir/__/__/libraries/pico-sdk/src/rp2_common/hardware_clocks/clocks.c.obj
 *fill*         0x10009f9a        0x2 
 .rodata.__func__.1
                0x10009f9c       0x10 CMakeFiles/ping_client.dir/__/__/libraries/pico-sdk/src/rp2_common/hardware_clocks/clocks.c.obj
 .rodata.pll_init.str1.4
                0x10009fac      0x124 CMakeFiles/ping_client.dir/__/__/libraries/pico-sdk/src/rp2_common/hardware_pll/pll.c.obj
 .rodata.__func__.0
                0x1000a0d0        0x9 CMakeFiles/ping_client.dir/__/__/libraries/pico-sdk/src/rp2_common/hardware_pll/pll.c.obj
 *fill*         0x1000a0d9        0x3 
 .rodata.__aeabi_double_init.str1.4
                0x1000a0dc       0xa6 CMakeFiles/ping_client.dir/__/__/libraries/pico-sdk/src/rp2_common/pico_double/double_init_rom_rp2040.c.obj
 *fill*         0x1000a182        0x2 
 .rodata.__func__.0
                0x1000a184       0x14 CMakeFiles/ping_client.dir/__/__/libraries/pico-sdk/src/rp2_common/pico_double/double_init_rom_rp2040.c.obj
 .rodata.__aeabi_float_init.str1.4
                0x1000a198       0x94 CMakeFiles/ping_client.dir/__/__/libraries/pico-sdk/src/rp2_common/pico_float/float_init_rom_rp2040.c.obj
                                 0x98 (size before relaxing)
 .rodata.__func__.0
                0x1000a22c       0x13 CMakeFiles/ping_client.dir/__/__/libraries/pico-sdk/src/rp2_common/pico_float/float_init_rom_rp2040.c.obj
 *fill*         0x1000a23f        0x1 
 .rodata.str1.4
                0x1000a240       0x30 CMakeFiles/ping_client.dir/__/__/libraries/pico-sdk/src/rp2_common/pico_standard_binary_info/standard_binary_info.c.obj
 .rodata.__bi_26
                0x1000a270        0xc CMakeFiles/ping_client.dir/__/__/libraries/pico-sdk/src/rp2_common/pico_standard_binary_info/standard_binary_info.c.obj
 .rodata.__bi_34
                0x1000a27c        0xc CMakeFiles/ping_client.dir/__/__/libraries/pico-sdk/src/rp2_common/pico_standard_binary_info/standard_binary_info.c.obj
 .rodata.__bi_42
                0x1000a288        0xc CMakeFiles/ping_client.dir/__/__/libraries/pico-sdk/src/rp2_common/pico_standard_binary_info/standard_binary_info.c.obj
 .rodata.__bi_48
                0x1000a294        0xc CMakeFiles/ping_client.dir/__/__/libraries/pico-sdk/src/rp2_common/pico_standard_binary_info/standard_binary_info.c.obj
 .rodata.__bi_54
                0x1000a2a0        0xc CMakeFiles/ping_client.dir/__/__/libraries/pico-sdk/src/rp2_common/pico_standard_binary_info/standard_binary_info.c.obj
 .rodata.__bi_84
                0x1000a2ac        0xc CMakeFiles/ping_client.dir/__/__/libraries/pico-sdk/src/rp2_common/pico_standard_binary_info/standard_binary_info.c.obj
 .rodata._ftoa.str1.4
                0x1000a2b8       0x15 CMakeFiles/ping_client.dir/__/__/libraries/pico-sdk/src/rp2_common/pico_printf/printf.c.obj
 *fill*         0x1000a2cd        0x3 
 .rodata._vsnprintf
                0x1000a2d0      0x1e0 CMakeFiles/ping_client.dir/__/__/libraries/pico-sdk/src/rp2_common/pico_printf/printf.c.obj
 .rodata.pow10.0
                0x1000a4b0       0x50 CMakeFiles/ping_client.dir/__/__/libraries/pico-sdk/src/rp2_common/pico_printf/printf.c.obj
 .rodata.__assert_func.str1.4
                0x1000a500       0x3f CMakeFiles/ping_client.dir/__/__/libraries/pico-sdk/src/rp2_common/pico_clib_interface/newlib_interface.c.obj
                                 0x43 (size before relaxing)
 *fill*         0x1000a53f        0x1 
 .rodata.crlf_str.0
                0x1000a540        0x2 CMakeFiles/ping_client.dir/__/__/libraries/pico-sdk/src/rp2_common/pico_stdio/stdio.c.obj
 *fill*         0x1000a542        0x2 
 .rodata._resetd_driver
                0x1000a544       0x20 CMakeFiles/ping_client.dir/__/__/libraries/pico-sdk/src/rp2_common/pico_stdio_usb/reset_interface.c.obj
 .rodata.desc_bos
                0x1000a564       0x21 CMakeFiles/ping_client.dir/__/__/libraries/pico-sdk/src/rp2_common/pico_stdio_usb/reset_interface.c.obj
                0x1000a564                desc_bos
 *fill*         0x1000a585        0x3 
 .rodata.desc_ms_os_20